Component: ARM Compiler 5.06 update 7 (build 960) Tool: armlink [4d3601]

==============================================================================

Section Cross References

    startup_stm32f103xb.o(RESET) refers to startup_stm32f103xb.o(STACK) for __initial_sp
    startup_stm32f103xb.o(RESET) refers to startup_stm32f103xb.o(.text) for Reset_Handler
    startup_stm32f103xb.o(RESET) refers to stm32f1xx_it.o(i.NMI_Handler) for NMI_Handler
    startup_stm32f103xb.o(RESET) refers to stm32f1xx_it.o(i.HardFault_Handler) for HardFault_Handler
    startup_stm32f103xb.o(RESET) refers to stm32f1xx_it.o(i.MemManage_Handler) for MemManage_Handler
    startup_stm32f103xb.o(RESET) refers to stm32f1xx_it.o(i.BusFault_Handler) for BusFault_Handler
    startup_stm32f103xb.o(RESET) refers to stm32f1xx_it.o(i.UsageFault_Handler) for UsageFault_Handler
    startup_stm32f103xb.o(RESET) refers to stm32f1xx_it.o(i.SVC_Handler) for SVC_Handler
    startup_stm32f103xb.o(RESET) refers to stm32f1xx_it.o(i.DebugMon_Handler) for DebugMon_Handler
    startup_stm32f103xb.o(RESET) refers to stm32f1xx_it.o(i.PendSV_Handler) for PendSV_Handler
    startup_stm32f103xb.o(RESET) refers to stm32f1xx_it.o(i.SysTick_Handler) for SysTick_Handler
    startup_stm32f103xb.o(RESET) refers to stm32f1xx_it.o(i.EXTI3_IRQHandler) for EXTI3_IRQHandler
    startup_stm32f103xb.o(RESET) refers to stm32f1xx_it.o(i.DMA1_Channel1_IRQHandler) for DMA1_Channel1_IRQHandler
    startup_stm32f103xb.o(RESET) refers to stm32f1xx_it.o(i.DMA1_Channel5_IRQHandler) for DMA1_Channel5_IRQHandler
    startup_stm32f103xb.o(RESET) refers to stm32f1xx_it.o(i.USART1_IRQHandler) for USART1_IRQHandler
    startup_stm32f103xb.o(RESET) refers to stm32f1xx_it.o(i.EXTI15_10_IRQHandler) for EXTI15_10_IRQHandler
    startup_stm32f103xb.o(.text) refers to system_stm32f1xx.o(i.SystemInit) for SystemInit
    startup_stm32f103xb.o(.text) refers to entry.o(.ARM.Collect$$$$00000000) for __main
    main.o(i.Error_Handler) refers to application.o(i.Application_Error_Handler) for Application_Error_Handler
    main.o(i.SystemClock_Config) refers to memseta.o(.text) for __aeabi_memclr4
    main.o(i.SystemClock_Config) refers to stm32f1xx_hal_rcc.o(i.HAL_RCC_OscConfig) for HAL_RCC_OscConfig
    main.o(i.SystemClock_Config) refers to main.o(i.Error_Handler) for Error_Handler
    main.o(i.SystemClock_Config) refers to stm32f1xx_hal_rcc.o(i.HAL_RCC_ClockConfig) for HAL_RCC_ClockConfig
    main.o(i.SystemClock_Config) refers to stm32f1xx_hal_rcc_ex.o(i.HAL_RCCEx_PeriphCLKConfig) for HAL_RCCEx_PeriphCLKConfig
    main.o(i.SystemClock_Config) refers to stm32f1xx_hal_rcc.o(i.HAL_RCC_EnableCSS) for HAL_RCC_EnableCSS
    main.o(i.main) refers to stm32f1xx_hal.o(i.HAL_Init) for HAL_Init
    main.o(i.main) refers to main.o(i.SystemClock_Config) for SystemClock_Config
    main.o(i.main) refers to gpio.o(i.MX_GPIO_Init) for MX_GPIO_Init
    main.o(i.main) refers to dma.o(i.MX_DMA_Init) for MX_DMA_Init
    main.o(i.main) refers to adc.o(i.MX_ADC1_Init) for MX_ADC1_Init
    main.o(i.main) refers to spi.o(i.MX_SPI2_Init) for MX_SPI2_Init
    main.o(i.main) refers to tim.o(i.MX_TIM1_Init) for MX_TIM1_Init
    main.o(i.main) refers to usart.o(i.MX_USART1_UART_Init) for MX_USART1_UART_Init
    main.o(i.main) refers to tim.o(i.MX_TIM2_Init) for MX_TIM2_Init
    main.o(i.main) refers to application_init.o(i.Application_Init) for Application_Init
    main.o(i.main) refers to application.o(i.Application_main) for Application_main
    gpio.o(i.MX_GPIO_Init) refers to stm32f1xx_hal_gpio.o(i.HAL_GPIO_WritePin) for HAL_GPIO_WritePin
    gpio.o(i.MX_GPIO_Init) refers to stm32f1xx_hal_gpio.o(i.HAL_GPIO_Init) for HAL_GPIO_Init
    gpio.o(i.MX_GPIO_Init) refers to stm32f1xx_hal_cortex.o(i.HAL_NVIC_SetPriority) for HAL_NVIC_SetPriority
    gpio.o(i.MX_GPIO_Init) refers to stm32f1xx_hal_cortex.o(i.HAL_NVIC_EnableIRQ) for HAL_NVIC_EnableIRQ
    adc.o(i.HAL_ADC_MspDeInit) refers to stm32f1xx_hal_gpio.o(i.HAL_GPIO_DeInit) for HAL_GPIO_DeInit
    adc.o(i.HAL_ADC_MspDeInit) refers to stm32f1xx_hal_dma.o(i.HAL_DMA_DeInit) for HAL_DMA_DeInit
    adc.o(i.HAL_ADC_MspInit) refers to stm32f1xx_hal_gpio.o(i.HAL_GPIO_Init) for HAL_GPIO_Init
    adc.o(i.HAL_ADC_MspInit) refers to stm32f1xx_hal_dma.o(i.HAL_DMA_Init) for HAL_DMA_Init
    adc.o(i.HAL_ADC_MspInit) refers to main.o(i.Error_Handler) for Error_Handler
    adc.o(i.HAL_ADC_MspInit) refers to adc.o(.bss) for hdma_adc1
    adc.o(i.MX_ADC1_Init) refers to stm32f1xx_hal_adc.o(i.HAL_ADC_Init) for HAL_ADC_Init
    adc.o(i.MX_ADC1_Init) refers to main.o(i.Error_Handler) for Error_Handler
    adc.o(i.MX_ADC1_Init) refers to stm32f1xx_hal_adc.o(i.HAL_ADC_ConfigChannel) for HAL_ADC_ConfigChannel
    adc.o(i.MX_ADC1_Init) refers to adc.o(.bss) for hadc1
    dma.o(i.MX_DMA_Init) refers to stm32f1xx_hal_cortex.o(i.HAL_NVIC_SetPriority) for HAL_NVIC_SetPriority
    dma.o(i.MX_DMA_Init) refers to stm32f1xx_hal_cortex.o(i.HAL_NVIC_EnableIRQ) for HAL_NVIC_EnableIRQ
[...]
    i.TIM_ITRx_SetConfig                     0x08005974   Section        0  stm32f1xx_hal_tim.o(i.TIM_ITRx_SetConfig)
    TIM_ITRx_SetConfig                       0x08005975   Thumb Code    18  stm32f1xx_hal_tim.o(i.TIM_ITRx_SetConfig)
    i.TIM_OC1_SetConfig                      0x08005988   Section        0  stm32f1xx_hal_tim.o(i.TIM_OC1_SetConfig)
    TIM_OC1_SetConfig                        0x08005989   Thumb Code    90  stm32f1xx_hal_tim.o(i.TIM_OC1_SetConfig)
    i.TIM_OC2_SetConfig                      0x080059e8   Section        0  stm32f1xx_hal_tim.o(i.TIM_OC2_SetConfig)
    i.TIM_OC3_SetConfig                      0x08005a50   Section        0  stm32f1xx_hal_tim.o(i.TIM_OC3_SetConfig)
    TIM_OC3_SetConfig                        0x08005a51   Thumb Code    98  stm32f1xx_hal_tim.o(i.TIM_OC3_SetConfig)
    i.TIM_OC4_SetConfig                      0x08005ab8   Section        0  stm32f1xx_hal_tim.o(i.TIM_OC4_SetConfig)
    TIM_OC4_SetConfig                        0x08005ab9   Thumb Code    68  stm32f1xx_hal_tim.o(i.TIM_OC4_SetConfig)
    i.TIM_TI1_ConfigInputStage               0x08005b00   Section        0  stm32f1xx_hal_tim.o(i.TIM_TI1_ConfigInputStage)
    TIM_TI1_ConfigInputStage                 0x08005b01   Thumb Code    38  stm32f1xx_hal_tim.o(i.TIM_TI1_ConfigInputStage)
    i.TIM_TI2_ConfigInputStage               0x08005b26   Section        0  stm32f1xx_hal_tim.o(i.TIM_TI2_ConfigInputStage)
    TIM_TI2_ConfigInputStage                 0x08005b27   Thumb Code    40  stm32f1xx_hal_tim.o(i.TIM_TI2_ConfigInputStage)
    i.UART_DMAAbortOnError                   0x08005b4e   Section        0  stm32f1xx_hal_uart.o(i.UART_DMAAbortOnError)
    UART_DMAAbortOnError                     0x08005b4f   Thumb Code    20  stm32f1xx_hal_uart.o(i.UART_DMAAbortOnError)
    i.UART_EndRxTransfer                     0x08005b62   Section        0  stm32f1xx_hal_uart.o(i.UART_EndRxTransfer)
    UART_EndRxTransfer                       0x08005b63   Thumb Code   108  stm32f1xx_hal_uart.o(i.UART_EndRxTransfer)
    i.UART_EndTransmit_IT                    0x08005bce   Section        0  stm32f1xx_hal_uart.o(i.UART_EndTransmit_IT)
    UART_EndTransmit_IT                      0x08005bcf   Thumb Code    32  stm32f1xx_hal_uart.o(i.UART_EndTransmit_IT)
    i.UART_Receive_IT                        0x08005bee   Section        0  stm32f1xx_hal_uart.o(i.UART_Receive_IT)
    UART_Receive_IT                          0x08005bef   Thumb Code   252  stm32f1xx_hal_uart.o(i.UART_Receive_IT)
    i.UART_SetConfig                         0x08005cec   Section        0  stm32f1xx_hal_uart.o(i.UART_SetConfig)
    UART_SetConfig                           0x08005ced   Thumb Code   248  stm32f1xx_hal_uart.o(i.UART_SetConfig)
    i.UART_Start_Receive_IT                  0x08005de8   Section        0  stm32f1xx_hal_uart.o(i.UART_Start_Receive_IT)
    i.UART_Transmit_IT                       0x08005e28   Section        0  stm32f1xx_hal_uart.o(i.UART_Transmit_IT)
    UART_Transmit_IT                         0x08005e29   Thumb Code    96  stm32f1xx_hal_uart.o(i.UART_Transmit_IT)
    i.UART_WaitOnFlagUntilTimeout            0x08005e88   Section        0  stm32f1xx_hal_uart.o(i.UART_WaitOnFlagUntilTimeout)
    UART_WaitOnFlagUntilTimeout              0x08005e89   Thumb Code   146  stm32f1xx_hal_uart.o(i.UART_WaitOnFlagUntilTimeout)
    i.USART1_IRQHandler                      0x08005f1c   Section        0  stm32f1xx_it.o(i.USART1_IRQHandler)
    i.UsageFault_Handler                     0x08005f2c   Section        0  stm32f1xx_it.o(i.UsageFault_Handler)
    i.__0printf$2                            0x08005f30   Section        0  printf2.o(i.__0printf$2)
    i.__NVIC_GetPriorityGrouping             0x08005f50   Section        0  stm32f1xx_hal_cortex.o(i.__NVIC_GetPriorityGrouping)
    __NVIC_GetPriorityGrouping               0x08005f51   Thumb Code    10  stm32f1xx_hal_cortex.o(i.__NVIC_GetPriorityGrouping)
    i.__NVIC_SetPriority                     0x08005f60   Section        0  stm32f1xx_hal_cortex.o(i.__NVIC_SetPriority)
    __NVIC_SetPriority                       0x08005f61   Thumb Code    32  stm32f1xx_hal_cortex.o(i.__NVIC_SetPriority)
    i.__scatterload_copy                     0x08005f88   Section       14  handlers.o(i.__scatterload_copy)
    i.__scatterload_null                     0x08005f96   Section        2  handlers.o(i.__scatterload_null)
    i.__scatterload_zeroinit                 0x08005f98   Section       14  handlers.o(i.__scatterload_zeroinit)
    i._printf_core                           0x08005fa6   Section        0  printf2.o(i._printf_core)
    _printf_core                             0x08005fa7   Thumb Code   214  printf2.o(i._printf_core)
    i.ascii_process                          0x0800607c   Section        0  uart_debug.o(i.ascii_process)
    i.delay                                  0x080060e0   Section        0  lcd_init.o(i.delay)
    i.fputc                                  0x08006100   Section        0  uart_debug.o(i.fputc)
    i.i2c_NAck                               0x0800611c   Section        0  application_sc8815.o(i.i2c_NAck)
    i.i2c_ReadByte                           0x08006150   Section        0  application_sc8815.o(i.i2c_ReadByte)
    i.i2c_SendByte                           0x08006198   Section        0  application_sc8815.o(i.i2c_SendByte)
    i.i2c_Start                              0x080061ec   Section        0  application_sc8815.o(i.i2c_Start)
    i.i2c_Stop                               0x08006228   Section        0  application_sc8815.o(i.i2c_Stop)
    i.i2c_WaitAck                            0x08006254   Section        0  application_sc8815.o(i.i2c_WaitAck)
    i.key2_button_process                    0x08006288   Section        0  application.o(i.key2_button_process)
    i.key4_button_process                    0x08006350   Section        0  application.o(i.key4_button_process)
    i.main                                   0x0800642c   Section        0  main.o(i.main)
    i.mypow                                  0x0800645c   Section        0  lcd.o(i.mypow)
    i.setCSEL_handler                        0x08006474   Section        0  uart_debug.o(i.setCSEL_handler)
    setCSEL_handler                          0x08006475   Thumb Code    46  uart_debug.o(i.setCSEL_handler)
    i.setDITHER_handler                      0x080064ac   Section        0  uart_debug.o(i.setDITHER_handler)
    setDITHER_handler                        0x080064ad   Thumb Code    50  uart_debug.o(i.setDITHER_handler)
    i.setDeadTime_handler                    0x080064ec   Section        0  uart_debug.o(i.setDeadTime_handler)
    setDeadTime_handler                      0x080064ed   Thumb Code    46  uart_debug.o(i.setDeadTime_handler)
    i.setFB_Mode_handler                     0x08006524   Section        0  uart_debug.o(i.setFB_Mode_handler)
    setFB_Mode_handler                       0x08006525   Thumb Code    46  uart_debug.o(i.setFB_Mode_handler)
    i.setIBAT_handler                        0x0800655c   Section        0  uart_debug.o(i.setIBAT_handler)
    setIBAT_handler                          0x0800655d   Thumb Code    52  uart_debug.o(i.setIBAT_handler)
    i.setIBUS_handler                        0x08006598   Section        0  uart_debug.o(i.setIBUS_handler)
    setIBUS_handler                          0x08006599   Thumb Code    56  uart_debug.o(i.setIBUS_handler)
    i.setILIM_BW_handler                     0x080065d8   Section        0  uart_debug.o(i.setILIM_BW_handler)
    setILIM_BW_handler                       0x080065d9   Thumb Code    46  uart_debug.o(i.setILIM_BW_handler)
    i.setIRCOMP_handler                      0x08006610   Section        0  uart_debug.o(i.setIRCOMP_handler)
    setIRCOMP_handler                        0x08006611   Thumb Code    50  uart_debug.o(i.setIRCOMP_handler)
    i.setSLEW_SET_handler                    0x08006650   Section        0  uart_debug.o(i.setSLEW_SET_handler)
    setSLEW_SET_handler                      0x08006651   Thumb Code    50  uart_debug.o(i.setSLEW_SET_handler)
    i.setSW_FREQ_handler                     0x08006690   Section        0  uart_debug.o(i.setSW_FREQ_handler)
    setSW_FREQ_handler                       0x08006691   Thumb Code    50  uart_debug.o(i.setSW_FREQ_handler)
    i.setVBAT_SEL_handler                    0x080066d0   Section        0  uart_debug.o(i.setVBAT_SEL_handler)
    setVBAT_SEL_handler                      0x080066d1   Thumb Code    50  uart_debug.o(i.setVBAT_SEL_handler)
    i.setVBUS_handler                        0x08006710   Section        0  uart_debug.o(i.setVBUS_handler)
    setVBUS_handler                          0x08006711   Thumb Code    56  uart_debug.o(i.setVBUS_handler)
    i.setVCELL_handler                       0x08006750   Section        0  uart_debug.o(i.setVCELL_handler)
    setVCELL_handler                         0x08006751   Thumb Code    50  uart_debug.o(i.setVCELL_handler)
    i.splitString                            0x08006790   Section        0  uart_debug.o(i.splitString)
    .constdata                               0x080067d6   Section       18  stm32f1xx_hal_rcc.o(.constdata)
    aPLLMULFactorTable                       0x080067d6   Data          16  stm32f1xx_hal_rcc.o(.constdata)
    aPredivFactorTable                       0x080067e6   Data           2  stm32f1xx_hal_rcc.o(.constdata)
    .constdata                               0x080067e8   Section       18  stm32f1xx_hal_rcc_ex.o(.constdata)
    aPLLMULFactorTable                       0x080067e8   Data          16  stm32f1xx_hal_rcc_ex.o(.constdata)
    aPredivFactorTable                       0x080067f8   Data           2  stm32f1xx_hal_rcc_ex.o(.constdata)
    .constdata                               0x080067fa   Section       24  system_stm32f1xx.o(.constdata)
    .constdata                               0x08006814   Section      104  uart_debug.o(.constdata)
    handler_map_static                       0x08006814   Data         104  uart_debug.o(.constdata)
    .constdata                               0x0800687c   Section    14620  lcd.o(.constdata)
    .constdata                               0x0800a198   Section       64  ctype_c.o(.constdata)
    .conststring                             0x0800a1d8   Section      138  uart_debug.o(.conststring)
    .data                                    0x20000000   Section        9  stm32f1xx_hal.o(.data)
    .data                                    0x2000000c   Section        4  system_stm32f1xx.o(.data)
    .data                                    0x20000010   Section       13  application.o(.data)
    .data                                    0x20000020   Section       20  application_callback.o(.data)
    .data                                    0x20000034   Section        8  uart_debug.o(.data)
    .data                                    0x2000003c   Section        5  ch224k.o(.data)
    .data                                    0x20000041   Section        9  sc8815.o(.data)
    .data                                    0x2000004a   Section        8  application_adc.o(.data)
    .data                                    0x20000054   Section        4  strtok.o(.data)
    state                                    0x20000054   Data           4  strtok.o(.data)
    .data                                    0x20000058   Section        4  stdout.o(.data)
    .bss                                     0x2000005c   Section      116  adc.o(.bss)
    .bss                                     0x200000d0   Section      156  spi.o(.bss)
    .bss                                     0x2000016c   Section      144  tim.o(.bss)
    .bss                                     0x200001fc   Section       72  usart.o(.bss)
    .bss                                     0x20000248   Section       32  stm32f1xx_hal_flash.o(.bss)
    .bss                                     0x20000268   Section       20  uart_debug.o(.bss)
    .bss                                     0x2000027c   Section       21  sc8815.o(.bss)
    .bss                                     0x20000294   Section     3484  application_sc8815.o(.bss)
    SC8815_Preset                            0x200002b0   Data         160  application_sc8815.o(.bss)
    SC8815_TIM_Work                          0x20000350   Data        3280  application_sc8815.o(.bss)
    .bss                                     0x20001030   Section     1056  stmflash.o(.bss)
    STACK                                    0x20001450   Section     1024  startup_stm32f103xb.o(STACK)

    Global Symbols

    Symbol Name                              Value     Ov Type        Size  Object(Section)

    BuildAttributes$$THM_ISAv4$P$D$K$B$S$PE$A:L22UL41UL21$X:L11$S22US41US21$IEEE1$IW$USESV6$~STKCKD$USESV7$~SHL$OTIME$ROPI$EBA8$MICROLIB$REQ8$PRES8$EABIv2 0x00000000   Number         0  anon$$obj.o ABSOLUTE
    __ARM_use_no_argv                        0x00000000   Number         0  main.o ABSOLUTE
    _printf_a                                0x00000000   Number         0  stubs.o ABSOLUTE
    _printf_c                                0x00000000   Number         0  stubs.o ABSOLUTE
    _printf_charcount                        0x00000000   Number         0  stubs.o ABSOLUTE
    _printf_d                                0x00000000   Number         0  stubs.o ABSOLUTE
    _printf_e                                0x00000000   Number         0  stubs.o ABSOLUTE
    _printf_f                                0x00000000   Number         0  stubs.o ABSOLUTE
    _printf_flags                            0x00000000   Number         0  stubs.o ABSOLUTE
    _printf_fp_dec                           0x00000000   Number         0  stubs.o ABSOLUTE
    _printf_fp_hex                           0x00000000   Number         0  stubs.o ABSOLUTE
    _printf_g                                0x00000000   Number         0  stubs.o ABSOLUTE
    _printf_i                                0x00000000   Number         0  stubs.o ABSOLUTE
    _printf_int_dec                          0x00000000   Number         0  stubs.o ABSOLUTE
    _printf_l                                0x00000000   Number         0  stubs.o ABSOLUTE
    _printf_lc                               0x00000000   Number         0  stubs.o ABSOLUTE
    _printf_ll                               0x00000000   Number         0  stubs.o ABSOLUTE
    _printf_lld                              0x00000000   Number         0  stubs.o ABSOLUTE
    _printf_lli                              0x00000000   Number         0  stubs.o ABSOLUTE
    _printf_llo                              0x00000000   Number         0  stubs.o ABSOLUTE
    _printf_llu                              0x00000000   Number         0  stubs.o ABSOLUTE
    _printf_llx                              0x00000000   Number         0  stubs.o ABSOLUTE
    _printf_longlong_dec                     0x00000000   Number         0  stubs.o ABSOLUTE
    _printf_longlong_hex                     0x00000000   Number         0  stubs.o ABSOLUTE
    _printf_longlong_oct                     0x00000000   Number         0  stubs.o ABSOLUTE
    _printf_ls                               0x00000000   Number         0  stubs.o ABSOLUTE
    _printf_mbtowc                           0x00000000   Number         0  stubs.o ABSOLUTE
    _printf_n                                0x00000000   Number         0  stubs.o ABSOLUTE
    _printf_o                                0x00000000   Number         0  stubs.o ABSOLUTE
    _printf_p                                0x00000000   Number         0  stubs.o ABSOLUTE
    _printf_percent                          0x00000000   Number         0  stubs.o ABSOLUTE
    _printf_pre_padding                      0x00000000   Number         0  stubs.o ABSOLUTE
    _printf_return_value                     0x00000000   Number         0  stubs.o ABSOLUTE
    _printf_s                                0x00000000   Number         0  stubs.o ABSOLUTE
    _printf_sizespec                         0x00000000   Number         0  stubs.o ABSOLUTE
    _printf_str                              0x00000000   Number         0  stubs.o ABSOLUTE
    _printf_truncate_signed                  0x00000000   Number         0  stubs.o ABSOLUTE
    _printf_truncate_unsigned                0x00000000   Number         0  stubs.o ABSOLUTE
    _printf_u                                0x00000000   Number         0  stubs.o ABSOLUTE
    _printf_wc                               0x00000000   Number         0  stubs.o ABSOLUTE
    _printf_wctomb                           0x00000000   Number         0  stubs.o ABSOLUTE
    _printf_widthprec                        0x00000000   Number         0  stubs.o ABSOLUTE
    _printf_x                                0x00000000   Number         0  stubs.o ABSOLUTE
    __arm_fini_                               - Undefined Weak Reference
    __cpp_initialize__aeabi_                  - Undefined Weak Reference
    __cxa_finalize                            - Undefined Weak Reference
    __decompress                              - Undefined Weak Reference
    _clock_init                               - Undefined Weak Reference
    _microlib_exit                            - Undefined Weak Reference
    _scanf_longlong                           - Undefined Weak Reference
    _scanf_real                               - Undefined Weak Reference
    _scanf_string                             - Undefined Weak Reference
    __Vectors_Size                           0x000000ec   Number         0  startup_stm32f103xb.o ABSOLUTE
    __Vectors                                0x08000000   Data           4  startup_stm32f103xb.o(RESET)
    __Vectors_End                            0x080000ec   Data           0  startup_stm32f103xb.o(RESET)
    __main                                   0x080000ed   Thumb Code     0  entry.o(.ARM.Collect$$$$00000000)
    _main_stk                                0x080000ed   Thumb Code     0  entry2.o(.ARM.Collect$$$$00000001)
    _main_scatterload                        0x080000f1   Thumb Code     0  entry5.o(.ARM.Collect$$$$00000004)
    __main_after_scatterload                 0x080000f5   Thumb Code     0  entry5.o(.ARM.Collect$$$$00000004)
    _main_clock                              0x080000f5   Thumb Code     0  entry7b.o(.ARM.Collect$$$$00000008)
    _main_cpp_init                           0x080000f5   Thumb Code     0  entry8b.o(.ARM.Collect$$$$0000000A)
    _main_init                               0x080000f5   Thumb Code     0  entry9a.o(.ARM.Collect$$$$0000000B)
    __rt_lib_shutdown_fini                   0x080000fd   Thumb Code     0  entry12b.o(.ARM.Collect$$$$0000000E)
    __rt_final_cpp                           0x08000101   Thumb Code     0  entry10a.o(.ARM.Collect$$$$0000000F)
    __rt_final_exit                          0x08000101   Thumb Code     0  entry11a.o(.ARM.Collect$$$$00000011)
    Reset_Handler                            0x08000105   Thumb Code     8  startup_stm32f103xb.o(.text)
    ADC1_2_IRQHandler                        0x0800011f   Thumb Code     0  startup_stm32f103xb.o(.text)
    CAN1_RX1_IRQHandler                      0x0800011f   Thumb Code     0  startup_stm32f103xb.o(.text)
    CAN1_SCE_IRQHandler                      0x0800011f   Thumb Code     0  startup_stm32f103xb.o(.text)
    DMA1_Channel2_IRQHandler                 0x0800011f   Thumb Code     0  startup_stm32f103xb.o(.text)
    DMA1_Channel3_IRQHandler                 0x0800011f   Thumb Code     0  startup_stm32f103xb.o(.text)
    DMA1_Channel4_IRQHandler                 0x0800011f   Thumb Code     0  startup_stm32f103xb.o(.text)
    DMA1_Channel6_IRQHandler                 0x0800011f   Thumb Code     0  startup_stm32f103xb.o(.text)
    DMA1_Channel7_IRQHandler                 0x0800011f   Thumb Code     0  startup_stm32f103xb.o(.text)
    EXTI0_IRQHandler                         0x0800011f   Thumb Code     0  startup_stm32f103xb.o(.text)
    EXTI1_IRQHandler                         0x0800011f   Thumb Code     0  startup_stm32f103xb.o(.text)
    EXTI2_IRQHandler                         0x0800011f   Thumb Code     0  startup_stm32f103xb.o(.text)
    EXTI4_IRQHandler                         0x0800011f   Thumb Code     0  startup_stm32f103xb.o(.text)
    EXTI9_5_IRQHandler                       0x0800011f   Thumb Code     0  startup_stm32f103xb.o(.text)
    FLASH_IRQHandler                         0x0800011f   Thumb Code     0  startup_stm32f103xb.o(.text)
    I2C1_ER_IRQHandler                       0x0800011f   Thumb Code     0  startup_stm32f103xb.o(.text)
    I2C1_EV_IRQHandler                       0x0800011f   Thumb Code     0  startup_stm32f103xb.o(.text)
    I2C2_ER_IRQHandler                       0x0800011f   Thumb Code     0  startup_stm32f103xb.o(.text)
    I2C2_EV_IRQHandler                       0x0800011f   Thumb Code     0  startup_stm32f103xb.o(.text)
    PVD_IRQHandler                           0x0800011f   Thumb Code     0  startup_stm32f103xb.o(.text)
    RCC_IRQHandler                           0x0800011f   Thumb Code     0  startup_stm32f103xb.o(.text)
    RTC_Alarm_IRQHandler                     0x0800011f   Thumb Code     0  startup_stm32f103xb.o(.text)
    RTC_IRQHandler                           0x0800011f   Thumb Code     0  startup_stm32f103xb.o(.text)
    SPI1_IRQHandler                          0x0800011f   Thumb Code     0  startup_stm32f103xb.o(.text)
    SPI2_IRQHandler                          0x0800011f   Thumb Code     0  startup_stm32f103xb.o(.text)
    TAMPER_IRQHandler                        0x0800011f   Thumb Code     0  startup_stm32f103xb.o(.text)
    TIM1_BRK_IRQHandler                      0x0800011f   Thumb Code     0  startup_stm32f103xb.o(.text)
    TIM1_CC_IRQHandler                       0x0800011f   Thumb Code     0  startup_stm32f103xb.o(.text)
    TIM1_TRG_COM_IRQHandler                  0x0800011f   Thumb Code     0  startup_stm32f103xb.o(.text)
    TIM1_UP_IRQHandler                       0x0800011f   Thumb Code     0  startup_stm32f103xb.o(.text)
    TIM2_IRQHandler                          0x0800011f   Thumb Code     0  startup_stm32f103xb.o(.text)
    TIM3_IRQHandler                          0x0800011f   Thumb Code     0  startup_stm32f103xb.o(.text)
    TIM4_IRQHandler                          0x0800011f   Thumb Code     0  startup_stm32f103xb.o(.text)
    USART2_IRQHandler                        0x0800011f   Thumb Code     0  startup_stm32f103xb.o(.text)
    USART3_IRQHandler                        0x0800011f   Thumb Code     0  startup_stm32f103xb.o(.text)
    USBWakeUp_IRQHandler                     0x0800011f   Thumb Code     0  startup_stm32f103xb.o(.text)
    USB_HP_CAN1_TX_IRQHandler                0x0800011f   Thumb Code     0  startup_stm32f103xb.o(.text)
    USB_LP_CAN1_RX0_IRQHandler               0x0800011f   Thumb Code     0  startup_stm32f103xb.o(.text)
    WWDG_IRQHandler                          0x0800011f   Thumb Code     0  startup_stm32f103xb.o(.text)
    __aeabi_llsr                             0x08000129   Thumb Code    32  llushr.o(.text)
    _ll_ushift_r                             0x08000129   Thumb Code     0  llushr.o(.text)
    __aeabi_memset                           0x08000149   Thumb Code    14  memseta.o(.text)
    __aeabi_memset4                          0x08000149   Thumb Code     0  memseta.o(.text)
    __aeabi_memset8                          0x08000149   Thumb Code     0  memseta.o(.text)
    __aeabi_memclr                           0x08000157   Thumb Code     4  memseta.o(.text)
    __aeabi_memclr4                          0x08000157   Thumb Code     0  memseta.o(.text)
    __aeabi_memclr8                          0x08000157   Thumb Code     0  memseta.o(.text)
    _memset$wrapper                          0x0800015b   Thumb Code    18  memseta.o(.text)
    strtok                                   0x0800016d   Thumb Code    62  strtok.o(.text)
    strcasecmp                               0x080001b1   Thumb Code    42  strcasecmp.o(.text)
    __0sscanf                                0x080001dd   Thumb Code    48  __0sscanf.o(.text)
    _scanf_int                               0x08000215   Thumb Code   332  _scanf_int.o(.text)
    __aeabi_fadd                             0x08000361   Thumb Code   164  fadd.o(.text)
    __aeabi_fsub                             0x08000405   Thumb Code     6  fadd.o(.text)
    __aeabi_frsub                            0x0800040b   Thumb Code     6  fadd.o(.text)
    __aeabi_fmul                             0x08000411   Thumb Code   100  fmul.o(.text)
    __aeabi_fdiv                             0x08000475   Thumb Code   124  fdiv.o(.text)
    __aeabi_dmul                             0x080004f1   Thumb Code   228  dmul.o(.text)
    __aeabi_ddiv                             0x080005d5   Thumb Code   222  ddiv.o(.text)
    __aeabi_i2f                              0x080006b3   Thumb Code    18  fflti.o(.text)
    __aeabi_ui2f                             0x080006c5   Thumb Code    10  ffltui.o(.text)
    __aeabi_ui2d                             0x080006cf   Thumb Code    26  dfltui.o(.text)
    __aeabi_f2uiz                            0x080006e9   Thumb Code    40  ffixui.o(.text)
    __aeabi_d2uiz                            0x08000711   Thumb Code    50  dfixui.o(.text)
    __aeabi_f2d                              0x08000743   Thumb Code    38  f2d.o(.text)
    __aeabi_d2f                              0x08000769   Thumb Code    56  d2f.o(.text)
    __aeabi_cfcmpeq                          0x080007a1   Thumb Code     0  cfcmple.o(.text)
    __aeabi_cfcmple                          0x080007a1   Thumb Code    20  cfcmple.o(.text)
    __aeabi_cfrcmple                         0x080007b5   Thumb Code    20  cfrcmple.o(.text)
    __aeabi_llsl                             0x080007c9   Thumb Code    30  llshl.o(.text)
    _ll_shift_l                              0x080007c9   Thumb Code     0  llshl.o(.text)
    tolower                                  0x080007e7   Thumb Code    12  tolower.o(.text)
    _chval                                   0x080007f3   Thumb Code    28  _chval.o(.text)
    __vfscanf_char                           0x0800081d   Thumb Code    20  scanf_char.o(.text)
    _sgetc                                   0x08000839   Thumb Code    30  _sgetc.o(.text)
    _sbackspace                              0x08000857   Thumb Code    34  _sgetc.o(.text)
    __I$use$fp                               0x08000879   Thumb Code     0  iusefp.o(.text)
    _float_round                             0x08000879   Thumb Code    18  fepilogue.o(.text)
    _float_epilogue                          0x0800088b   Thumb Code    92  fepilogue.o(.text)
    _double_round                            0x080008e7   Thumb Code    30  depilogue.o(.text)
    _double_epilogue                         0x08000905   Thumb Code   156  depilogue.o(.text)
    __scatterload                            0x080009a1   Thumb Code    28  init.o(.text)
    __scatterload_rt2                        0x080009a1   Thumb Code     0  init.o(.text)
    isspace                                  0x080009c5   Thumb Code    10  isspace_c.o(.text)
    __vfscanf                                0x080009d1   Thumb Code   810  _scanf.o(.text)
    __ctype_lookup                           0x08000d01   Thumb Code    34  ctype_c.o(.text)
    ADC_ConversionStop_Disable               0x08000d29   Thumb Code    92  stm32f1xx_hal_adc.o(i.ADC_ConversionStop_Disable)
    ADC_Enable                               0x08000d85   Thumb Code   134  stm32f1xx_hal_adc.o(i.ADC_Enable)
    APP_LCD_Show                             0x08000e15   Thumb Code   104  application_lcd.o(i.APP_LCD_Show)
    APP_LCD_ShowIOUT                         0x08000e81   Thumb Code   144  application_lcd.o(i.APP_LCD_ShowIOUT)
    APP_LCD_ShowISET                         0x08000f1d   Thumb Code   150  application_lcd.o(i.APP_LCD_ShowISET)
    APP_LCD_ShowVOUT                         0x08000fc9   Thumb Code   144  application_lcd.o(i.APP_LCD_ShowVOUT)
    APP_LCD_ShowVSET                         0x08001065   Thumb Code   146  application_lcd.o(i.APP_LCD_ShowVSET)
    APP_LCD_Show_SETIOUT                     0x0800110d   Thumb Code   146  application_lcd.o(i.APP_LCD_Show_SETIOUT)
    APP_LCD_Show_SETVOUT                     0x080011b9   Thumb Code   146  application_lcd.o(i.APP_LCD_Show_SETVOUT)
    APP_LCD_Show_VINProtectMode              0x08001265   Thumb Code    26  application_lcd.o(i.APP_LCD_Show_VINProtectMode)
    APP_LCD_Show_VOUTProtectMode             0x0800128d   Thumb Code    26  application_lcd.o(i.APP_LCD_Show_VOUTProtectMode)
    APP_LCD_Show_fastChargeMod               0x080012b9   Thumb Code   140  application_lcd.o(i.APP_LCD_Show_fastChargeMod)
    App_getIBUS_A                            0x08001355   Thumb Code    60  application_adc.o(i.App_getIBUS_A)
    App_getVBAT_mV                           0x080013a5   Thumb Code    60  application_adc.o(i.App_getVBAT_mV)
    App_getVBUS_V                            0x080013f1   Thumb Code    50  application_adc.o(i.App_getVBUS_V)
    Application_CH224K_init                  0x08001431   Thumb Code   232  ch224k.o(i.Application_CH224K_init)
    Application_Error_Handler                0x08001535   Thumb Code    10  application.o(i.Application_Error_Handler)
    Application_Init                         0x08001551   Thumb Code    92  application_init.o(i.Application_Init)
    Application_SC8815_Init                  0x080015cd   Thumb Code   244  application_sc8815.o(i.Application_SC8815_Init)
    Application_SC8815_Run                   0x080016ed   Thumb Code    36  application_sc8815.o(i.Application_SC8815_Run)
    Application_SC8815_Standby               0x08001719   Thumb Code    34  application_sc8815.o(i.Application_SC8815_Standby)
    Application_SC8815_loadStart             0x08001745   Thumb Code    38  application_sc8815.o(i.Application_SC8815_loadStart)
    Application_SoftwareDelay                0x08001771   Thumb Code    32  application.o(i.Application_SoftwareDelay)
    Application_main                         0x08001791   Thumb Code    58  application.o(i.Application_main)
    BUZZER_OPEN                              0x080017d5   Thumb Code    28  application_buzzer.o(i.BUZZER_OPEN)
    BusFault_Handler                         0x080017f5   Thumb Code     4  stm32f1xx_it.o(i.BusFault_Handler)
    CH224K_12V                               0x080017f9   Thumb Code    34  ch224k.o(i.CH224K_12V)
    CH224K_15V                               0x08001821   Thumb Code    34  ch224k.o(i.CH224K_15V)
    CH224K_20V                               0x08001849   Thumb Code    34  ch224k.o(i.CH224K_20V)
    CH224K_5V                                0x08001871   Thumb Code    14  ch224k.o(i.CH224K_5V)
    CH224K_9V                                0x08001885   Thumb Code    34  ch224k.o(i.CH224K_9V)
    DMA1_Channel1_IRQHandler                 0x080018ad   Thumb Code    10  stm32f1xx_it.o(i.DMA1_Channel1_IRQHandler)
    DMA1_Channel5_IRQHandler                 0x080018bd   Thumb Code    10  stm32f1xx_it.o(i.DMA1_Channel5_IRQHandler)
    DebugMon_Handler                         0x080018f9   Thumb Code     2  stm32f1xx_it.o(i.DebugMon_Handler)
    EXTI15_10_IRQHandler                     0x080018fb   Thumb Code    28  stm32f1xx_it.o(i.EXTI15_10_IRQHandler)
    EXTI3_IRQHandler                         0x08001917   Thumb Code    10  stm32f1xx_it.o(i.EXTI3_IRQHandler)
    Error_Handler                            0x08001921   Thumb Code    10  main.o(i.Error_Handler)
    FLASH_WaitForLastOperation               0x080019d1   Thumb Code   106  stm32f1xx_hal_flash.o(i.FLASH_WaitForLastOperation)
    Flash_PageErase                          0x08001a41   Thumb Code    32  stmflash.o(i.Flash_PageErase)
    HAL_ADCEx_Calibration_Start              0x08001a69   Thumb Code   278  stm32f1xx_hal_adc_ex.o(i.HAL_ADCEx_Calibration_Start)
    HAL_ADC_ConfigChannel                    0x08001b85   Thumb Code   338  stm32f1xx_hal_adc.o(i.HAL_ADC_ConfigChannel)
    HAL_ADC_Init                             0x08001ce5   Thumb Code   314  stm32f1xx_hal_adc.o(i.HAL_ADC_Init)
    HAL_ADC_MspInit                          0x08001e29   Thumb Code   154  adc.o(i.HAL_ADC_MspInit)
    HAL_DMA_Abort                            0x08001ed9   Thumb Code    86  stm32f1xx_hal_dma.o(i.HAL_DMA_Abort)
    HAL_DMA_Abort_IT                         0x08001f31   Thumb Code   172  stm32f1xx_hal_dma.o(i.HAL_DMA_Abort_IT)
    HAL_DMA_GetState                         0x08001fe1   Thumb Code     8  stm32f1xx_hal_dma.o(i.HAL_DMA_GetState)
    HAL_DMA_IRQHandler                       0x08001fe9   Thumb Code   408  stm32f1xx_hal_dma.o(i.HAL_DMA_IRQHandler)
    HAL_DMA_Init                             0x08002185   Thumb Code   100  stm32f1xx_hal_dma.o(i.HAL_DMA_Init)
    HAL_DMA_Start_IT                         0x080021ed   Thumb Code   156  stm32f1xx_hal_dma.o(i.HAL_DMA_Start_IT)
    HAL_Delay                                0x08002289   Thumb Code    36  stm32f1xx_hal.o(i.HAL_Delay)
    HAL_FLASH_Lock                           0x080022b1   Thumb Code    16  stm32f1xx_hal_flash.o(i.HAL_FLASH_Lock)
    HAL_FLASH_Program                        0x080022c5   Thumb Code   168  stm32f1xx_hal_flash.o(i.HAL_FLASH_Program)
    HAL_FLASH_Unlock                         0x08002375   Thumb Code    36  stm32f1xx_hal_flash.o(i.HAL_FLASH_Unlock)
    HAL_GPIO_EXTI_Callback                   0x080023a5   Thumb Code   814  application_callback.o(i.HAL_GPIO_EXTI_Callback)
    HAL_GPIO_EXTI_IRQHandler                 0x08002719   Thumb Code    24  stm32f1xx_hal_gpio.o(i.HAL_GPIO_EXTI_IRQHandler)
    HAL_GPIO_Init                            0x08002735   Thumb Code   766  stm32f1xx_hal_gpio.o(i.HAL_GPIO_Init)
    HAL_GPIO_ReadPin                         0x08002a55   Thumb Code    16  stm32f1xx_hal_gpio.o(i.HAL_GPIO_ReadPin)
    HAL_GPIO_WritePin                        0x08002a65   Thumb Code    12  stm32f1xx_hal_gpio.o(i.HAL_GPIO_WritePin)
    HAL_GetTick                              0x08002a71   Thumb Code     6  stm32f1xx_hal.o(i.HAL_GetTick)
    HAL_IncTick                              0x08002a7d   Thumb Code    16  stm32f1xx_hal.o(i.HAL_IncTick)
    HAL_Init                                 0x08002a95   Thumb Code    34  stm32f1xx_hal.o(i.HAL_Init)
    HAL_InitTick                             0x08002abd   Thumb Code    64  stm32f1xx_hal.o(i.HAL_InitTick)
    HAL_MspInit                              0x08002b09   Thumb Code    76  stm32f1xx_hal_msp.o(i.HAL_MspInit)
    HAL_NVIC_EnableIRQ                       0x08002b5d   Thumb Code    32  stm32f1xx_hal_cortex.o(i.HAL_NVIC_EnableIRQ)
    HAL_NVIC_SetPriority                     0x08002b7d   Thumb Code   124  stm32f1xx_hal_cortex.o(i.HAL_NVIC_SetPriority)
    HAL_NVIC_SetPriorityGrouping             0x08002bf9   Thumb Code    32  stm32f1xx_hal_cortex.o(i.HAL_NVIC_SetPriorityGrouping)
    HAL_RCCEx_GetPeriphCLKFreq               0x08002c21   Thumb Code   232  stm32f1xx_hal_rcc_ex.o(i.HAL_RCCEx_GetPeriphCLKFreq)
    HAL_RCCEx_PeriphCLKConfig                0x08002d1d   Thumb Code   290  stm32f1xx_hal_rcc_ex.o(i.HAL_RCCEx_PeriphCLKConfig)
    HAL_RCC_CSSCallback                      0x08002e4d   Thumb Code     2  stm32f1xx_hal_rcc.o(i.HAL_RCC_CSSCallback)
    HAL_RCC_ClockConfig                      0x08002e51   Thumb Code   376  stm32f1xx_hal_rcc.o(i.HAL_RCC_ClockConfig)
    HAL_RCC_EnableCSS                        0x08002fdd   Thumb Code     8  stm32f1xx_hal_rcc.o(i.HAL_RCC_EnableCSS)
    HAL_RCC_GetHCLKFreq                      0x08002fe9   Thumb Code     6  stm32f1xx_hal_rcc.o(i.HAL_RCC_GetHCLKFreq)
    HAL_RCC_GetPCLK1Freq                     0x08002ff5   Thumb Code    22  stm32f1xx_hal_rcc.o(i.HAL_RCC_GetPCLK1Freq)
    HAL_RCC_GetPCLK2Freq                     0x08003015   Thumb Code    22  stm32f1xx_hal_rcc.o(i.HAL_RCC_GetPCLK2Freq)
    HAL_RCC_GetSysClockFreq                  0x08003035   Thumb Code    92  stm32f1xx_hal_rcc.o(i.HAL_RCC_GetSysClockFreq)
    HAL_RCC_NMI_IRQHandler                   0x080030a5   Thumb Code    26  stm32f1xx_hal_rcc.o(i.HAL_RCC_NMI_IRQHandler)
    HAL_RCC_OscConfig                        0x080030c5   Thumb Code  1114  stm32f1xx_hal_rcc.o(i.HAL_RCC_OscConfig)
    HAL_SPI_ErrorCallback                    0x08003529   Thumb Code     2  stm32f1xx_hal_spi.o(i.HAL_SPI_ErrorCallback)
    HAL_SPI_GetState                         0x0800352b   Thumb Code     8  stm32f1xx_hal_spi.o(i.HAL_SPI_GetState)
    HAL_SPI_Init                             0x08003533   Thumb Code   190  stm32f1xx_hal_spi.o(i.HAL_SPI_Init)
    HAL_SPI_MspInit                          0x080035f1   Thumb Code   158  spi.o(i.HAL_SPI_MspInit)
    HAL_SPI_Transmit                         0x080036a5   Thumb Code   444  stm32f1xx_hal_spi.o(i.HAL_SPI_Transmit)
    HAL_SPI_Transmit_DMA                     0x08003861   Thumb Code   234  stm32f1xx_hal_spi.o(i.HAL_SPI_Transmit_DMA)
    HAL_SPI_TxCpltCallback                   0x08003959   Thumb Code     2  stm32f1xx_hal_spi.o(i.HAL_SPI_TxCpltCallback)
    HAL_SPI_TxHalfCpltCallback               0x0800395b   Thumb Code     2  stm32f1xx_hal_spi.o(i.HAL_SPI_TxHalfCpltCallback)
    HAL_SYSTICK_Config                       0x0800395d   Thumb Code    52  stm32f1xx_hal_cortex.o(i.HAL_SYSTICK_Config)
    HAL_TIMEx_ConfigBreakDeadTime            0x08003991   Thumb Code   116  stm32f1xx_hal_tim_ex.o(i.HAL_TIMEx_ConfigBreakDeadTime)
    HAL_TIMEx_MasterConfigSynchronization    0x08003a05   Thumb Code   118  stm32f1xx_hal_tim_ex.o(i.HAL_TIMEx_MasterConfigSynchronization)
    HAL_TIM_Base_Init                        0x08003a89   Thumb Code   102  stm32f1xx_hal_tim.o(i.HAL_TIM_Base_Init)
    HAL_TIM_Base_MspInit                     0x08003af1   Thumb Code    40  tim.o(i.HAL_TIM_Base_MspInit)
    HAL_TIM_ConfigClockSource                0x08003b1d   Thumb Code   268  stm32f1xx_hal_tim.o(i.HAL_TIM_ConfigClockSource)
    HAL_TIM_MspPostInit                      0x08003c29   Thumb Code    74  tim.o(i.HAL_TIM_MspPostInit)
    HAL_TIM_PWM_ConfigChannel                0x08003c81   Thumb Code   260  stm32f1xx_hal_tim.o(i.HAL_TIM_PWM_ConfigChannel)
    HAL_TIM_PWM_Init                         0x08003d85   Thumb Code   102  stm32f1xx_hal_tim.o(i.HAL_TIM_PWM_Init)
    HAL_TIM_PWM_MspInit                      0x08003ded   Thumb Code    40  tim.o(i.HAL_TIM_PWM_MspInit)
    HAL_TIM_PWM_Start                        0x08003e1d   Thumb Code   198  stm32f1xx_hal_tim.o(i.HAL_TIM_PWM_Start)
    HAL_TIM_PWM_Stop                         0x08003ef1   Thumb Code   152  stm32f1xx_hal_tim.o(i.HAL_TIM_PWM_Stop)
    HAL_UARTEx_RxEventCallback               0x08003f8d   Thumb Code     2  stm32f1xx_hal_uart.o(i.HAL_UARTEx_RxEventCallback)
    HAL_UART_ErrorCallback                   0x08003f8f   Thumb Code     2  stm32f1xx_hal_uart.o(i.HAL_UART_ErrorCallback)
    HAL_UART_IRQHandler                      0x08003f91   Thumb Code   736  stm32f1xx_hal_uart.o(i.HAL_UART_IRQHandler)
    HAL_UART_Init                            0x08004275   Thumb Code   118  stm32f1xx_hal_uart.o(i.HAL_UART_Init)
    HAL_UART_MspInit                         0x080042ed   Thumb Code   138  usart.o(i.HAL_UART_MspInit)
    HAL_UART_Receive_IT                      0x08004385   Thumb Code    44  stm32f1xx_hal_uart.o(i.HAL_UART_Receive_IT)
    HAL_UART_RxCpltCallback                  0x080043b1   Thumb Code   132  application_callback.o(i.HAL_UART_RxCpltCallback)
    HAL_UART_Transmit                        0x0800446d   Thumb Code   178  stm32f1xx_hal_uart.o(i.HAL_UART_Transmit)
    HAL_UART_TxCpltCallback                  0x0800451f   Thumb Code     2  stm32f1xx_hal_uart.o(i.HAL_UART_TxCpltCallback)
    HardFault_Handler                        0x08004521   Thumb Code     4  stm32f1xx_it.o(i.HardFault_Handler)
    I2C_ReadRegByte                          0x08004525   Thumb Code    62  application_sc8815.o(i.I2C_ReadRegByte)
    I2C_WriteRegByte                         0x08004565   Thumb Code    92  application_sc8815.o(i.I2C_WriteRegByte)
    IIC_delay                                0x080045e5   Thumb Code    10  application_sc8815.o(i.IIC_delay)
    LCD_Address_Set                          0x080045ef   Thumb Code    74  lcd_init.o(i.LCD_Address_Set)
    LCD_DrawPoint                            0x08004639   Thumb Code    28  lcd.o(i.LCD_DrawPoint)
    LCD_Fill_DMA                             0x08004655   Thumb Code   146  lcd.o(i.LCD_Fill_DMA)
    LCD_Init                                 0x080046f1   Thumb Code   376  lcd_init.o(i.LCD_Init)
    LCD_ShowChar                             0x08004869   Thumb Code   328  lcd.o(i.LCD_ShowChar)
    LCD_ShowFloatNum                         0x080049c1   Thumb Code   158  lcd.o(i.LCD_ShowFloatNum)
    LCD_ShowIntNum                           0x08004a65   Thumb Code   150  lcd.o(i.LCD_ShowIntNum)
    LCD_ShowString                           0x08004afb   Thumb Code    66  lcd.o(i.LCD_ShowString)
    LCD_WR_DATA                              0x08004b3d   Thumb Code    18  lcd_init.o(i.LCD_WR_DATA)
    LCD_WR_DATA8                             0x08004b4f   Thumb Code    12  lcd_init.o(i.LCD_WR_DATA8)
    LCD_WR_REG                               0x08004b5d   Thumb Code    34  lcd_init.o(i.LCD_WR_REG)
    LCD_Writ_Bus                             0x08004b85   Thumb Code    28  lcd_init.o(i.LCD_Writ_Bus)
    MX_ADC1_Init                             0x08004ba5   Thumb Code   152  adc.o(i.MX_ADC1_Init)
    MX_DMA_Init                              0x08004c45   Thumb Code    64  dma.o(i.MX_DMA_Init)
    MX_GPIO_Init                             0x08004c89   Thumb Code   398  gpio.o(i.MX_GPIO_Init)
    MX_SPI2_Init                             0x08004e31   Thumb Code    76  spi.o(i.MX_SPI2_Init)
    MX_TIM1_Init                             0x08004e85   Thumb Code   170  tim.o(i.MX_TIM1_Init)
    MX_TIM2_Init                             0x08004f39   Thumb Code   104  tim.o(i.MX_TIM2_Init)
    MX_USART1_UART_Init                      0x08004fa5   Thumb Code    46  usart.o(i.MX_USART1_UART_Init)
    MemManage_Handler                        0x08004fdd   Thumb Code     4  stm32f1xx_it.o(i.MemManage_Handler)
    NMI_Handler                              0x08004fe1   Thumb Code     8  stm32f1xx_it.o(i.NMI_Handler)
    PendSV_Handler                           0x08004fe9   Thumb Code     2  stm32f1xx_it.o(i.PendSV_Handler)
    SC8815_ADC_Enable                        0x08005015   Thumb Code    26  sc8815.o(i.SC8815_ADC_Enable)
    SC8815_BatteryConfig                     0x0800502f   Thumb Code    30  sc8815.o(i.SC8815_BatteryConfig)
    SC8815_ConfigInterruptMask               0x0800504d   Thumb Code    88  sc8815.o(i.SC8815_ConfigInterruptMask)
    SC8815_HardwareInit                      0x080050a5   Thumb Code   196  sc8815.o(i.SC8815_HardwareInit)
    SC8815_OTG_Enable                        0x08005169   Thumb Code    26  sc8815.o(i.SC8815_OTG_Enable)
    SC8815_PGATE_Disable                     0x08005183   Thumb Code    26  sc8815.o(i.SC8815_PGATE_Disable)
    SC8815_Preset_Save                       0x0800519d   Thumb Code    26  application_sc8815.o(i.SC8815_Preset_Save)
    SC8815_SFB_Disable                       0x080051c1   Thumb Code    26  sc8815.o(i.SC8815_SFB_Disable)
    SC8815_SFB_Enable                        0x080051db   Thumb Code    26  sc8815.o(i.SC8815_SFB_Enable)
    SC8815_SetBatteryCell                    0x080051f5   Thumb Code    32  sc8815.o(i.SC8815_SetBatteryCell)
    SC8815_SetBatteryCurrLimit               0x08005215   Thumb Code    62  sc8815.o(i.SC8815_SetBatteryCurrLimit)
    SC8815_SetBusCurrentLimit                0x08005253   Thumb Code    62  sc8815.o(i.SC8815_SetBusCurrentLimit)
    SC8815_SetDeadTime                       0x08005291   Thumb Code    70  sc8815.o(i.SC8815_SetDeadTime)
    SC8815_SetILIMBW                         0x080052d7   Thumb Code    54  sc8815.o(i.SC8815_SetILIMBW)
    SC8815_SetOutputVoltage                  0x0800530d   Thumb Code   290  sc8815.o(i.SC8815_SetOutputVoltage)
    SC8815_SetVBUSFBMode                     0x08005441   Thumb Code    32  sc8815.o(i.SC8815_SetVBUSFBMode)
    SET_LED1_Status                          0x08005465   Thumb Code    48  application.o(i.SET_LED1_Status)
    STMFLASH_Read                            0x08005651   Thumb Code    34  stmflash.o(i.STMFLASH_Read)
    STMFLASH_ReadHalfWord                    0x08005673   Thumb Code     6  stmflash.o(i.STMFLASH_ReadHalfWord)
    STMFLASH_Write                           0x08005679   Thumb Code   252  stmflash.o(i.STMFLASH_Write)
    STMFLASH_Write_NoCheck                   0x08005781   Thumb Code    44  stmflash.o(i.STMFLASH_Write_NoCheck)
    SVC_Handler                              0x080057ad   Thumb Code     2  stm32f1xx_it.o(i.SVC_Handler)
    SoftwareDelay                            0x080057af   Thumb Code    12  application_sc8815.o(i.SoftwareDelay)
    SysTick_Handler                          0x080057bb   Thumb Code     8  stm32f1xx_it.o(i.SysTick_Handler)
    SystemClock_Config                       0x080057c3   Thumb Code   138  main.o(i.SystemClock_Config)
    SystemInit                               0x0800584d   Thumb Code     2  system_stm32f1xx.o(i.SystemInit)
    TIM2_Delay1us                            0x08005851   Thumb Code   116  tim.o(i.TIM2_Delay1us)
    TIM_Base_SetConfig                       0x080058c9   Thumb Code   104  stm32f1xx_hal_tim.o(i.TIM_Base_SetConfig)
    TIM_CCxChannelCmd                        0x0800593d   Thumb Code    34  stm32f1xx_hal_tim.o(i.TIM_CCxChannelCmd)
    TIM_ETR_SetConfig                        0x0800595f   Thumb Code    22  stm32f1xx_hal_tim.o(i.TIM_ETR_SetConfig)
    TIM_OC2_SetConfig                        0x080059e9   Thumb Code   100  stm32f1xx_hal_tim.o(i.TIM_OC2_SetConfig)
    UART_Start_Receive_IT                    0x08005de9   Thumb Code    64  stm32f1xx_hal_uart.o(i.UART_Start_Receive_IT)
    USART1_IRQHandler                        0x08005f1d   Thumb Code    10  stm32f1xx_it.o(i.USART1_IRQHandler)
    UsageFault_Handler                       0x08005f2d   Thumb Code     4  stm32f1xx_it.o(i.UsageFault_Handler)
    __0printf$2                              0x08005f31   Thumb Code    22  printf2.o(i.__0printf$2)
    __1printf$2                              0x08005f31   Thumb Code     0  printf2.o(i.__0printf$2)
    __2printf                                0x08005f31   Thumb Code     0  printf2.o(i.__0printf$2)
    __scatterload_copy                       0x08005f89   Thumb Code    14  handlers.o(i.__scatterload_copy)
    __scatterload_null                       0x08005f97   Thumb Code     2  handlers.o(i.__scatterload_null)
    __scatterload_zeroinit                   0x08005f99   Thumb Code    14  handlers.o(i.__scatterload_zeroinit)
    ascii_process                            0x0800607d   Thumb Code    96  uart_debug.o(i.ascii_process)
    delay                                    0x080060e1   Thumb Code    32  lcd_init.o(i.delay)
    fputc                                    0x08006101   Thumb Code    22  uart_debug.o(i.fputc)
    i2c_NAck                                 0x0800611d   Thumb Code    46  application_sc8815.o(i.i2c_NAck)
    i2c_ReadByte                             0x08006151   Thumb Code    66  application_sc8815.o(i.i2c_ReadByte)
    i2c_SendByte                             0x08006199   Thumb Code    78  application_sc8815.o(i.i2c_SendByte)
    i2c_Start                                0x080061ed   Thumb Code    56  application_sc8815.o(i.i2c_Start)
    i2c_Stop                                 0x08006229   Thumb Code    38  application_sc8815.o(i.i2c_Stop)
    i2c_WaitAck                              0x08006255   Thumb Code    46  application_sc8815.o(i.i2c_WaitAck)
    key2_button_process                      0x08006289   Thumb Code   172  application.o(i.key2_button_process)
    key4_button_process                      0x08006351   Thumb Code   204  application.o(i.key4_button_process)
    main                                     0x0800642d   Thumb Code    48  main.o(i.main)
    mypow                                    0x0800645d   Thumb Code    22  lcd.o(i.mypow)
    splitString                              0x08006791   Thumb Code    70  uart_debug.o(i.splitString)
    AHBPrescTable                            0x080067fa   Data          16  system_stm32f1xx.o(.constdata)
    APBPrescTable                            0x0800680a   Data           8  system_stm32f1xx.o(.constdata)
    ascii_1206                               0x0800687c   Data        1140  lcd.o(.constdata)
    ascii_1608                               0x08006cf0   Data        1520  lcd.o(.constdata)
    ascii_2412                               0x080072e0   Data        4560  lcd.o(.constdata)
    ascii_3216                               0x080084b0   Data        6080  lcd.o(.constdata)
    tfont12                                  0x08009c70   Data         130  lcd.o(.constdata)
    tfont16                                  0x08009cf2   Data         170  lcd.o(.constdata)
    tfont24                                  0x08009d9c   Data         370  lcd.o(.constdata)
    tfont32                                  0x08009f0e   Data         650  lcd.o(.constdata)
    __ctype_categories                       0x0800a198   Data          64  ctype_c.o(.constdata)
    Region$$Table$$Base                      0x0800a264   Number         0  anon$$obj.o(Region$$Table)
    Region$$Table$$Limit                     0x0800a284   Number         0  anon$$obj.o(Region$$Table)
    uwTick                                   0x20000000   Data           4  stm32f1xx_hal.o(.data)
    uwTickPrio                               0x20000004   Data           4  stm32f1xx_hal.o(.data)
    uwTickFreq                               0x20000008   Data           1  stm32f1xx_hal.o(.data)
    SystemCoreClock                          0x2000000c   Data           4  system_stm32f1xx.o(.data)
    APP_config                               0x20000010   Data           6  application.o(.data)
    key2PressStartTime                       0x20000018   Data           4  application.o(.data)
    key2_press                               0x2000001c   Data           1  application.o(.data)
    Value_count                              0x20000020   Data           4  application_callback.o(.data)
    Encoder_A_Last_Value                     0x20000024   Data           4  application_callback.o(.data)
    Encoder_B_Last_Value                     0x20000028   Data           4  application_callback.o(.data)
    Encoder_A_Value                          0x2000002c   Data           4  application_callback.o(.data)
    Encoder_B_Value                          0x20000030   Data           4  application_callback.o(.data)
    cmd_Index                                0x20000034   Data           1  uart_debug.o(.data)
    uart1_Receive_Data                       0x20000035   Data           1  uart_debug.o(.data)
    handler_map                              0x20000038   Data           4  uart_debug.o(.data)
    fastCharge_list                          0x2000003c   Data           5  ch224k.o(.data)
    SC8815_BatteryConfigStruct               0x20000041   Data           4  sc8815.o(.data)
    SC8815_InterruptMaskInitStruct           0x20000045   Data           5  sc8815.o(.data)
    ADC_Value                                0x2000004a   Data           8  application_adc.o(.data)
    __stdout                                 0x20000058   Data           4  stdout.o(.data)
    hadc1                                    0x2000005c   Data          48  adc.o(.bss)
    hdma_adc1                                0x2000008c   Data          68  adc.o(.bss)
    hspi2                                    0x200000d0   Data          88  spi.o(.bss)
    hdma_spi2_tx                             0x20000128   Data          68  spi.o(.bss)
    htim1                                    0x2000016c   Data          72  tim.o(.bss)
    htim2                                    0x200001b4   Data          72  tim.o(.bss)
    huart1                                   0x200001fc   Data          72  usart.o(.bss)
    pFlash                                   0x20000248   Data          32  stm32f1xx_hal_flash.o(.bss)
    uart1_Cmd                                0x20000268   Data          20  uart_debug.o(.bss)
    SC8815_HardwareInitStruct                0x2000027c   Data          21  sc8815.o(.bss)
    SC8815_Config                            0x20000294   Data          28  application_sc8815.o(.bss)
    SC8815_Preset2                           0x20001020   Data          16  application_sc8815.o(.bss)
    p_Flash                                  0x20001030   Data          32  stmflash.o(.bss)
    STMFLASH_BUF                             0x20001050   Data        1024  stmflash.o(.bss)
    __initial_sp                             0x20001850   Data           0  startup_stm32f103xb.o(STACK)



==============================================================================

Memory Map of the image

  Image Entry point : 0x080000ed

  Load Region LR_IROM1 (Base: 0x08000000, Size: 0x0000a2e0, Max: 0x00010000, ABSOLUTE)

    Execution Region ER_IROM1 (Exec base: 0x08000000, Load base: 0x08000000, Size: 0x0000a284, Max: 0x00010000, ABSOLUTE)

    Exec Addr    Load Addr    Size         Type   Attr      Idx    E Section Name        Object

    0x08000000   0x08000000   0x000000ec   Data   RO            3    RESET               startup_stm32f103xb.o
    0x080000ec   0x080000ec   0x00000000   Code   RO         5042  * .ARM.Collect$$$$00000000  mc_w.l(entry.o)
    0x080000ec   0x080000ec   0x00000004   Code   RO         5358    .ARM.Collect$$$$00000001  mc_w.l(entry2.o)
    0x080000f0   0x080000f0   0x00000004   Code   RO         5361    .ARM.Collect$$$$00000004  mc_w.l(entry5.o)
    0x080000f4   0x080000f4   0x00000000   Code   RO         5363    .ARM.Collect$$$$00000008  mc_w.l(entry7b.o)
    0x080000f4   0x080000f4   0x00000000   Code   RO         5365    .ARM.Collect$$$$0000000A  mc_w.l(entry8b.o)
    0x080000f4   0x080000f4   0x00000008   Code   RO         5366    .ARM.Collect$$$$0000000B  mc_w.l(entry9a.o)
    0x080000fc   0x080000fc   0x00000004   Code   RO         5373    .ARM.Collect$$$$0000000E  mc_w.l(entry12b.o)
    0x08000100   0x08000100   0x00000000   Code   RO         5368    .ARM.Collect$$$$0000000F  mc_w.l(entry10a.o)
    0x08000100   0x08000100   0x00000000   Code   RO         5370    .ARM.Collect$$$$00000011  mc_w.l(entry11a.o)
    0x08000100   0x08000100   0x00000004   Code   RO         5359    .ARM.Collect$$$$00002712  mc_w.l(entry2.o)
    0x08000104   0x08000104   0x00000024   Code   RO            4    .text               startup_stm32f103xb.o
    0x08000128   0x08000128   0x00000020   Code   RO         5045    .text               mc_w.l(llushr.o)
    0x08000148   0x08000148   0x00000024   Code   RO         5047    .text               mc_w.l(memseta.o)
    0x0800016c   0x0800016c   0x00000044   Code   RO         5049    .text               mc_w.l(strtok.o)
    0x080001b0   0x080001b0   0x0000002a   Code   RO         5055    .text               mc_w.l(strcasecmp.o)
    0x080001da   0x080001da   0x00000002   PAD
    0x080001dc   0x080001dc   0x00000038   Code   RO         5318    .text               mc_w.l(__0sscanf.o)
    0x08000214   0x08000214   0x0000014c   Code   RO         5320    .text               mc_w.l(_scanf_int.o)
    0x08000360   0x08000360   0x000000b0   Code   RO         5322    .text               mf_w.l(fadd.o)
    0x08000410   0x08000410   0x00000064   Code   RO         5324    .text               mf_w.l(fmul.o)
    0x08000474   0x08000474   0x0000007c   Code   RO         5326    .text               mf_w.l(fdiv.o)
    0x080004f0   0x080004f0   0x000000e4   Code   RO         5330    .text               mf_w.l(dmul.o)
    0x080005d4   0x080005d4   0x000000de   Code   RO         5332    .text               mf_w.l(ddiv.o)
    0x080006b2   0x080006b2   0x00000012   Code   RO         5334    .text               mf_w.l(fflti.o)
    0x080006c4   0x080006c4   0x0000000a   Code   RO         5336    .text               mf_w.l(ffltui.o)
    0x080006ce   0x080006ce   0x0000001a   Code   RO         5340    .text               mf_w.l(dfltui.o)
    0x080006e8   0x080006e8   0x00000028   Code   RO         5344    .text               mf_w.l(ffixui.o)
    0x08000710   0x08000710   0x00000032   Code   RO         5346    .text               mf_w.l(dfixui.o)
    0x08000742   0x08000742   0x00000026   Code   RO         5348    .text               mf_w.l(f2d.o)
    0x08000768   0x08000768   0x00000038   Code   RO         5352    .text               mf_w.l(d2f.o)
    0x080007a0   0x080007a0   0x00000014   Code   RO         5354    .text               mf_w.l(cfcmple.o)
    0x080007b4   0x080007b4   0x00000014   Code   RO         5356    .text               mf_w.l(cfrcmple.o)
    0x080007c8   0x080007c8   0x0000001e   Code   RO         5379    .text               mc_w.l(llshl.o)
    0x080007e6   0x080007e6   0x0000000c   Code   RO         5383    .text               mc_w.l(tolower.o)
    0x080007f2   0x080007f2   0x0000001c   Code   RO         5385    .text               mc_w.l(_chval.o)
    0x0800080e   0x0800080e   0x00000002   PAD
    0x08000810   0x08000810   0x00000028   Code   RO         5387    .text               mc_w.l(scanf_char.o)
    0x08000838   0x08000838   0x00000040   Code   RO         5389    .text               mc_w.l(_sgetc.o)
    0x08000878   0x08000878   0x00000000   Code   RO         5391    .text               mc_w.l(iusefp.o)
    0x08000878   0x08000878   0x0000006e   Code   RO         5392    .text               mf_w.l(fepilogue.o)
    0x080008e6   0x080008e6   0x000000ba   Code   RO         5394    .text               mf_w.l(depilogue.o)
    0x080009a0   0x080009a0   0x00000024   Code   RO         5400    .text               mc_w.l(init.o)
    0x080009c4   0x080009c4   0x0000000a   Code   RO         5402    .text               mc_w.l(isspace_c.o)
    0x080009ce   0x080009ce   0x00000002   PAD
    0x080009d0   0x080009d0   0x00000330   Code   RO         5404    .text               mc_w.l(_scanf.o)
    0x08000d00   0x08000d00   0x00000028   Code   RO         5406    .text               mc_w.l(ctype_c.o)
    0x08000d28   0x08000d28   0x0000005c   Code   RO          594    i.ADC_ConversionStop_Disable  stm32f1xx_hal_adc.o
    0x08000d84   0x08000d84   0x00000090   Code   RO          598    i.ADC_Enable        stm32f1xx_hal_adc.o
    0x08000e14   0x08000e14   0x0000006c   Code   RO         4892    i.APP_LCD_Show      application_lcd.o
    0x08000e80   0x08000e80   0x0000009c   Code   RO         4893    i.APP_LCD_ShowIOUT  application_lcd.o
    0x08000f1c   0x08000f1c   0x000000ac   Code   RO         4894    i.APP_LCD_ShowISET  application_lcd.o
    0x08000fc8   0x08000fc8   0x0000009c   Code   RO         4896    i.APP_LCD_ShowVOUT  application_lcd.o
    0x08001064   0x08001064   0x000000a8   Code   RO         4897    i.APP_LCD_ShowVSET  application_lcd.o
    0x0800110c   0x0800110c   0x000000ac   Code   RO         4898    i.APP_LCD_Show_SETIOUT  application_lcd.o
    0x080011b8   0x080011b8   0x000000ac   Code   RO         4899    i.APP_LCD_Show_SETVOUT  application_lcd.o
    0x08001264   0x08001264   0x00000028   Code   RO         4900    i.APP_LCD_Show_VINProtectMode  application_lcd.o
    0x0800128c   0x0800128c   0x0000002c   Code   RO         4901    i.APP_LCD_Show_VOUTProtectMode  application_lcd.o
    0x080012b8   0x080012b8   0x0000009c   Code   RO         4902    i.APP_LCD_Show_fastChargeMod  application_lcd.o
    0x08001354   0x08001354   0x00000050   Code   RO         4602    i.App_getIBUS_A     application_adc.o
    0x080013a4   0x080013a4   0x0000004c   Code   RO         4609    i.App_getVBAT_mV    application_adc.o
    0x080013f0   0x080013f0   0x00000040   Code   RO         4610    i.App_getVBUS_V     application_adc.o
    0x08001430   0x08001430   0x00000104   Code   RO         3994    i.Application_CH224K_init  ch224k.o
    0x08001534   0x08001534   0x0000001c   Code   RO         3595    i.Application_Error_Handler  application.o
    0x08001550   0x08001550   0x0000007c   Code   RO         3835    i.Application_Init  application_init.o
    0x080015cc   0x080015cc   0x00000120   Code   RO         4431    i.Application_SC8815_Init  application_sc8815.o
    0x080016ec   0x080016ec   0x0000002c   Code   RO         4432    i.Application_SC8815_Run  application_sc8815.o
    0x08001718   0x08001718   0x0000002c   Code   RO         4434    i.Application_SC8815_Standby  application_sc8815.o
    0x08001744   0x08001744   0x0000002c   Code   RO         4435    i.Application_SC8815_loadStart  application_sc8815.o
    0x08001770   0x08001770   0x00000020   Code   RO         3596    i.Application_SoftwareDelay  application.o
    0x08001790   0x08001790   0x00000044   Code   RO         3597    i.Application_main  application.o
    0x080017d4   0x080017d4   0x00000020   Code   RO         4567    i.BUZZER_OPEN       application_buzzer.o
    0x080017f4   0x080017f4   0x00000004   Code   RO          428    i.BusFault_Handler  stm32f1xx_it.o
    0x080017f8   0x080017f8   0x00000028   Code   RO         3995    i.CH224K_12V        ch224k.o
    0x08001820   0x08001820   0x00000028   Code   RO         3996    i.CH224K_15V        ch224k.o
    0x08001848   0x08001848   0x00000028   Code   RO         3997    i.CH224K_20V        ch224k.o
    0x08001870   0x08001870   0x00000014   Code   RO         3998    i.CH224K_5V         ch224k.o
    0x08001884   0x08001884   0x00000028   Code   RO         3999    i.CH224K_9V         ch224k.o
    0x080018ac   0x080018ac   0x00000010   Code   RO          429    i.DMA1_Channel1_IRQHandler  stm32f1xx_it.o
    0x080018bc   0x080018bc   0x00000010   Code   RO          430    i.DMA1_Channel5_IRQHandler  stm32f1xx_it.o
    0x080018cc   0x080018cc   0x0000002c   Code   RO         1255    i.DMA_SetConfig     stm32f1xx_hal_dma.o
    0x080018f8   0x080018f8   0x00000002   Code   RO          431    i.DebugMon_Handler  stm32f1xx_it.o
    0x080018fa   0x080018fa   0x0000001c   Code   RO          432    i.EXTI15_10_IRQHandler  stm32f1xx_it.o
    0x08001916   0x08001916   0x0000000a   Code   RO          433    i.EXTI3_IRQHandler  stm32f1xx_it.o
    0x08001920   0x08001920   0x0000000a   Code   RO           13    i.Error_Handler     main.o
    0x0800192a   0x0800192a   0x00000002   PAD
    0x0800192c   0x0800192c   0x00000020   Code   RO         1597    i.FLASH_Program_HalfWord  stm32f1xx_hal_flash.o
    0x0800194c   0x0800194c   0x00000084   Code   RO         1598    i.FLASH_SetErrorCode  stm32f1xx_hal_flash.o
    0x080019d0   0x080019d0   0x00000070   Code   RO         1599    i.FLASH_WaitForLastOperation  stm32f1xx_hal_flash.o
    0x08001a40   0x08001a40   0x00000028   Code   RO         4991    i.Flash_PageErase   stmflash.o
    0x08001a68   0x08001a68   0x0000011c   Code   RO          774    i.HAL_ADCEx_Calibration_Start  stm32f1xx_hal_adc_ex.o
    0x08001b84   0x08001b84   0x00000160   Code   RO          600    i.HAL_ADC_ConfigChannel  stm32f1xx_hal_adc.o
    0x08001ce4   0x08001ce4   0x00000144   Code   RO          609    i.HAL_ADC_Init      stm32f1xx_hal_adc.o
    0x08001e28   0x08001e28   0x000000b0   Code   RO          207    i.HAL_ADC_MspInit   adc.o
    0x08001ed8   0x08001ed8   0x00000056   Code   RO         1256    i.HAL_DMA_Abort     stm32f1xx_hal_dma.o
    0x08001f2e   0x08001f2e   0x00000002   PAD
    0x08001f30   0x08001f30   0x000000b0   Code   RO         1257    i.HAL_DMA_Abort_IT  stm32f1xx_hal_dma.o
    0x08001fe0   0x08001fe0   0x00000008   Code   RO         1260    i.HAL_DMA_GetState  stm32f1xx_hal_dma.o
    0x08001fe8   0x08001fe8   0x0000019c   Code   RO         1261    i.HAL_DMA_IRQHandler  stm32f1xx_hal_dma.o
    0x08002184   0x08002184   0x00000068   Code   RO         1262    i.HAL_DMA_Init      stm32f1xx_hal_dma.o
    0x080021ec   0x080021ec   0x0000009c   Code   RO         1266    i.HAL_DMA_Start_IT  stm32f1xx_hal_dma.o
    0x08002288   0x08002288   0x00000028   Code   RO          877    i.HAL_Delay         stm32f1xx_hal.o
    0x080022b0   0x080022b0   0x00000014   Code   RO         1603    i.HAL_FLASH_Lock    stm32f1xx_hal_flash.o
    0x080022c4   0x080022c4   0x000000b0   Code   RO         1608    i.HAL_FLASH_Program  stm32f1xx_hal_flash.o
    0x08002374   0x08002374   0x00000030   Code   RO         1610    i.HAL_FLASH_Unlock  stm32f1xx_hal_flash.o
    0x080023a4   0x080023a4   0x00000374   Code   RO         3784    i.HAL_GPIO_EXTI_Callback  application_callback.o
    0x08002718   0x08002718   0x0000001c   Code   RO         1191    i.HAL_GPIO_EXTI_IRQHandler  stm32f1xx_hal_gpio.o
    0x08002734   0x08002734   0x00000320   Code   RO         1192    i.HAL_GPIO_Init     stm32f1xx_hal_gpio.o
    0x08002a54   0x08002a54   0x00000010   Code   RO         1194    i.HAL_GPIO_ReadPin  stm32f1xx_hal_gpio.o
    0x08002a64   0x08002a64   0x0000000c   Code   RO         1196    i.HAL_GPIO_WritePin  stm32f1xx_hal_gpio.o
    0x08002a70   0x08002a70   0x0000000c   Code   RO          881    i.HAL_GetTick       stm32f1xx_hal.o
    0x08002a7c   0x08002a7c   0x00000018   Code   RO          887    i.HAL_IncTick       stm32f1xx_hal.o
    0x08002a94   0x08002a94   0x00000028   Code   RO          888    i.HAL_Init          stm32f1xx_hal.o
    0x08002abc   0x08002abc   0x0000004c   Code   RO          889    i.HAL_InitTick      stm32f1xx_hal.o
    0x08002b08   0x08002b08   0x00000054   Code   RO          534    i.HAL_MspInit       stm32f1xx_hal_msp.o
    0x08002b5c   0x08002b5c   0x00000020   Code   RO         1352    i.HAL_NVIC_EnableIRQ  stm32f1xx_hal_cortex.o
    0x08002b7c   0x08002b7c   0x0000007c   Code   RO         1358    i.HAL_NVIC_SetPriority  stm32f1xx_hal_cortex.o
    0x08002bf8   0x08002bf8   0x00000028   Code   RO         1359    i.HAL_NVIC_SetPriorityGrouping  stm32f1xx_hal_cortex.o
    0x08002c20   0x08002c20   0x000000fc   Code   RO         1153    i.HAL_RCCEx_GetPeriphCLKFreq  stm32f1xx_hal_rcc_ex.o
    0x08002d1c   0x08002d1c   0x00000130   Code   RO         1154    i.HAL_RCCEx_PeriphCLKConfig  stm32f1xx_hal_rcc_ex.o
    0x08002e4c   0x08002e4c   0x00000002   Code   RO         1044    i.HAL_RCC_CSSCallback  stm32f1xx_hal_rcc.o
    0x08002e4e   0x08002e4e   0x00000002   PAD
    0x08002e50   0x08002e50   0x0000018c   Code   RO         1045    i.HAL_RCC_ClockConfig  stm32f1xx_hal_rcc.o
    0x08002fdc   0x08002fdc   0x0000000c   Code   RO         1048    i.HAL_RCC_EnableCSS  stm32f1xx_hal_rcc.o
    0x08002fe8   0x08002fe8   0x0000000c   Code   RO         1050    i.HAL_RCC_GetHCLKFreq  stm32f1xx_hal_rcc.o
    0x08002ff4   0x08002ff4   0x00000020   Code   RO         1052    i.HAL_RCC_GetPCLK1Freq  stm32f1xx_hal_rcc.o
    0x08003014   0x08003014   0x00000020   Code   RO         1053    i.HAL_RCC_GetPCLK2Freq  stm32f1xx_hal_rcc.o
    0x08003034   0x08003034   0x00000070   Code   RO         1054    i.HAL_RCC_GetSysClockFreq  stm32f1xx_hal_rcc.o
    0x080030a4   0x080030a4   0x00000020   Code   RO         1056    i.HAL_RCC_NMI_IRQHandler  stm32f1xx_hal_rcc.o
    0x080030c4   0x080030c4   0x00000464   Code   RO         1057    i.HAL_RCC_OscConfig  stm32f1xx_hal_rcc.o
    0x08003528   0x08003528   0x00000002   Code   RO         1885    i.HAL_SPI_ErrorCallback  stm32f1xx_hal_spi.o
    0x0800352a   0x0800352a   0x00000008   Code   RO         1887    i.HAL_SPI_GetState  stm32f1xx_hal_spi.o
    0x08003532   0x08003532   0x000000be   Code   RO         1889    i.HAL_SPI_Init      stm32f1xx_hal_spi.o
    0x080035f0   0x080035f0   0x000000b4   Code   RO          273    i.HAL_SPI_MspInit   spi.o
    0x080036a4   0x080036a4   0x000001bc   Code   RO         1897    i.HAL_SPI_Transmit  stm32f1xx_hal_spi.o
    0x08003860   0x08003860   0x000000f8   Code   RO         1901    i.HAL_SPI_Transmit_DMA  stm32f1xx_hal_spi.o
    0x08003958   0x08003958   0x00000002   Code   RO         1903    i.HAL_SPI_TxCpltCallback  stm32f1xx_hal_spi.o
    0x0800395a   0x0800395a   0x00000002   Code   RO         1904    i.HAL_SPI_TxHalfCpltCallback  stm32f1xx_hal_spi.o
    0x0800395c   0x0800395c   0x00000034   Code   RO         1363    i.HAL_SYSTICK_Config  stm32f1xx_hal_cortex.o
    0x08003990   0x08003990   0x00000074   Code   RO         2920    i.HAL_TIMEx_ConfigBreakDeadTime  stm32f1xx_hal_tim_ex.o
    0x08003a04   0x08003a04   0x00000084   Code   RO         2936    i.HAL_TIMEx_MasterConfigSynchronization  stm32f1xx_hal_tim_ex.o
    0x08003a88   0x08003a88   0x00000066   Code   RO         2202    i.HAL_TIM_Base_Init  stm32f1xx_hal_tim.o
    0x08003aee   0x08003aee   0x00000002   PAD
    0x08003af0   0x08003af0   0x0000002c   Code   RO          315    i.HAL_TIM_Base_MspInit  tim.o
    0x08003b1c   0x08003b1c   0x0000010c   Code   RO         2211    i.HAL_TIM_ConfigClockSource  stm32f1xx_hal_tim.o
    0x08003c28   0x08003c28   0x00000058   Code   RO          316    i.HAL_TIM_MspPostInit  tim.o
    0x08003c80   0x08003c80   0x00000104   Code   RO         2274    i.HAL_TIM_PWM_ConfigChannel  stm32f1xx_hal_tim.o
    0x08003d84   0x08003d84   0x00000066   Code   RO         2277    i.HAL_TIM_PWM_Init  stm32f1xx_hal_tim.o
    0x08003dea   0x08003dea   0x00000002   PAD
    0x08003dec   0x08003dec   0x00000030   Code   RO          318    i.HAL_TIM_PWM_MspInit  tim.o
    0x08003e1c   0x08003e1c   0x000000d4   Code   RO         2282    i.HAL_TIM_PWM_Start  stm32f1xx_hal_tim.o
    0x08003ef0   0x08003ef0   0x0000009c   Code   RO         2285    i.HAL_TIM_PWM_Stop  stm32f1xx_hal_tim.o
    0x08003f8c   0x08003f8c   0x00000002   Code   RO         3196    i.HAL_UARTEx_RxEventCallback  stm32f1xx_hal_uart.o
    0x08003f8e   0x08003f8e   0x00000002   Code   RO         3210    i.HAL_UART_ErrorCallback  stm32f1xx_hal_uart.o
    0x08003f90   0x08003f90   0x000002e4   Code   RO         3213    i.HAL_UART_IRQHandler  stm32f1xx_hal_uart.o
    0x08004274   0x08004274   0x00000076   Code   RO         3214    i.HAL_UART_Init     stm32f1xx_hal_uart.o
    0x080042ea   0x080042ea   0x00000002   PAD
    0x080042ec   0x080042ec   0x00000098   Code   RO          387    i.HAL_UART_MspInit  usart.o
    0x08004384   0x08004384   0x0000002c   Code   RO         3219    i.HAL_UART_Receive_IT  stm32f1xx_hal_uart.o
    0x080043b0   0x080043b0   0x000000bc   Code   RO         3785    i.HAL_UART_RxCpltCallback  application_callback.o
    0x0800446c   0x0800446c   0x000000b2   Code   RO         3222    i.HAL_UART_Transmit  stm32f1xx_hal_uart.o
    0x0800451e   0x0800451e   0x00000002   Code   RO         3225    i.HAL_UART_TxCpltCallback  stm32f1xx_hal_uart.o
    0x08004520   0x08004520   0x00000004   Code   RO          434    i.HardFault_Handler  stm32f1xx_it.o
    0x08004524   0x08004524   0x0000003e   Code   RO         4436    i.I2C_ReadRegByte   application_sc8815.o
    0x08004562   0x08004562   0x00000002   PAD
    0x08004564   0x08004564   0x00000080   Code   RO         4437    i.I2C_WriteRegByte  application_sc8815.o
    0x080045e4   0x080045e4   0x0000000a   Code   RO         4438    i.IIC_delay         application_sc8815.o
    0x080045ee   0x080045ee   0x0000004a   Code   RO         4831    i.LCD_Address_Set   lcd_init.o
    0x08004638   0x08004638   0x0000001c   Code   RO         4706    i.LCD_DrawPoint     lcd.o
    0x08004654   0x08004654   0x0000009c   Code   RO         4709    i.LCD_Fill_DMA      lcd.o
    0x080046f0   0x080046f0   0x00000178   Code   RO         4832    i.LCD_Init          lcd_init.o
    0x08004868   0x08004868   0x00000158   Code   RO         4710    i.LCD_ShowChar      lcd.o
    0x080049c0   0x080049c0   0x000000a4   Code   RO         4716    i.LCD_ShowFloatNum  lcd.o
    0x08004a64   0x08004a64   0x00000096   Code   RO         4717    i.LCD_ShowIntNum    lcd.o
    0x08004afa   0x08004afa   0x00000042   Code   RO         4719    i.LCD_ShowString    lcd.o
    0x08004b3c   0x08004b3c   0x00000012   Code   RO         4833    i.LCD_WR_DATA       lcd_init.o
    0x08004b4e   0x08004b4e   0x0000000c   Code   RO         4834    i.LCD_WR_DATA8      lcd_init.o
    0x08004b5a   0x08004b5a   0x00000002   PAD
    0x08004b5c   0x08004b5c   0x00000028   Code   RO         4835    i.LCD_WR_REG        lcd_init.o
    0x08004b84   0x08004b84   0x00000020   Code   RO         4836    i.LCD_Writ_Bus      lcd_init.o
    0x08004ba4   0x08004ba4   0x000000a0   Code   RO          208    i.MX_ADC1_Init      adc.o
    0x08004c44   0x08004c44   0x00000044   Code   RO          248    i.MX_DMA_Init       dma.o
    0x08004c88   0x08004c88   0x000001a8   Code   RO          182    i.MX_GPIO_Init      gpio.o
    0x08004e30   0x08004e30   0x00000054   Code   RO          274    i.MX_SPI2_Init      spi.o
    0x08004e84   0x08004e84   0x000000b4   Code   RO          319    i.MX_TIM1_Init      tim.o
    0x08004f38   0x08004f38   0x0000006c   Code   RO          320    i.MX_TIM2_Init      tim.o
    0x08004fa4   0x08004fa4   0x00000038   Code   RO          388    i.MX_USART1_UART_Init  usart.o
    0x08004fdc   0x08004fdc   0x00000004   Code   RO          435    i.MemManage_Handler  stm32f1xx_it.o
    0x08004fe0   0x08004fe0   0x00000008   Code   RO          436    i.NMI_Handler       stm32f1xx_it.o
    0x08004fe8   0x08004fe8   0x00000002   Code   RO          437    i.PendSV_Handler    stm32f1xx_it.o
    0x08004fea   0x08004fea   0x00000002   PAD
    0x08004fec   0x08004fec   0x00000028   Code   RO         1058    i.RCC_Delay         stm32f1xx_hal_rcc.o
    0x08005014   0x08005014   0x0000001a   Code   RO         4059    i.SC8815_ADC_Enable  sc8815.o
    0x0800502e   0x0800502e   0x0000001e   Code   RO         4061    i.SC8815_BatteryConfig  sc8815.o
    0x0800504c   0x0800504c   0x00000058   Code   RO         4062    i.SC8815_ConfigInterruptMask  sc8815.o
    0x080050a4   0x080050a4   0x000000c4   Code   RO         4078    i.SC8815_HardwareInit  sc8815.o
    0x08005168   0x08005168   0x0000001a   Code   RO         4081    i.SC8815_OTG_Enable  sc8815.o
    0x08005182   0x08005182   0x0000001a   Code   RO         4089    i.SC8815_PGATE_Disable  sc8815.o
    0x0800519c   0x0800519c   0x00000024   Code   RO         4439    i.SC8815_Preset_Save  application_sc8815.o
    0x080051c0   0x080051c0   0x0000001a   Code   RO         4098    i.SC8815_SFB_Disable  sc8815.o
    0x080051da   0x080051da   0x0000001a   Code   RO         4099    i.SC8815_SFB_Enable  sc8815.o
    0x080051f4   0x080051f4   0x00000020   Code   RO         4101    i.SC8815_SetBatteryCell  sc8815.o
    0x08005214   0x08005214   0x0000003e   Code   RO         4102    i.SC8815_SetBatteryCurrLimit  sc8815.o
    0x08005252   0x08005252   0x0000003e   Code   RO         4103    i.SC8815_SetBusCurrentLimit  sc8815.o
    0x08005290   0x08005290   0x00000046   Code   RO         4104    i.SC8815_SetDeadTime  sc8815.o
    0x080052d6   0x080052d6   0x00000036   Code   RO         4105    i.SC8815_SetILIMBW  sc8815.o
    0x0800530c   0x0800530c   0x00000134   Code   RO         4108    i.SC8815_SetOutputVoltage  sc8815.o
    0x08005440   0x08005440   0x00000024   Code   RO         4110    i.SC8815_SetVBUSFBMode  sc8815.o
    0x08005464   0x08005464   0x00000038   Code   RO         3598    i.SET_LED1_Status   application.o
    0x0800549c   0x0800549c   0x00000028   Code   RO         1917    i.SPI_DMAError      stm32f1xx_hal_spi.o
    0x080054c4   0x080054c4   0x0000000e   Code   RO         1919    i.SPI_DMAHalfTransmitCplt  stm32f1xx_hal_spi.o
    0x080054d2   0x080054d2   0x0000007e   Code   RO         1923    i.SPI_DMATransmitCplt  stm32f1xx_hal_spi.o
    0x08005550   0x08005550   0x00000028   Code   RO         1927    i.SPI_EndRxTxTransaction  stm32f1xx_hal_spi.o
    0x08005578   0x08005578   0x000000d8   Code   RO         1932    i.SPI_WaitFlagStateUntilTimeout  stm32f1xx_hal_spi.o
    0x08005650   0x08005650   0x00000022   Code   RO         4992    i.STMFLASH_Read     stmflash.o
    0x08005672   0x08005672   0x00000006   Code   RO         4993    i.STMFLASH_ReadHalfWord  stmflash.o
    0x08005678   0x08005678   0x00000108   Code   RO         4994    i.STMFLASH_Write    stmflash.o
    0x08005780   0x08005780   0x0000002c   Code   RO         4995    i.STMFLASH_Write_NoCheck  stmflash.o
    0x080057ac   0x080057ac   0x00000002   Code   RO          438    i.SVC_Handler       stm32f1xx_it.o
    0x080057ae   0x080057ae   0x0000000c   Code   RO         4441    i.SoftwareDelay     application_sc8815.o
    0x080057ba   0x080057ba   0x00000008   Code   RO          439    i.SysTick_Handler   stm32f1xx_it.o
    0x080057c2   0x080057c2   0x0000008a   Code   RO           14    i.SystemClock_Config  main.o
    0x0800584c   0x0800584c   0x00000002   Code   RO         3558    i.SystemInit        system_stm32f1xx.o
    0x0800584e   0x0800584e   0x00000002   PAD
    0x08005850   0x08005850   0x00000078   Code   RO          321    i.TIM2_Delay1us     tim.o
    0x080058c8   0x080058c8   0x00000074   Code   RO         2295    i.TIM_Base_SetConfig  stm32f1xx_hal_tim.o
    0x0800593c   0x0800593c   0x00000022   Code   RO         2296    i.TIM_CCxChannelCmd  stm32f1xx_hal_tim.o
    0x0800595e   0x0800595e   0x00000016   Code   RO         2306    i.TIM_ETR_SetConfig  stm32f1xx_hal_tim.o
    0x08005974   0x08005974   0x00000012   Code   RO         2307    i.TIM_ITRx_SetConfig  stm32f1xx_hal_tim.o
    0x08005986   0x08005986   0x00000002   PAD
    0x08005988   0x08005988   0x00000060   Code   RO         2308    i.TIM_OC1_SetConfig  stm32f1xx_hal_tim.o
    0x080059e8   0x080059e8   0x00000068   Code   RO         2309    i.TIM_OC2_SetConfig  stm32f1xx_hal_tim.o
    0x08005a50   0x08005a50   0x00000068   Code   RO         2310    i.TIM_OC3_SetConfig  stm32f1xx_hal_tim.o
    0x08005ab8   0x08005ab8   0x00000048   Code   RO         2311    i.TIM_OC4_SetConfig  stm32f1xx_hal_tim.o
    0x08005b00   0x08005b00   0x00000026   Code   RO         2313    i.TIM_TI1_ConfigInputStage  stm32f1xx_hal_tim.o
    0x08005b26   0x08005b26   0x00000028   Code   RO         2315    i.TIM_TI2_ConfigInputStage  stm32f1xx_hal_tim.o
    0x08005b4e   0x08005b4e   0x00000014   Code   RO         3227    i.UART_DMAAbortOnError  stm32f1xx_hal_uart.o
    0x08005b62   0x08005b62   0x0000006c   Code   RO         3237    i.UART_EndRxTransfer  stm32f1xx_hal_uart.o
    0x08005bce   0x08005bce   0x00000020   Code   RO         3238    i.UART_EndTransmit_IT  stm32f1xx_hal_uart.o
    0x08005bee   0x08005bee   0x000000fc   Code   RO         3240    i.UART_Receive_IT   stm32f1xx_hal_uart.o
    0x08005cea   0x08005cea   0x00000002   PAD
    0x08005cec   0x08005cec   0x000000fc   Code   RO         3241    i.UART_SetConfig    stm32f1xx_hal_uart.o
    0x08005de8   0x08005de8   0x00000040   Code   RO         3243    i.UART_Start_Receive_IT  stm32f1xx_hal_uart.o
    0x08005e28   0x08005e28   0x00000060   Code   RO         3244    i.UART_Transmit_IT  stm32f1xx_hal_uart.o
    0x08005e88   0x08005e88   0x00000092   Code   RO         3245    i.UART_WaitOnFlagUntilTimeout  stm32f1xx_hal_uart.o
    0x08005f1a   0x08005f1a   0x00000002   PAD
    0x08005f1c   0x08005f1c   0x00000010   Code   RO          440    i.USART1_IRQHandler  stm32f1xx_it.o
    0x08005f2c   0x08005f2c   0x00000004   Code   RO          441    i.UsageFault_Handler  stm32f1xx_it.o
    0x08005f30   0x08005f30   0x00000020   Code   RO         5124    i.__0printf$2       mc_w.l(printf2.o)
    0x08005f50   0x08005f50   0x00000010   Code   RO         1365    i.__NVIC_GetPriorityGrouping  stm32f1xx_hal_cortex.o
    0x08005f60   0x08005f60   0x00000028   Code   RO         1366    i.__NVIC_SetPriority  stm32f1xx_hal_cortex.o
    0x08005f88   0x08005f88   0x0000000e   Code   RO         5411    i.__scatterload_copy  mc_w.l(handlers.o)
    0x08005f96   0x08005f96   0x00000002   Code   RO         5412    i.__scatterload_null  mc_w.l(handlers.o)
    0x08005f98   0x08005f98   0x0000000e   Code   RO         5413    i.__scatterload_zeroinit  mc_w.l(handlers.o)
    0x08005fa6   0x08005fa6   0x000000d6   Code   RO         5131    i._printf_core      mc_w.l(printf2.o)
    0x0800607c   0x0800607c   0x00000064   Code   RO         3876    i.ascii_process     uart_debug.o
    0x080060e0   0x080060e0   0x00000020   Code   RO         4837    i.delay             lcd_init.o
    0x08006100   0x08006100   0x0000001c   Code   RO         3877    i.fputc             uart_debug.o
    0x0800611c   0x0800611c   0x00000034   Code   RO         4442    i.i2c_NAck          application_sc8815.o
    0x08006150   0x08006150   0x00000048   Code   RO         4443    i.i2c_ReadByte      application_sc8815.o
    0x08006198   0x08006198   0x00000054   Code   RO         4444    i.i2c_SendByte      application_sc8815.o
    0x080061ec   0x080061ec   0x0000003c   Code   RO         4445    i.i2c_Start         application_sc8815.o
    0x08006228   0x08006228   0x0000002c   Code   RO         4446    i.i2c_Stop          application_sc8815.o
    0x08006254   0x08006254   0x00000034   Code   RO         4447    i.i2c_WaitAck       application_sc8815.o
    0x08006288   0x08006288   0x000000c8   Code   RO         3599    i.key2_button_process  application.o
    0x08006350   0x08006350   0x000000dc   Code   RO         3600    i.key4_button_process  application.o
    0x0800642c   0x0800642c   0x00000030   Code   RO           15    i.main              main.o
    0x0800645c   0x0800645c   0x00000016   Code   RO         4720    i.mypow             lcd.o
    0x08006472   0x08006472   0x00000002   PAD
    0x08006474   0x08006474   0x00000038   Code   RO         3878    i.setCSEL_handler   uart_debug.o
    0x080064ac   0x080064ac   0x00000040   Code   RO         3879    i.setDITHER_handler  uart_debug.o
    0x080064ec   0x080064ec   0x00000038   Code   RO         3880    i.setDeadTime_handler  uart_debug.o
    0x08006524   0x08006524   0x00000038   Code   RO         3881    i.setFB_Mode_handler  uart_debug.o
    0x0800655c   0x0800655c   0x0000003c   Code   RO         3882    i.setIBAT_handler   uart_debug.o
    0x08006598   0x08006598   0x00000040   Code   RO         3883    i.setIBUS_handler   uart_debug.o
    0x080065d8   0x080065d8   0x00000038   Code   RO         3884    i.setILIM_BW_handler  uart_debug.o
    0x08006610   0x08006610   0x00000040   Code   RO         3885    i.setIRCOMP_handler  uart_debug.o
    0x08006650   0x08006650   0x00000040   Code   RO         3886    i.setSLEW_SET_handler  uart_debug.o
    0x08006690   0x08006690   0x00000040   Code   RO         3887    i.setSW_FREQ_handler  uart_debug.o
    0x080066d0   0x080066d0   0x00000040   Code   RO         3888    i.setVBAT_SEL_handler  uart_debug.o
    0x08006710   0x08006710   0x00000040   Code   RO         3889    i.setVBUS_handler   uart_debug.o
    0x08006750   0x08006750   0x00000040   Code   RO         3890    i.setVCELL_handler  uart_debug.o
    0x08006790   0x08006790   0x00000046   Code   RO         3891    i.splitString       uart_debug.o
    0x080067d6   0x080067d6   0x00000012   Data   RO         1059    .constdata          stm32f1xx_hal_rcc.o
    0x080067e8   0x080067e8   0x00000012   Data   RO         1155    .constdata          stm32f1xx_hal_rcc_ex.o
    0x080067fa   0x080067fa   0x00000018   Data   RO         3559    .constdata          system_stm32f1xx.o
    0x08006812   0x08006812   0x00000002   PAD
    0x08006814   0x08006814   0x00000068   Data   RO         3893    .constdata          uart_debug.o
    0x0800687c   0x0800687c   0x0000391c   Data   RO         4721    .constdata          lcd.o
    0x0800a198   0x0800a198   0x00000040   Data   RO         5407    .constdata          mc_w.l(ctype_c.o)
    0x0800a1d8   0x0800a1d8   0x0000008a   Data   RO         3894    .conststring        uart_debug.o
    0x0800a262   0x0800a262   0x00000002   PAD
    0x0800a264   0x0800a264   0x00000020   Data   RO         5409    Region$$Table       anon$$obj.o


    Execution Region RW_IRAM1 (Exec base: 0x20000000, Load base: 0x0800a284, Size: 0x00001850, Max: 0x00005000, ABSOLUTE)

    Exec Addr    Load Addr    Size         Type   Attr      Idx    E Section Name        Object

    0x20000000   0x0800a284   0x00000009   Data   RW          895    .data               stm32f1xx_hal.o
    0x20000009   0x0800a28d   0x00000003   PAD
    0x2000000c   0x0800a290   0x00000004   Data   RW         3560    .data               system_stm32f1xx.o
    0x20000010   0x0800a294   0x0000000d   Data   RW         3601    .data               application.o
    0x2000001d   0x0800a2a1   0x00000003   PAD
    0x20000020   0x0800a2a4   0x00000014   Data   RW         3786    .data               application_callback.o
    0x20000034   0x0800a2b8   0x00000008   Data   RW         3895    .data               uart_debug.o
    0x2000003c   0x0800a2c0   0x00000005   Data   RW         4000    .data               ch224k.o
    0x20000041   0x0800a2c5   0x00000009   Data   RW         4117    .data               sc8815.o
    0x2000004a   0x0800a2ce   0x00000008   Data   RW         4615    .data               application_adc.o
    0x20000052   0x0800a2d6   0x00000002   PAD
    0x20000054   0x0800a2d8   0x00000004   Data   RW         5050    .data               mc_w.l(strtok.o)
    0x20000058   0x0800a2dc   0x00000004   Data   RW         5374    .data               mc_w.l(stdout.o)
    0x2000005c        -       0x00000074   Zero   RW          209    .bss                adc.o
    0x200000d0        -       0x0000009c   Zero   RW          275    .bss                spi.o
    0x2000016c        -       0x00000090   Zero   RW          322    .bss                tim.o
    0x200001fc        -       0x00000048   Zero   RW          389    .bss                usart.o
    0x20000244   0x0800a2e0   0x00000004   PAD
    0x20000248        -       0x00000020   Zero   RW         1611    .bss                stm32f1xx_hal_flash.o
    0x20000268        -       0x00000014   Zero   RW         3892    .bss                uart_debug.o
    0x2000027c        -       0x00000015   Zero   RW         4116    .bss                sc8815.o
    0x20000291   0x0800a2e0   0x00000003   PAD
    0x20000294        -       0x00000d9c   Zero   RW         4448    .bss                application_sc8815.o
    0x20001030        -       0x00000420   Zero   RW         4996    .bss                stmflash.o
    0x20001450        -       0x00000400   Zero   RW            1    STACK               startup_stm32f103xb.o


==============================================================================

Image component sizes


      Code (inc. data)   RO Data    RW Data    ZI Data      Debug   Object Name

       336         30          0          0        116       1711   adc.o
       604         80          0         13          0       9636   application.o
       220         50          0          8          0       2029   application_adc.o
        32          4          0          0          0        510   application_buzzer.o
      1072        126          0         20          0       6534   application_callback.o
       124         32          0          0          0        507   application_init.o
      1344        178          0          0          0       5183   application_lcd.o
      1032        148          0          0       3484      10954   application_sc8815.o
       440         58          0          5          0       3355   ch224k.o
        68          4          0          0          0        702   dma.o
       424         26          0          0          0       1051   gpio.o
       930         32      14620          0          0       7122   lcd.o
       584         10          0          0          0       3694   lcd_init.o
       196          0          0          0          0     456472   main.o
      1068         22          0          9         21      12374   sc8815.o
       264         30          0          0        156       1618   spi.o
        36          8        236          0       1024        780   startup_stm32f103xb.o
       192         36          0          9          0       5693   stm32f1xx_hal.o
       912         34          0          0          0       3785   stm32f1xx_hal_adc.o
       284          6          0          0          0       1410   stm32f1xx_hal_adc_ex.o
       304         22          0          0          0      29251   stm32f1xx_hal_cortex.o
       986         12          0          0          0       5233   stm32f1xx_hal_dma.o
       520         48          0          0         32       3990   stm32f1xx_hal_flash.o
       856         38          0          0          0       3794   stm32f1xx_hal_gpio.o
        84          8          0          0          0        846   stm32f1xx_hal_msp.o
      1794        108         18          0          0       7235   stm32f1xx_hal_rcc.o
       556         34         18          0          0       2297   stm32f1xx_hal_rcc_ex.o
      1332         20          0          0          0       8750   stm32f1xx_hal_spi.o
      1744         50          0          0          0      11639   stm32f1xx_hal_tim.o
       248         14          0          0          0       2048   stm32f1xx_hal_tim_ex.o
      2056          8          0          0          0      11640   stm32f1xx_hal_uart.o
       124         18          0          0          0       5934   stm32f1xx_it.o
       388         20          0          0       1056       3779   stmflash.o
         2          0         24          4          0       1047   system_stm32f1xx.o
       588         44          0          0        144       3779   tim.o
       994        158        242          8         20      12523   uart_debug.o
       208         24          0          0         72       1562   usart.o

    ----------------------------------------------------------------------
     22974       1540      15194         84       6132     650467   Object Totals
         0          0         32          0          0          0   (incl. Generated)
        28          0          4          8          7          0   (incl. Padding)

    ----------------------------------------------------------------------

      Code (inc. data)   RO Data    RW Data    ZI Data      Debug   Library Member Name

        56          8          0          0          0         84   __0sscanf.o
        28          0          0          0          0         68   _chval.o
       816          6          0          0          0        112   _scanf.o
       332          0          0          0          0         96   _scanf_int.o
        64          0          0          0          0         84   _sgetc.o
        40          6         64          0          0         68   ctype_c.o
         0          0          0          0          0          0   entry.o
         0          0          0          0          0          0   entry10a.o
         0          0          0          0          0          0   entry11a.o
         4          0          0          0          0          0   entry12b.o
         8          4          0          0          0          0   entry2.o
         4          0          0          0          0          0   entry5.o
         0          0          0          0          0          0   entry7b.o
         0          0          0          0          0          0   entry8b.o
         8          4          0          0          0          0   entry9a.o
        30          0          0          0          0          0   handlers.o
        36          8          0          0          0         68   init.o
        10          0          0          0          0         68   isspace_c.o
         0          0          0          0          0          0   iusefp.o
        30          0          0          0          0         68   llshl.o
        32          0          0          0          0         68   llushr.o
        36          0          0          0          0        108   memseta.o
       246         10          0          0          0        176   printf2.o
        40          8          0          0          0         84   scanf_char.o
         0          0          0          4          0          0   stdout.o
        42          0          0          0          0         84   strcasecmp.o
        68          6          0          4          0         80   strtok.o
        12          0          0          0          0         68   tolower.o
        20          0          0          0          0         68   cfcmple.o
        20          0          0          0          0         68   cfrcmple.o
        56          0          0          0          0         88   d2f.o
       222          0          0          0          0        100   ddiv.o
       186          0          0          0          0        176   depilogue.o
        50          0          0          0          0         76   dfixui.o
        26          0          0          0          0         76   dfltui.o
       228          0          0          0          0         96   dmul.o
        38          0          0          0          0         68   f2d.o
       176          0          0          0          0        140   fadd.o
       124          0          0          0          0         88   fdiv.o
       110          0          0          0          0        168   fepilogue.o
        40          0          0          0          0         68   ffixui.o
        18          0          0          0          0         68   fflti.o
        10          0          0          0          0         68   ffltui.o
       100          0          0          0          0         76   fmul.o

    ----------------------------------------------------------------------
      3372         60         64          8          0       2876   Library Totals
         6          0          0          0          0          0   (incl. Padding)

    ----------------------------------------------------------------------

      Code (inc. data)   RO Data    RW Data    ZI Data      Debug   Library Name

      1942         60         64          8          0       1384   mc_w.l
      1424          0          0          0          0       1492   mf_w.l

    ----------------------------------------------------------------------
      3372         60         64          8          0       2876   Library Totals

    ----------------------------------------------------------------------

==============================================================================


      Code (inc. data)   RO Data    RW Data    ZI Data      Debug   

     26346       1600      15258         92       6132     640911   Grand Totals
     26346       1600      15258         92       6132     640911   ELF Image Totals
     26346       1600      15258         92          0          0   ROM Totals

==============================================================================

    Total RO  Size (Code + RO Data)                41604 (  40.63kB)
    Total RW  Size (RW Data + ZI Data)              6224 (   6.08kB)
    Total ROM Size (Code + RO Data + RW Data)      41696 (  40.72kB)

==============================================================================

