Component: ARM Compiler 5.06 update 7 (build 960) Tool: armlink [4d3601]

==============================================================================

Section Cross References

    startup_stm32f103xb.o(RESET) refers to startup_stm32f103xb.o(STACK) for __initial_sp
    startup_stm32f103xb.o(RESET) refers to startup_stm32f103xb.o(.text) for Reset_Handler
    startup_stm32f103xb.o(RESET) refers to stm32f1xx_it.o(i.NMI_Handler) for NMI_Handler
    startup_stm32f103xb.o(RESET) refers to stm32f1xx_it.o(i.HardFault_Handler) for HardFault_Handler
    startup_stm32f103xb.o(RESET) refers to stm32f1xx_it.o(i.MemManage_Handler) for MemManage_Handler
    startup_stm32f103xb.o(RESET) refers to stm32f1xx_it.o(i.BusFault_Handler) for BusFault_Handler
    startup_stm32f103xb.o(RESET) refers to stm32f1xx_it.o(i.UsageFault_Handler) for UsageFault_Handler
    startup_stm32f103xb.o(RESET) refers to stm32f1xx_it.o(i.SVC_Handler) for SVC_Handler
    startup_stm32f103xb.o(RESET) refers to stm32f1xx_it.o(i.DebugMon_Handler) for DebugMon_Handler
    startup_stm32f103xb.o(RESET) refers to stm32f1xx_it.o(i.PendSV_Handler) for PendSV_Handler
    startup_stm32f103xb.o(RESET) refers to stm32f1xx_it.o(i.SysTick_Handler) for SysTick_Handler
    startup_stm32f103xb.o(RESET) refers to stm32f1xx_it.o(i.DMA1_Channel1_IRQHandler) for DMA1_Channel1_IRQHandler
    startup_stm32f103xb.o(RESET) refers to stm32f1xx_it.o(i.DMA1_Channel5_IRQHandler) for DMA1_Channel5_IRQHandler
    startup_stm32f103xb.o(RESET) refers to stm32f1xx_it.o(i.USB_LP_CAN1_RX0_IRQHandler) for USB_LP_CAN1_RX0_IRQHandler
    startup_stm32f103xb.o(RESET) refers to stm32f1xx_it.o(i.TIM3_IRQHandler) for TIM3_IRQHandler
    startup_stm32f103xb.o(RESET) refers to stm32f1xx_it.o(i.USART1_IRQHandler) for USART1_IRQHandler
    startup_stm32f103xb.o(RESET) refers to stm32f1xx_it.o(i.EXTI15_10_IRQHandler) for EXTI15_10_IRQHandler
    startup_stm32f103xb.o(.text) refers to system_stm32f1xx.o(i.SystemInit) for SystemInit
    startup_stm32f103xb.o(.text) refers to entry.o(.ARM.Collect$$$$00000000) for __main
    main.o(i.Error_Handler) refers to application.o(i.Application_Error_Handler) for Application_Error_Handler
    main.o(i.SystemClock_Config) refers to memseta.o(.text) for __aeabi_memclr4
    main.o(i.SystemClock_Config) refers to stm32f1xx_hal_rcc.o(i.HAL_RCC_OscConfig) for HAL_RCC_OscConfig
    main.o(i.SystemClock_Config) refers to main.o(i.Error_Handler) for Error_Handler
    main.o(i.SystemClock_Config) refers to stm32f1xx_hal_rcc.o(i.HAL_RCC_ClockConfig) for HAL_RCC_ClockConfig
    main.o(i.SystemClock_Config) refers to stm32f1xx_hal_rcc_ex.o(i.HAL_RCCEx_PeriphCLKConfig) for HAL_RCCEx_PeriphCLKConfig
    main.o(i.main) refers to stm32f1xx_hal.o(i.HAL_Init) for HAL_Init
    main.o(i.main) refers to main.o(i.SystemClock_Config) for SystemClock_Config
    main.o(i.main) refers to gpio.o(i.MX_GPIO_Init) for MX_GPIO_Init
    main.o(i.main) refers to dma.o(i.MX_DMA_Init) for MX_DMA_Init
    main.o(i.main) refers to adc.o(i.MX_ADC1_Init) for MX_ADC1_Init
    main.o(i.main) refers to spi.o(i.MX_SPI2_Init) for MX_SPI2_Init
    main.o(i.main) refers to tim.o(i.MX_TIM1_Init) for MX_TIM1_Init
    main.o(i.main) refers to usart.o(i.MX_USART1_UART_Init) for MX_USART1_UART_Init
    main.o(i.main) refers to tim.o(i.MX_TIM2_Init) for MX_TIM2_Init
    main.o(i.main) refers to usb_device.o(i.MX_USB_DEVICE_Init) for MX_USB_DEVICE_Init
    main.o(i.main) refers to tim.o(i.MX_TIM3_Init) for MX_TIM3_Init
    main.o(i.main) refers to application_init.o(i.Application_Init) for Application_Init
    main.o(i.main) refers to application.o(i.Application_main) for Application_main
    gpio.o(i.MX_GPIO_Init) refers to stm32f1xx_hal_gpio.o(i.HAL_GPIO_WritePin) for HAL_GPIO_WritePin
    gpio.o(i.MX_GPIO_Init) refers to stm32f1xx_hal_gpio.o(i.HAL_GPIO_Init) for HAL_GPIO_Init
    gpio.o(i.MX_GPIO_Init) refers to stm32f1xx_hal_cortex.o(i.HAL_NVIC_SetPriority) for HAL_NVIC_SetPriority
    gpio.o(i.MX_GPIO_Init) refers to stm32f1xx_hal_cortex.o(i.HAL_NVIC_EnableIRQ) for HAL_NVIC_EnableIRQ
    adc.o(i.HAL_ADC_MspDeInit) refers to stm32f1xx_hal_gpio.o(i.HAL_GPIO_DeInit) for HAL_GPIO_DeInit
    adc.o(i.HAL_ADC_MspDeInit) refers to stm32f1xx_hal_dma.o(i.HAL_DMA_DeInit) for HAL_DMA_DeInit
    adc.o(i.HAL_ADC_MspInit) refers to stm32f1xx_hal_gpio.o(i.HAL_GPIO_Init) for HAL_GPIO_Init
    adc.o(i.HAL_ADC_MspInit) refers to stm32f1xx_hal_dma.o(i.HAL_DMA_Init) for HAL_DMA_Init
    adc.o(i.HAL_ADC_MspInit) refers to main.o(i.Error_Handler) for Error_Handler
    adc.o(i.HAL_ADC_MspInit) refers to adc.o(.bss) for .bss
    adc.o(i.MX_ADC1_Init) refers to stm32f1xx_hal_adc.o(i.HAL_ADC_Init) for HAL_ADC_Init
    adc.o(i.MX_ADC1_Init) refers to main.o(i.Error_Handler) for Error_Handler
    adc.o(i.MX_ADC1_Init) refers to stm32f1xx_hal_adc.o(i.HAL_ADC_ConfigChannel) for HAL_ADC_ConfigChannel
    adc.o(i.MX_ADC1_Init) refers to adc.o(.bss) for .bss
[...]
    screen_flip_page_process                 0x08013825   Thumb Code    84  menu.o(i.screen_flip_page_process)
    set_app_upgrade_flag                     0x08013be5   Thumb Code    14  application.o(i.set_app_upgrade_flag)
    set_dc_limit                             0x08013ced   Thumb Code   154  hardware_setting.o(i.set_dc_limit)
    set_iout                                 0x08013da5   Thumb Code   298  hardware_setting.o(i.set_iout)
    set_presset_config                       0x080141b1   Thumb Code   728  hardware_setting.o(i.set_presset_config)
    set_sc8815_power                         0x080144b1   Thumb Code     6  application_sc8815.o(i.set_sc8815_power)
    set_vout                                 0x08014619   Thumb Code   370  hardware_setting.o(i.set_vout)
    splitString                              0x080147b5   Thumb Code    66  msg_cmd.o(i.splitString)
    sqrt                                     0x080147f7   Thumb Code    76  sqrt.o(i.sqrt)
    temperature_page_process                 0x080148d1   Thumb Code   186  menu.o(i.temperature_page_process)
    temperature_page_ui_process              0x080149b1   Thumb Code   252  menu_ui.o(i.temperature_page_ui_process)
    to_current                               0x08014acd   Thumb Code    20  husb238.o(i.to_current)
    usb_printf                               0x08014b2d   Thumb Code    32  usbd_cdc_if.o(i.usb_printf)
    vbus_protect_page_process                0x08014bf9   Thumb Code   266  menu.o(i.vbus_protect_page_process)
    vbus_protect_page_ui_process             0x08014d25   Thumb Code   320  menu_ui.o(i.vbus_protect_page_ui_process)
    vout_page_process                        0x08014e99   Thumb Code    82  menu.o(i.vout_page_process)
    vout_page_ui_process                     0x08014ef5   Thumb Code   250  menu_ui.o(i.vout_page_ui_process)
    AHBPrescTable                            0x0801502c   Data          16  system_stm32f1xx.o(.constdata)
    APBPrescTable                            0x0801503c   Data           8  system_stm32f1xx.o(.constdata)
    ascii_1608                               0x08015044   Data        1456  lcd.o(.constdata)
    ascii_3216                               0x080155f4   Data        5824  lcd.o(.constdata)
    ascii_4824                               0x08016cb4   Data        3744  lcd.o(.constdata)
    tfont16                                  0x08017b54   Data          68  lcd.o(.constdata)
    tfont32                                  0x08017b98   Data        4810  lcd.o(.constdata)
    gImage_buzzer                            0x08018e64   Data        2048  menu_ui.o(.constdata)
    gImage_temp                              0x08019664   Data        2048  menu_ui.o(.constdata)
    gImage_presset                           0x08019e64   Data        2048  menu_ui.o(.constdata)
    gImage_start_presset                     0x0801a664   Data        2048  menu_ui.o(.constdata)
    gImage_left1                             0x0801ae64   Data         512  menu_ui.o(.constdata)
    gImage_right1                            0x0801b064   Data         512  menu_ui.o(.constdata)
    gImage_vbus_protect                      0x0801b264   Data        2048  menu_ui.o(.constdata)
    gImage_about                             0x0801ba70   Data        2048  menu_ui.o(.constdata)
    gImage_left2                             0x0801c270   Data         512  menu_ui.o(.constdata)
    gImage_right2                            0x0801c470   Data         512  menu_ui.o(.constdata)
    gImage_smallright1                       0x0801c670   Data         512  menu_ui.o(.constdata)
    gImage_smallright2                       0x0801c870   Data         512  menu_ui.o(.constdata)
    gImage_smallleft1                        0x0801ca70   Data         512  menu_ui.o(.constdata)
    gImage_smallleft2                        0x0801cc70   Data         512  menu_ui.o(.constdata)
    gImage_screen                            0x0801ce70   Data        2048  menu_ui.o(.constdata)
    __mathlib_zero                           0x0801d958   Data           8  qnan.o(.constdata)
    __ctype_categories                       0x0801d960   Data          64  ctype_c.o(.constdata)
    Region$$Table$$Base                      0x0801db0c   Number         0  anon$$obj.o(Region$$Table)
    Region$$Table$$Limit                     0x0801db2c   Number         0  anon$$obj.o(Region$$Table)
    uwTickFreq                               0x20000000   Data           1  stm32f1xx_hal.o(.data)
    uwTickPrio                               0x20000004   Data           4  stm32f1xx_hal.o(.data)
    uwTick                                   0x20000008   Data           4  stm32f1xx_hal.o(.data)
    SystemCoreClock                          0x2000000c   Data           4  system_stm32f1xx.o(.data)
    key1_press                               0x20000010   Data           1  application.o(.data)
    key2_press                               0x20000011   Data           1  application.o(.data)
    key3_press                               0x20000012   Data           1  application.o(.data)
    rotary_knob_value                        0x20000013   Data           1  application.o(.data)
    APP_LCD_main_show_time                   0x20000014   Data           4  application.o(.data)
    key2PressStartTime                       0x2000001c   Data           4  application.o(.data)
    key3PressStartTime                       0x20000020   Data           4  application.o(.data)
    left                                     0x20000024   Data           4  application_callback.o(.data)
    right                                    0x20000028   Data           4  application_callback.o(.data)
    previous                                 0x2000002c   Data           4  application_callback.o(.data)
    SC8815_BatteryConfigStruct               0x20000030   Data           4  sc8815.o(.data)
    SC8815_InterruptMaskInitStruct           0x20000034   Data           5  sc8815.o(.data)
    reflesh_vbus_ibus_time                   0x20000044   Data           4  application_adc.o(.data)
    reflesh_vbus_ibus_time_t                 0x20000048   Data           4  application_adc.o(.data)
    ADC_Value                                0x2000004c   Data           8  application_adc.o(.data)
    isData                                   0x20000054   Data           1  lcd_init.o(.data)
    USE_HORIZONTAL                           0x20000055   Data           1  lcd_init.o(.data)
    SCHW_VBUS_RSHUNT                         0x2000005c   Data           4  application_sc8815.o(.data)
    current_menu_index                       0x20000070   Data           4  menu.o(.data)
    sub_index                                0x20000074   Data           8  menu.o(.data)
    cmd_Index                                0x200001a8   Data           4  msg_cmd.o(.data)
    handler_map                              0x200001ac   Data           4  msg_cmd.o(.data)
    votlage_Table                            0x200001b0   Data          14  husb238.o(.data)
    current_Table                            0x200001c0   Data          64  husb238.o(.data)
    fast_charge_input_limited                0x20000200   Data           1  fast_charge.o(.data)
    fast_ic_type                             0x20000201   Data           1  fast_charge.o(.data)
    FS_Desc                                  0x20000208   Data          28  usbd_desc.o(.data)
    USBD_LangIDDesc                          0x20000224   Data           4  usbd_desc.o(.data)
    USBD_FS_DeviceDesc                       0x20000228   Data          18  usbd_desc.o(.data)
    USBD_StringSerial                        0x2000023c   Data          26  usbd_desc.o(.data)
    USBD_Interface_fops_FS                   0x20000258   Data          16  usbd_cdc_if.o(.data)
    USBD_CDC_CfgHSDesc                       0x20000278   Data          67  usbd_cdc.o(.data)
    USBD_CDC_CfgFSDesc                       0x200002bc   Data          67  usbd_cdc.o(.data)
    USBD_CDC_OtherSpeedCfgDesc               0x20000300   Data          67  usbd_cdc.o(.data)
    USBD_CDC                                 0x20000344   Data          56  usbd_cdc.o(.data)
    __stdout                                 0x20000380   Data           4  stdout.o(.data)
    hadc1                                    0x20000388   Data          48  adc.o(.bss)
    hdma_adc1                                0x200003b8   Data          68  adc.o(.bss)
    hspi2                                    0x200003fc   Data          88  spi.o(.bss)
    hdma_spi2_tx                             0x20000454   Data          68  spi.o(.bss)
    htim1                                    0x20000498   Data          72  tim.o(.bss)
    htim2                                    0x200004e0   Data          72  tim.o(.bss)
    htim3                                    0x20000528   Data          72  tim.o(.bss)
    huart1                                   0x20000570   Data          72  usart.o(.bss)
    pFlash                                   0x200005b8   Data          32  stm32f1xx_hal_flash.o(.bss)
    APP_config                               0x200005d8   Data          36  application.o(.bss)
    app_config_save_config                   0x200005fc   Data          64  application.o(.bss)
    SC8815_HardwareInitStruct                0x2000063c   Data          21  sc8815.o(.bss)
    SC8815_TIM_Work                          0x200006d4   Data        3640  application_sc8815.o(.bss)
    SC8815_Config                            0x2000150c   Data          56  application_sc8815.o(.bss)
    p_Flash                                  0x20001548   Data          32  stmflash.o(.bss)
    STMFLASH_BUF                             0x20001568   Data        1024  stmflash.o(.bss)
    presset_config_set                       0x20001968   Data         368  menu.o(.bss)
    uart1_Cmd                                0x20001ad8   Data          20  msg_cmd.o(.bss)
    hUsbDeviceFS                             0x20001aec   Data         708  usb_device.o(.bss)
    USBD_StrDesc                             0x20001db0   Data         512  usbd_desc.o(.bss)
    UserRxBufferFS                           0x20001fb0   Data        1024  usbd_cdc_if.o(.bss)
    UserTxBufferFS                           0x200023b0   Data        1024  usbd_cdc_if.o(.bss)
    hpcd_USB_FS                              0x200029d0   Data         752  usbd_conf.o(.bss)
    __initial_sp                             0x200034c0   Data           0  startup_stm32f103xb.o(STACK)



==============================================================================

Memory Map of the image

  Image Entry point : 0x080040ed

  Load Region LR_IROM2 (Base: 0x08004000, Size: 0x00019eb4, Max: 0x0001a400, ABSOLUTE, COMPRESSED[0x00019cf8])

    Execution Region ER_IROM2 (Exec base: 0x08004000, Load base: 0x08004000, Size: 0x00019b2c, Max: 0x0001a400, ABSOLUTE)

    Exec Addr    Load Addr    Size         Type   Attr      Idx    E Section Name        Object

    0x08004000   0x08004000   0x000000ec   Data   RO            3    RESET               startup_stm32f103xb.o
    0x080040ec   0x080040ec   0x00000000   Code   RO         7125  * .ARM.Collect$$$$00000000  mc_w.l(entry.o)
    0x080040ec   0x080040ec   0x00000004   Code   RO         7510    .ARM.Collect$$$$00000001  mc_w.l(entry2.o)
    0x080040f0   0x080040f0   0x00000004   Code   RO         7513    .ARM.Collect$$$$00000004  mc_w.l(entry5.o)
    0x080040f4   0x080040f4   0x00000000   Code   RO         7515    .ARM.Collect$$$$00000008  mc_w.l(entry7b.o)
    0x080040f4   0x080040f4   0x00000000   Code   RO         7517    .ARM.Collect$$$$0000000A  mc_w.l(entry8b.o)
    0x080040f4   0x080040f4   0x00000008   Code   RO         7518    .ARM.Collect$$$$0000000B  mc_w.l(entry9a.o)
    0x080040fc   0x080040fc   0x00000004   Code   RO         7525    .ARM.Collect$$$$0000000E  mc_w.l(entry12b.o)
    0x08004100   0x08004100   0x00000000   Code   RO         7520    .ARM.Collect$$$$0000000F  mc_w.l(entry10a.o)
    0x08004100   0x08004100   0x00000000   Code   RO         7522    .ARM.Collect$$$$00000011  mc_w.l(entry11a.o)
    0x08004100   0x08004100   0x00000004   Code   RO         7511    .ARM.Collect$$$$00002712  mc_w.l(entry2.o)
    0x08004104   0x08004104   0x00000024   Code   RO            4    .text               startup_stm32f103xb.o
    0x08004128   0x08004128   0x00000020   Code   RO         7128    .text               mc_w.l(llushr.o)
    0x08004148   0x08004148   0x00000024   Code   RO         7130    .text               mc_w.l(memcpya.o)
    0x0800416c   0x0800416c   0x00000024   Code   RO         7132    .text               mc_w.l(memseta.o)
    0x08004190   0x08004190   0x00000018   Code   RO         7134    .text               mc_w.l(strcat.o)
    0x080041a8   0x080041a8   0x00000024   Code   RO         7136    .text               mc_w.l(strstr.o)
    0x080041cc   0x080041cc   0x00000014   Code   RO         7138    .text               mc_w.l(strchr.o)
    0x080041e0   0x080041e0   0x0000000e   Code   RO         7140    .text               mc_w.l(strlen.o)
    0x080041ee   0x080041ee   0x0000001a   Code   RO         7142    .text               mc_w.l(memcmp.o)
    0x08004208   0x08004208   0x00000044   Code   RO         7144    .text               mc_w.l(strtok.o)
    0x0800424c   0x0800424c   0x0000002a   Code   RO         7152    .text               mc_w.l(strcasecmp.o)
    0x08004276   0x08004276   0x00000002   PAD
    0x08004278   0x08004278   0x00000038   Code   RO         7415    .text               mc_w.l(__0sscanf.o)
    0x080042b0   0x080042b0   0x0000014c   Code   RO         7417    .text               mc_w.l(_scanf_int.o)
    0x080043fc   0x080043fc   0x00000360   Code   RO         7419    .text               mc_w.l(scanf_fp.o)
    0x0800475c   0x0800475c   0x000000b0   Code   RO         7423    .text               mf_w.l(fadd.o)
    0x0800480c   0x0800480c   0x00000064   Code   RO         7425    .text               mf_w.l(fmul.o)
    0x08004870   0x08004870   0x0000007c   Code   RO         7427    .text               mf_w.l(fdiv.o)
    0x080048ec   0x080048ec   0x00000018   Code   RO         7429    .text               mf_w.l(fscalb.o)
    0x08004904   0x08004904   0x0000014e   Code   RO         7431    .text               mf_w.l(dadd.o)
    0x08004a52   0x08004a52   0x000000e4   Code   RO         7433    .text               mf_w.l(dmul.o)
    0x08004b36   0x08004b36   0x000000de   Code   RO         7435    .text               mf_w.l(ddiv.o)
    0x08004c14   0x08004c14   0x0000002e   Code   RO         7437    .text               mf_w.l(dscalb.o)
    0x08004c42   0x08004c42   0x00000012   Code   RO         7439    .text               mf_w.l(fflti.o)
    0x08004c54   0x08004c54   0x0000000a   Code   RO         7441    .text               mf_w.l(ffltui.o)
    0x08004c5e   0x08004c5e   0x00000022   Code   RO         7443    .text               mf_w.l(dflti.o)
    0x08004c80   0x08004c80   0x0000001a   Code   RO         7445    .text               mf_w.l(dfltui.o)
    0x08004c9a   0x08004c9a   0x00000032   Code   RO         7447    .text               mf_w.l(ffixi.o)
    0x08004ccc   0x08004ccc   0x00000028   Code   RO         7449    .text               mf_w.l(ffixui.o)
    0x08004cf4   0x08004cf4   0x0000003e   Code   RO         7451    .text               mf_w.l(dfixi.o)
    0x08004d32   0x08004d32   0x00000032   Code   RO         7453    .text               mf_w.l(dfixui.o)
    0x08004d64   0x08004d64   0x00000026   Code   RO         7455    .text               mf_w.l(f2d.o)
    0x08004d8a   0x08004d8a   0x00000002   PAD
    0x08004d8c   0x08004d8c   0x00000030   Code   RO         7457    .text               mf_w.l(cdcmple.o)
    0x08004dbc   0x08004dbc   0x00000030   Code   RO         7459    .text               mf_w.l(cdrcmple.o)
    0x08004dec   0x08004dec   0x00000038   Code   RO         7461    .text               mf_w.l(d2f.o)
    0x08004e24   0x08004e24   0x00000014   Code   RO         7463    .text               mf_w.l(cfcmple.o)
    0x08004e38   0x08004e38   0x00000014   Code   RO         7465    .text               mf_w.l(cfrcmple.o)
    0x08004e4c   0x08004e4c   0x0000002c   Code   RO         7527    .text               mc_w.l(uidiv.o)
    0x08004e78   0x08004e78   0x00000062   Code   RO         7529    .text               mc_w.l(uldiv.o)
    0x08004eda   0x08004eda   0x0000001e   Code   RO         7531    .text               mc_w.l(llshl.o)
    0x08004ef8   0x08004ef8   0x00000024   Code   RO         7533    .text               mc_w.l(llsshr.o)
    0x08004f1c   0x08004f1c   0x0000000c   Code   RO         7535    .text               mc_w.l(tolower.o)
    0x08004f28   0x08004f28   0x0000001c   Code   RO         7544    .text               mc_w.l(_chval.o)
    0x08004f44   0x08004f44   0x00000028   Code   RO         7546    .text               mc_w.l(scanf_char.o)
    0x08004f6c   0x08004f6c   0x00000040   Code   RO         7548    .text               mc_w.l(_sgetc.o)
    0x08004fac   0x08004fac   0x00000000   Code   RO         7550    .text               mc_w.l(iusefp.o)
    0x08004fac   0x08004fac   0x0000006e   Code   RO         7551    .text               mf_w.l(fepilogue.o)
    0x0800501a   0x0800501a   0x000000ba   Code   RO         7553    .text               mf_w.l(depilogue.o)
    0x080050d4   0x080050d4   0x00000018   Code   RO         7555    .text               mf_w.l(dfltul.o)
    0x080050ec   0x080050ec   0x00000030   Code   RO         7557    .text               mf_w.l(dfixul.o)
    0x0800511c   0x0800511c   0x0000004c   Code   RO         7559    .text               mf_w.l(ffixir.o)
    0x08005168   0x08005168   0x00000004   Code   RO         7561    .text               mf_w.l(fpstat.o)
    0x0800516c   0x0800516c   0x00000024   Code   RO         7563    .text               mc_w.l(init.o)
    0x08005190   0x08005190   0x0000000a   Code   RO         7565    .text               mc_w.l(isspace_c.o)
    0x0800519a   0x0800519a   0x00000002   PAD
    0x0800519c   0x0800519c   0x00000330   Code   RO         7567    .text               mc_w.l(_scanf.o)
    0x080054cc   0x080054cc   0x000000a2   Code   RO         7569    .text               mf_w.l(dsqrt.o)
    0x0800556e   0x0800556e   0x00000002   PAD
    0x08005570   0x08005570   0x00000028   Code   RO         7571    .text               mc_w.l(ctype_c.o)
    0x08005598   0x08005598   0x00000056   Code   RO         7582    .text               mc_w.l(__dczerorl2.o)
    0x080055ee   0x080055ee   0x00000054   Code   RO         2101    i.ADC_ConversionStop_Disable  stm32f1xx_hal_adc.o
    0x08005642   0x08005642   0x0000004e   Code   RO         2102    i.ADC_DMAConvCplt   stm32f1xx_hal_adc.o
    0x08005690   0x08005690   0x0000001a   Code   RO         2103    i.ADC_DMAError      stm32f1xx_hal_adc.o
    0x080056aa   0x080056aa   0x0000000a   Code   RO         2104    i.ADC_DMAHalfConvCplt  stm32f1xx_hal_adc.o
    0x080056b4   0x080056b4   0x00000080   Code   RO         2105    i.ADC_Enable        stm32f1xx_hal_adc.o
    0x08005734   0x08005734   0x00000290   Code   RO         5345    i.APP_LCD_main_init  application_lcd.o
    0x080059c4   0x080059c4   0x000001c4   Code   RO         5346    i.APP_LCD_main_show  application_lcd.o
    0x08005b88   0x08005b88   0x00000230   Code   RO         5347    i.APP_LCD_presset_running_init  application_lcd.o
    0x08005db8   0x08005db8   0x000001ac   Code   RO         5348    i.APP_LCD_presset_running_show  application_lcd.o
    0x08005f64   0x08005f64   0x00000038   Code   RO         5144    i.App_SC8815_SetBusCurrentLimit  application_sc8815.o
    0x08005f9c   0x08005f9c   0x0000018c   Code   RO         5145    i.App_SC8815_SetOutputVoltage  application_sc8815.o
    0x08006128   0x08006128   0x00000014   Code   RO         4816    i.App_getIBUS_A     application_adc.o
    0x0800613c   0x0800613c   0x0000000c   Code   RO         4819    i.App_getIBUS_mA    application_adc.o
    0x08006148   0x08006148   0x000001c0   Code   RO         4820    i.App_getTemp       application_adc.o
    0x08006308   0x08006308   0x00000034   Code   RO         4821    i.App_getTemp_V     application_adc.o
    0x0800633c   0x0800633c   0x00000044   Code   RO         4823    i.App_getVBAT_V     application_adc.o
    0x08006380   0x08006380   0x00000014   Code   RO         4826    i.App_getVBAT_mV    application_adc.o
    0x08006394   0x08006394   0x00000014   Code   RO         4827    i.App_getVBUS_V     application_adc.o
    0x080063a8   0x080063a8   0x0000000c   Code   RO         4830    i.App_getVBUS_mV    application_adc.o
    0x080063b4   0x080063b4   0x00000018   Code   RO         4095    i.Application_Error_Handler  application.o
    0x080063cc   0x080063cc   0x000000f0   Code   RO         4329    i.Application_Init  application_init.o
    0x080064bc   0x080064bc   0x00000128   Code   RO         5146    i.Application_SC8815_Init  application_sc8815.o
    0x080065e4   0x080065e4   0x00000030   Code   RO         5147    i.Application_SC8815_Run  application_sc8815.o
    0x08006614   0x08006614   0x00000030   Code   RO         5149    i.Application_SC8815_Standby  application_sc8815.o
    0x08006644   0x08006644   0x0000005c   Code   RO         5150    i.Application_SC8815_loadStart  application_sc8815.o
    0x080066a0   0x080066a0   0x00000016   Code   RO         4096    i.Application_SoftwareDelay  application.o
    0x080066b6   0x080066b6   0x00000002   PAD
    0x080066b8   0x080066b8   0x00000194   Code   RO         4097    i.Application_main  application.o
    0x0800684c   0x0800684c   0x00000038   Code   RO         4781    i.BUZZER_OPEN       application_buzzer.o
    0x08006884   0x08006884   0x00000002   Code   RO          458    i.BusFault_Handler  stm32f1xx_it.o
    0x08006886   0x08006886   0x00000008   Code   RO         6420    i.CDC_Control_FS    usbd_cdc_if.o
    0x0800688e   0x0800688e   0x00000004   Code   RO         6421    i.CDC_DeInit_FS     usbd_cdc_if.o
    0x08006892   0x08006892   0x00000002   PAD
    0x08006894   0x08006894   0x00000024   Code   RO         6422    i.CDC_Init_FS       usbd_cdc_if.o
    0x080068b8   0x080068b8   0x00000070   Code   RO         6423    i.CDC_Receive_FS    usbd_cdc_if.o
    0x08006928   0x08006928   0x0000002c   Code   RO         6424    i.CDC_Transmit_FS   usbd_cdc_if.o
    0x08006954   0x08006954   0x00000068   Code   RO         5505    i.DC_limit_page_process  menu.o
    0x080069bc   0x080069bc   0x00000174   Code   RO         5655    i.DC_limit_page_ui_process  menu_ui.o
    0x08006b30   0x08006b30   0x0000000c   Code   RO          459    i.DMA1_Channel1_IRQHandler  stm32f1xx_it.o
    0x08006b3c   0x08006b3c   0x0000000c   Code   RO          460    i.DMA1_Channel5_IRQHandler  stm32f1xx_it.o
    0x08006b48   0x08006b48   0x0000002c   Code   RO         1483    i.DMA_SetConfig     stm32f1xx_hal_dma.o
    0x08006b74   0x08006b74   0x00000002   Code   RO          461    i.DebugMon_Handler  stm32f1xx_it.o
    0x08006b76   0x08006b76   0x0000001e   Code   RO          462    i.EXTI15_10_IRQHandler  stm32f1xx_it.o
    0x08006b94   0x08006b94   0x000000dc   Code   RO         5656    i.Enter_Page        menu_ui.o
    0x08006c70   0x08006c70   0x00000008   Code   RO           13    i.Error_Handler     main.o
    0x08006c78   0x08006c78   0x0000001c   Code   RO         1820    i.FLASH_Program_HalfWord  stm32f1xx_hal_flash.o
    0x08006c94   0x08006c94   0x0000005c   Code   RO         1821    i.FLASH_SetErrorCode  stm32f1xx_hal_flash.o
    0x08006cf0   0x08006cf0   0x00000054   Code   RO         1822    i.FLASH_WaitForLastOperation  stm32f1xx_hal_flash.o
    0x08006d44   0x08006d44   0x00000024   Code   RO         5442    i.Flash_PageErase   stmflash.o
    0x08006d68   0x08006d68   0x00000028   Code   RO         4098    i.GetCPU_ID         application.o
    0x08006d90   0x08006d90   0x00000038   Code   RO         6336    i.Get_SerialNum     usbd_desc.o
    0x08006dc8   0x08006dc8   0x000000f4   Code   RO         2281    i.HAL_ADCEx_Calibration_Start  stm32f1xx_hal_adc_ex.o
    0x08006ebc   0x08006ebc   0x00000108   Code   RO         2107    i.HAL_ADC_ConfigChannel  stm32f1xx_hal_adc.o
    0x08006fc4   0x08006fc4   0x00000002   Code   RO         2108    i.HAL_ADC_ConvCpltCallback  stm32f1xx_hal_adc.o
    0x08006fc6   0x08006fc6   0x00000002   Code   RO         2109    i.HAL_ADC_ConvHalfCpltCallback  stm32f1xx_hal_adc.o
    0x08006fc8   0x08006fc8   0x00000002   Code   RO         2111    i.HAL_ADC_ErrorCallback  stm32f1xx_hal_adc.o
    0x08006fca   0x08006fca   0x00000002   PAD
    0x08006fcc   0x08006fcc   0x00000118   Code   RO         2116    i.HAL_ADC_Init      stm32f1xx_hal_adc.o
    0x080070e4   0x080070e4   0x00000090   Code   RO          231    i.HAL_ADC_MspInit   adc.o
    0x08007174   0x08007174   0x00000120   Code   RO         2123    i.HAL_ADC_Start_DMA  stm32f1xx_hal_adc.o
    0x08007294   0x08007294   0x00000046   Code   RO         1484    i.HAL_DMA_Abort     stm32f1xx_hal_dma.o
    0x080072da   0x080072da   0x00000002   PAD
    0x080072dc   0x080072dc   0x00000098   Code   RO         1485    i.HAL_DMA_Abort_IT  stm32f1xx_hal_dma.o
    0x08007374   0x08007374   0x00000006   Code   RO         1488    i.HAL_DMA_GetState  stm32f1xx_hal_dma.o
    0x0800737a   0x0800737a   0x00000002   PAD
    0x0800737c   0x0800737c   0x00000168   Code   RO         1489    i.HAL_DMA_IRQHandler  stm32f1xx_hal_dma.o
    0x080074e4   0x080074e4   0x00000064   Code   RO         1490    i.HAL_DMA_Init      stm32f1xx_hal_dma.o
    0x08007548   0x08007548   0x00000074   Code   RO         1494    i.HAL_DMA_Start_IT  stm32f1xx_hal_dma.o
    0x080075bc   0x080075bc   0x00000024   Code   RO         1105    i.HAL_Delay         stm32f1xx_hal.o
    0x080075e0   0x080075e0   0x00000014   Code   RO         1826    i.HAL_FLASH_Lock    stm32f1xx_hal_flash.o
    0x080075f4   0x080075f4   0x0000008c   Code   RO         1831    i.HAL_FLASH_Program  stm32f1xx_hal_flash.o
    0x08007680   0x08007680   0x00000028   Code   RO         1833    i.HAL_FLASH_Unlock  stm32f1xx_hal_flash.o
    0x080076a8   0x080076a8   0x00000070   Code   RO         4259    i.HAL_GPIO_EXTI_Callback  application_callback.o
    0x08007718   0x08007718   0x00000018   Code   RO         1419    i.HAL_GPIO_EXTI_IRQHandler  stm32f1xx_hal_gpio.o
    0x08007730   0x08007730   0x000001f0   Code   RO         1420    i.HAL_GPIO_Init     stm32f1xx_hal_gpio.o
    0x08007920   0x08007920   0x0000000e   Code   RO         1422    i.HAL_GPIO_ReadPin  stm32f1xx_hal_gpio.o
    0x0800792e   0x0800792e   0x0000000e   Code   RO         1424    i.HAL_GPIO_WritePin  stm32f1xx_hal_gpio.o
    0x0800793c   0x0800793c   0x0000000c   Code   RO         1109    i.HAL_GetTick       stm32f1xx_hal.o
    0x08007948   0x08007948   0x00000010   Code   RO         1115    i.HAL_IncTick       stm32f1xx_hal.o
    0x08007958   0x08007958   0x00000024   Code   RO         1116    i.HAL_Init          stm32f1xx_hal.o
    0x0800797c   0x0800797c   0x00000044   Code   RO         1117    i.HAL_InitTick      stm32f1xx_hal.o
    0x080079c0   0x080079c0   0x0000003c   Code   RO          573    i.HAL_MspInit       stm32f1xx_hal_msp.o
    0x080079fc   0x080079fc   0x0000001a   Code   RO         1580    i.HAL_NVIC_EnableIRQ  stm32f1xx_hal_cortex.o
    0x08007a16   0x08007a16   0x00000002   PAD
    0x08007a18   0x08007a18   0x00000040   Code   RO         1586    i.HAL_NVIC_SetPriority  stm32f1xx_hal_cortex.o
    0x08007a58   0x08007a58   0x00000024   Code   RO         1587    i.HAL_NVIC_SetPriorityGrouping  stm32f1xx_hal_cortex.o
    0x08007a7c   0x08007a7c   0x0000003c   Code   RO          872    i.HAL_PCDEx_PMAConfig  stm32f1xx_hal_pcd_ex.o
    0x08007ab8   0x08007ab8   0x00000002   Code   RO         6485    i.HAL_PCDEx_SetConnectionState  usbd_conf.o
    0x08007aba   0x08007aba   0x00000012   Code   RO         6487    i.HAL_PCD_DataInStageCallback  usbd_conf.o
    0x08007acc   0x08007acc   0x00000014   Code   RO         6488    i.HAL_PCD_DataOutStageCallback  usbd_conf.o
    0x08007ae0   0x08007ae0   0x00000048   Code   RO          643    i.HAL_PCD_EP_Close  stm32f1xx_hal_pcd.o
    0x08007b28   0x08007b28   0x00000058   Code   RO          644    i.HAL_PCD_EP_ClrStall  stm32f1xx_hal_pcd.o
    0x08007b80   0x08007b80   0x000000f8   Code   RO          645    i.HAL_PCD_EP_DB_Receive  stm32f1xx_hal_pcd.o
    0x08007c78   0x08007c78   0x00000396   Code   RO          646    i.HAL_PCD_EP_DB_Transmit  stm32f1xx_hal_pcd.o
    0x0800800e   0x0800800e   0x00000012   Code   RO          648    i.HAL_PCD_EP_GetRxCount  stm32f1xx_hal_pcd.o
    0x08008020   0x08008020   0x00000056   Code   RO          649    i.HAL_PCD_EP_Open   stm32f1xx_hal_pcd.o
    0x08008076   0x08008076   0x00000028   Code   RO          650    i.HAL_PCD_EP_Receive  stm32f1xx_hal_pcd.o
    0x0800809e   0x0800809e   0x0000006e   Code   RO          651    i.HAL_PCD_EP_SetStall  stm32f1xx_hal_pcd.o
    0x0800810c   0x0800810c   0x0000002e   Code   RO          652    i.HAL_PCD_EP_Transmit  stm32f1xx_hal_pcd.o
    0x0800813a   0x0800813a   0x00000140   Code   RO          654    i.HAL_PCD_IRQHandler  stm32f1xx_hal_pcd.o
    0x0800827a   0x0800827a   0x000000d8   Code   RO          657    i.HAL_PCD_Init      stm32f1xx_hal_pcd.o
    0x08008352   0x08008352   0x00000002   PAD
    0x08008354   0x08008354   0x0000003c   Code   RO         6493    i.HAL_PCD_MspInit   usbd_conf.o
    0x08008390   0x08008390   0x00000026   Code   RO         6494    i.HAL_PCD_ResetCallback  usbd_conf.o
    0x080083b6   0x080083b6   0x00000008   Code   RO         6495    i.HAL_PCD_ResumeCallback  usbd_conf.o
    0x080083be   0x080083be   0x00000008   Code   RO         6496    i.HAL_PCD_SOFCallback  usbd_conf.o
    0x080083c6   0x080083c6   0x00000028   Code   RO          663    i.HAL_PCD_SetAddress  stm32f1xx_hal_pcd.o
    0x080083ee   0x080083ee   0x0000000e   Code   RO         6497    i.HAL_PCD_SetupStageCallback  usbd_conf.o
    0x080083fc   0x080083fc   0x00000032   Code   RO          665    i.HAL_PCD_Start     stm32f1xx_hal_pcd.o
    0x0800842e   0x0800842e   0x00000002   PAD
    0x08008430   0x08008430   0x00000024   Code   RO         6498    i.HAL_PCD_SuspendCallback  usbd_conf.o
    0x08008454   0x08008454   0x000000a8   Code   RO         1381    i.HAL_RCCEx_GetPeriphCLKFreq  stm32f1xx_hal_rcc_ex.o
    0x080084fc   0x080084fc   0x0000010c   Code   RO         1382    i.HAL_RCCEx_PeriphCLKConfig  stm32f1xx_hal_rcc_ex.o
    0x08008608   0x08008608   0x00000154   Code   RO         1273    i.HAL_RCC_ClockConfig  stm32f1xx_hal_rcc.o
    0x0800875c   0x0800875c   0x0000000c   Code   RO         1278    i.HAL_RCC_GetHCLKFreq  stm32f1xx_hal_rcc.o
    0x08008768   0x08008768   0x00000020   Code   RO         1280    i.HAL_RCC_GetPCLK1Freq  stm32f1xx_hal_rcc.o
    0x08008788   0x08008788   0x00000020   Code   RO         1281    i.HAL_RCC_GetPCLK2Freq  stm32f1xx_hal_rcc.o
    0x080087a8   0x080087a8   0x0000004c   Code   RO         1282    i.HAL_RCC_GetSysClockFreq  stm32f1xx_hal_rcc.o
    0x080087f4   0x080087f4   0x00000384   Code   RO         1285    i.HAL_RCC_OscConfig  stm32f1xx_hal_rcc.o
    0x08008b78   0x08008b78   0x00000002   Code   RO         2384    i.HAL_SPI_ErrorCallback  stm32f1xx_hal_spi.o
    0x08008b7a   0x08008b7a   0x00000006   Code   RO         2386    i.HAL_SPI_GetState  stm32f1xx_hal_spi.o
    0x08008b80   0x08008b80   0x000000b4   Code   RO         2388    i.HAL_SPI_Init      stm32f1xx_hal_spi.o
    0x08008c34   0x08008c34   0x00000094   Code   RO          297    i.HAL_SPI_MspInit   spi.o
    0x08008cc8   0x08008cc8   0x00000194   Code   RO         2396    i.HAL_SPI_Transmit  stm32f1xx_hal_spi.o
    0x08008e5c   0x08008e5c   0x000000d0   Code   RO         2400    i.HAL_SPI_Transmit_DMA  stm32f1xx_hal_spi.o
    0x08008f2c   0x08008f2c   0x00000002   Code   RO         2402    i.HAL_SPI_TxCpltCallback  stm32f1xx_hal_spi.o
    0x08008f2e   0x08008f2e   0x00000002   Code   RO         2403    i.HAL_SPI_TxHalfCpltCallback  stm32f1xx_hal_spi.o
    0x08008f30   0x08008f30   0x00000028   Code   RO         1591    i.HAL_SYSTICK_Config  stm32f1xx_hal_cortex.o
    0x08008f58   0x08008f58   0x00000002   Code   RO         3416    i.HAL_TIMEx_BreakCallback  stm32f1xx_hal_tim_ex.o
    0x08008f5a   0x08008f5a   0x00000002   Code   RO         3417    i.HAL_TIMEx_CommutCallback  stm32f1xx_hal_tim_ex.o
    0x08008f5c   0x08008f5c   0x00000054   Code   RO         3419    i.HAL_TIMEx_ConfigBreakDeadTime  stm32f1xx_hal_tim_ex.o
    0x08008fb0   0x08008fb0   0x00000068   Code   RO         3435    i.HAL_TIMEx_MasterConfigSynchronization  stm32f1xx_hal_tim_ex.o
    0x08009018   0x08009018   0x0000004a   Code   RO         2701    i.HAL_TIM_Base_Init  stm32f1xx_hal_tim.o
    0x08009062   0x08009062   0x00000002   PAD
    0x08009064   0x08009064   0x00000050   Code   RO          339    i.HAL_TIM_Base_MspInit  tim.o
    0x080090b4   0x080090b4   0x00000064   Code   RO         2706    i.HAL_TIM_Base_Start_IT  stm32f1xx_hal_tim.o
    0x08009118   0x08009118   0x000000e8   Code   RO         2710    i.HAL_TIM_ConfigClockSource  stm32f1xx_hal_tim.o
    0x08009200   0x08009200   0x00000002   Code   RO         2735    i.HAL_TIM_IC_CaptureCallback  stm32f1xx_hal_tim.o
    0x08009202   0x08009202   0x0000016e   Code   RO         2749    i.HAL_TIM_IRQHandler  stm32f1xx_hal_tim.o
    0x08009370   0x08009370   0x0000004c   Code   RO          340    i.HAL_TIM_MspPostInit  tim.o
    0x080093bc   0x080093bc   0x00000002   Code   RO         2752    i.HAL_TIM_OC_DelayElapsedCallback  stm32f1xx_hal_tim.o
    0x080093be   0x080093be   0x000000d8   Code   RO         2773    i.HAL_TIM_PWM_ConfigChannel  stm32f1xx_hal_tim.o
    0x08009496   0x08009496   0x0000004a   Code   RO         2776    i.HAL_TIM_PWM_Init  stm32f1xx_hal_tim.o
    0x080094e0   0x080094e0   0x00000028   Code   RO          342    i.HAL_TIM_PWM_MspInit  tim.o
    0x08009508   0x08009508   0x00000002   Code   RO         2779    i.HAL_TIM_PWM_PulseFinishedCallback  stm32f1xx_hal_tim.o
    0x0800950a   0x0800950a   0x00000002   PAD
    0x0800950c   0x0800950c   0x000000ac   Code   RO         2781    i.HAL_TIM_PWM_Start  stm32f1xx_hal_tim.o
    0x080095b8   0x080095b8   0x00000074   Code   RO         2784    i.HAL_TIM_PWM_Stop  stm32f1xx_hal_tim.o
    0x0800962c   0x0800962c   0x000000b4   Code   RO         4260    i.HAL_TIM_PeriodElapsedCallback  application_callback.o
    0x080096e0   0x080096e0   0x00000002   Code   RO         2792    i.HAL_TIM_TriggerCallback  stm32f1xx_hal_tim.o
    0x080096e2   0x080096e2   0x00000002   Code   RO         3695    i.HAL_UARTEx_RxEventCallback  stm32f1xx_hal_uart.o
    0x080096e4   0x080096e4   0x00000002   Code   RO         3699    i.HAL_UART_AbortReceiveCpltCallback  stm32f1xx_hal_uart.o
    0x080096e6   0x080096e6   0x00000002   PAD
    0x080096e8   0x080096e8   0x000000a8   Code   RO         3700    i.HAL_UART_AbortReceive_IT  stm32f1xx_hal_uart.o
    0x08009790   0x08009790   0x00000002   Code   RO         3709    i.HAL_UART_ErrorCallback  stm32f1xx_hal_uart.o
    0x08009792   0x08009792   0x00000002   PAD
    0x08009794   0x08009794   0x00000230   Code   RO         3712    i.HAL_UART_IRQHandler  stm32f1xx_hal_uart.o
    0x080099c4   0x080099c4   0x00000066   Code   RO         3713    i.HAL_UART_Init     stm32f1xx_hal_uart.o
    0x08009a2a   0x08009a2a   0x00000002   PAD
    0x08009a2c   0x08009a2c   0x00000080   Code   RO          417    i.HAL_UART_MspInit  usart.o
    0x08009aac   0x08009aac   0x0000001c   Code   RO         3718    i.HAL_UART_Receive_IT  stm32f1xx_hal_uart.o
    0x08009ac8   0x08009ac8   0x00000028   Code   RO         4261    i.HAL_UART_RxCpltCallback  application_callback.o
    0x08009af0   0x08009af0   0x000000a4   Code   RO         3721    i.HAL_UART_Transmit  stm32f1xx_hal_uart.o
    0x08009b94   0x08009b94   0x00000002   Code   RO         3724    i.HAL_UART_TxCpltCallback  stm32f1xx_hal_uart.o
    0x08009b96   0x08009b96   0x0000008a   Code   RO         6082    i.HUSB238_ExtractCap  husb238.o
    0x08009c20   0x08009c20   0x00000038   Code   RO         6086    i.HUSB238_I2CReadBytes  husb238.o
    0x08009c58   0x08009c58   0x00000012   Code   RO         6087    i.HUSB238_ReadAllReg  husb238.o
    0x08009c6a   0x08009c6a   0x00000002   PAD
    0x08009c6c   0x08009c6c   0x000000e8   Code   RO         6266    i.HUSB238_Refresh_Voltage  fast_charge.o
    0x08009d54   0x08009d54   0x0000000a   Code   RO         6089    i.HUSB238_RequestPDO  husb238.o
    0x08009d5e   0x08009d5e   0x00000018   Code   RO         6090    i.HUSB238_SelVoltage  husb238.o
    0x08009d76   0x08009d76   0x00000002   PAD
    0x08009d78   0x08009d78   0x0000000c   Code   RO         6091    i.HUSB238_Voltage2PDO  husb238.o
    0x08009d84   0x08009d84   0x00000036   Code   RO         6092    i.HUSB238_WriteReg  husb238.o
    0x08009dba   0x08009dba   0x00000002   Code   RO          463    i.HardFault_Handler  stm32f1xx_it.o
    0x08009dbc   0x08009dbc   0x00000046   Code   RO         5151    i.I2C_ReadRegByte   application_sc8815.o
    0x08009e02   0x08009e02   0x00000002   PAD
    0x08009e04   0x08009e04   0x0000008c   Code   RO         5152    i.I2C_WriteRegByte  application_sc8815.o
    0x08009e90   0x08009e90   0x0000000c   Code   RO         5153    i.IIC_delay         application_sc8815.o
    0x08009e9c   0x08009e9c   0x00000048   Code   RO         6175    i.INA226_Init       ina226.o
    0x08009ee4   0x08009ee4   0x0000004a   Code   RO         6176    i.INA226_Read2Byte  ina226.o
    0x08009f2e   0x08009f2e   0x00000002   PAD
    0x08009f30   0x08009f30   0x00000088   Code   RO         6177    i.INA226_ReadCurrent  ina226.o
    0x08009fb8   0x08009fb8   0x00000020   Code   RO         6179    i.INA226_ReadVoltage  ina226.o
    0x08009fd8   0x08009fd8   0x0000003c   Code   RO         6180    i.INA226_Write2Byte  ina226.o
    0x0800a014   0x0800a014   0x0000003a   Code   RO         6337    i.IntToUnicode      usbd_desc.o
    0x0800a04e   0x0800a04e   0x00000002   PAD
    0x0800a050   0x0800a050   0x00000040   Code   RO         5506    i.JUMP_Table        menu.o
    0x0800a090   0x0800a090   0x000000fc   Code   RO         5064    i.LCD_Address_Set   lcd_init.o
    0x0800a18c   0x0800a18c   0x00000028   Code   RO         4945    i.LCD_DrawPoint     lcd.o
    0x0800a1b4   0x0800a1b4   0x00000090   Code   RO         4948    i.LCD_Fill_DMA      lcd.o
    0x0800a244   0x0800a244   0x000001b8   Code   RO         5065    i.LCD_Init          lcd_init.o
    0x0800a3fc   0x0800a3fc   0x00000114   Code   RO         4950    i.LCD_ShowChar      lcd.o
    0x0800a510   0x0800a510   0x00000052   Code   RO         4951    i.LCD_ShowChinese   lcd.o
    0x0800a562   0x0800a562   0x00000002   PAD
    0x0800a564   0x0800a564   0x0000010c   Code   RO         4952    i.LCD_ShowChinese16x16  lcd.o
    0x0800a670   0x0800a670   0x0000010c   Code   RO         4953    i.LCD_ShowChinese32x32  lcd.o
    0x0800a77c   0x0800a77c   0x00000084   Code   RO         4955    i.LCD_ShowIntNum    lcd.o
    0x0800a800   0x0800a800   0x00000060   Code   RO         4956    i.LCD_ShowPicture   lcd.o
    0x0800a860   0x0800a860   0x00000036   Code   RO         4957    i.LCD_ShowString    lcd.o
    0x0800a896   0x0800a896   0x00000014   Code   RO         5067    i.LCD_WR_DATA       lcd_init.o
    0x0800a8aa   0x0800a8aa   0x00000004   Code   RO         5068    i.LCD_WR_DATA8      lcd_init.o
    0x0800a8ae   0x0800a8ae   0x00000002   PAD
    0x0800a8b0   0x0800a8b0   0x00000020   Code   RO         5069    i.LCD_WR_DATA8_NO_DMA  lcd_init.o
    0x0800a8d0   0x0800a8d0   0x0000003c   Code   RO         5070    i.LCD_WR_REG        lcd_init.o
    0x0800a90c   0x0800a90c   0x00000088   Code   RO         5071    i.LCD_Writ_Bus      lcd_init.o
    0x0800a994   0x0800a994   0x00000108   Code   RO         5350    i.LCD_off_menu_line  application_lcd.o
    0x0800aa9c   0x0800aa9c   0x00000142   Code   RO         5351    i.LCD_on_menu_line  application_lcd.o
    0x0800abde   0x0800abde   0x00000002   PAD
    0x0800abe0   0x0800abe0   0x00000070   Code   RO         5352    i.LCD_show_icon     application_lcd.o
    0x0800ac50   0x0800ac50   0x00000068   Code   RO         5353    i.LCD_show_iset     application_lcd.o
    0x0800acb8   0x0800acb8   0x0000043c   Code   RO         5354    i.LCD_show_main_page_status  application_lcd.o
    0x0800b0f4   0x0800b0f4   0x00000070   Code   RO         5355    i.LCD_show_on_off   application_lcd.o
    0x0800b164   0x0800b164   0x0000008c   Code   RO         5356    i.LCD_show_vset     application_lcd.o
    0x0800b1f0   0x0800b1f0   0x00000090   Code   RO          232    i.MX_ADC1_Init      adc.o
    0x0800b280   0x0800b280   0x0000003c   Code   RO          272    i.MX_DMA_Init       dma.o
    0x0800b2bc   0x0800b2bc   0x00000164   Code   RO          206    i.MX_GPIO_Init      gpio.o
    0x0800b420   0x0800b420   0x0000004c   Code   RO          298    i.MX_SPI2_Init      spi.o
    0x0800b46c   0x0800b46c   0x000000a4   Code   RO          343    i.MX_TIM1_Init      tim.o
    0x0800b510   0x0800b510   0x00000068   Code   RO          344    i.MX_TIM2_Init      tim.o
    0x0800b578   0x0800b578   0x00000068   Code   RO          345    i.MX_TIM3_Init      tim.o
    0x0800b5e0   0x0800b5e0   0x00000050   Code   RO          418    i.MX_USART1_UART_Init  usart.o
    0x0800b630   0x0800b630   0x00000054   Code   RO         6305    i.MX_USB_DEVICE_Init  usb_device.o
    0x0800b684   0x0800b684   0x00000002   Code   RO          464    i.MemManage_Handler  stm32f1xx_it.o
    0x0800b686   0x0800b686   0x00000002   PAD
    0x0800b688   0x0800b688   0x00000010   Code   RO         5507    i.Menu_Select_Item  menu.o
    0x0800b698   0x0800b698   0x00000002   Code   RO          465    i.NMI_Handler       stm32f1xx_it.o
    0x0800b69a   0x0800b69a   0x000003de   Code   RO          669    i.PCD_EP_ISR_Handler  stm32f1xx_hal_pcd.o
    0x0800ba78   0x0800ba78   0x00000034   Code   RO         5840    i.PDP_search_handler  msg_cmd.o
    0x0800baac   0x0800baac   0x00000002   Code   RO          466    i.PendSV_Handler    stm32f1xx_it.o
    0x0800baae   0x0800baae   0x00000002   PAD
    0x0800bab0   0x0800bab0   0x00000024   Code   RO         1286    i.RCC_Delay         stm32f1xx_hal_rcc.o
    0x0800bad4   0x0800bad4   0x0000001a   Code   RO         4395    i.SC8815_ADC_Disable  sc8815.o
    0x0800baee   0x0800baee   0x00000016   Code   RO         4398    i.SC8815_BatteryConfig  sc8815.o
    0x0800bb04   0x0800bb04   0x00000058   Code   RO         4399    i.SC8815_ConfigInterruptMask  sc8815.o
    0x0800bb5c   0x0800bb5c   0x000000bc   Code   RO         4415    i.SC8815_HardwareInit  sc8815.o
    0x0800bc18   0x0800bc18   0x00000234   Code   RO         5154    i.SC8815_IBUS_adjust  application_sc8815.o
    0x0800be4c   0x0800be4c   0x00000248   Code   RO         5155    i.SC8815_IBUS_calibration  application_sc8815.o
    0x0800c094   0x0800c094   0x0000001a   Code   RO         4418    i.SC8815_OTG_Enable  sc8815.o
    0x0800c0ae   0x0800c0ae   0x0000001a   Code   RO         4423    i.SC8815_PFM_Disable  sc8815.o
    0x0800c0c8   0x0800c0c8   0x0000001a   Code   RO         4424    i.SC8815_PFM_Enable  sc8815.o
    0x0800c0e2   0x0800c0e2   0x0000001a   Code   RO         4426    i.SC8815_PGATE_Disable  sc8815.o
    0x0800c0fc   0x0800c0fc   0x00000030   Code   RO         5156    i.SC8815_Preset_Mode_Quit  application_sc8815.o
    0x0800c12c   0x0800c12c   0x00000038   Code   RO         5157    i.SC8815_Preset_Read  application_sc8815.o
    0x0800c164   0x0800c164   0x00000014   Code   RO         5158    i.SC8815_Preset_Save  application_sc8815.o
    0x0800c178   0x0800c178   0x0000001a   Code   RO         4435    i.SC8815_SFB_Disable  sc8815.o
    0x0800c192   0x0800c192   0x0000001a   Code   RO         4436    i.SC8815_SFB_Enable  sc8815.o
    0x0800c1ac   0x0800c1ac   0x0000001e   Code   RO         4438    i.SC8815_SetBatteryCell  sc8815.o
    0x0800c1ca   0x0800c1ca   0x00000002   PAD
    0x0800c1cc   0x0800c1cc   0x00000060   Code   RO         4439    i.SC8815_SetBatteryCurrLimit  sc8815.o
    0x0800c22c   0x0800c22c   0x00000060   Code   RO         4440    i.SC8815_SetBusCurrentLimit  sc8815.o
    0x0800c28c   0x0800c28c   0x0000003c   Code   RO         4441    i.SC8815_SetDeadTime  sc8815.o
    0x0800c2c8   0x0800c2c8   0x00000034   Code   RO         4442    i.SC8815_SetIBUSRatio  sc8815.o
    0x0800c2fc   0x0800c2fc   0x0000002c   Code   RO         4443    i.SC8815_SetILIMBW  sc8815.o
    0x0800c328   0x0800c328   0x000000e4   Code   RO         4446    i.SC8815_SetOutputVoltage  sc8815.o
    0x0800c40c   0x0800c40c   0x00000040   Code   RO         4447    i.SC8815_SetSWFreq  sc8815.o
    0x0800c44c   0x0800c44c   0x00000038   Code   RO         4448    i.SC8815_SetVBUSFBMode  sc8815.o
    0x0800c484   0x0800c484   0x0000011c   Code   RO         5159    i.SC8815_Soft_Protect  application_sc8815.o
    0x0800c5a0   0x0800c5a0   0x00000070   Code   RO         5160    i.SC8815_auto_output  application_sc8815.o
    0x0800c610   0x0800c610   0x00000458   Code   RO         5161    i.SC8815_output_calibration  application_sc8815.o
    0x0800ca68   0x0800ca68   0x00000044   Code   RO         4099    i.SET_LED1_Status   application.o
    0x0800caac   0x0800caac   0x00000022   Code   RO         2416    i.SPI_DMAError      stm32f1xx_hal_spi.o
    0x0800cace   0x0800cace   0x0000000a   Code   RO         2418    i.SPI_DMAHalfTransmitCplt  stm32f1xx_hal_spi.o
    0x0800cad8   0x0800cad8   0x00000064   Code   RO         2422    i.SPI_DMATransmitCplt  stm32f1xx_hal_spi.o
    0x0800cb3c   0x0800cb3c   0x00000024   Code   RO         2426    i.SPI_EndRxTxTransaction  stm32f1xx_hal_spi.o
    0x0800cb60   0x0800cb60   0x000000bc   Code   RO         2431    i.SPI_WaitFlagStateUntilTimeout  stm32f1xx_hal_spi.o
    0x0800cc1c   0x0800cc1c   0x0000001e   Code   RO         5443    i.STMFLASH_Read     stmflash.o
    0x0800cc3a   0x0800cc3a   0x00000004   Code   RO         5444    i.STMFLASH_ReadByte  stmflash.o
    0x0800cc3e   0x0800cc3e   0x0000001c   Code   RO         5445    i.STMFLASH_ReadBytes  stmflash.o
    0x0800cc5a   0x0800cc5a   0x00000004   Code   RO         5446    i.STMFLASH_ReadHalfWord  stmflash.o
    0x0800cc5e   0x0800cc5e   0x00000002   PAD
    0x0800cc60   0x0800cc60   0x000000e4   Code   RO         5447    i.STMFLASH_Write    stmflash.o
    0x0800cd44   0x0800cd44   0x0000002a   Code   RO         5448    i.STMFLASH_Write_NoCheck  stmflash.o
    0x0800cd6e   0x0800cd6e   0x00000002   Code   RO          467    i.SVC_Handler       stm32f1xx_it.o
    0x0800cd70   0x0800cd70   0x00000004   Code   RO         5162    i.SoftwareDelay     application_sc8815.o
    0x0800cd74   0x0800cd74   0x00000004   Code   RO          468    i.SysTick_Handler   stm32f1xx_it.o
    0x0800cd78   0x0800cd78   0x0000007e   Code   RO           14    i.SystemClock_Config  main.o
    0x0800cdf6   0x0800cdf6   0x00000002   PAD
    0x0800cdf8   0x0800cdf8   0x00000010   Code   RO         4057    i.SystemInit        system_stm32f1xx.o
    0x0800ce08   0x0800ce08   0x0000000c   Code   RO          469    i.TIM3_IRQHandler   stm32f1xx_it.o
    0x0800ce14   0x0800ce14   0x0000006c   Code   RO         2794    i.TIM_Base_SetConfig  stm32f1xx_hal_tim.o
    0x0800ce80   0x0800ce80   0x0000001a   Code   RO         2795    i.TIM_CCxChannelCmd  stm32f1xx_hal_tim.o
    0x0800ce9a   0x0800ce9a   0x00000014   Code   RO         2805    i.TIM_ETR_SetConfig  stm32f1xx_hal_tim.o
    0x0800ceae   0x0800ceae   0x00000010   Code   RO         2806    i.TIM_ITRx_SetConfig  stm32f1xx_hal_tim.o
    0x0800cebe   0x0800cebe   0x00000002   PAD
    0x0800cec0   0x0800cec0   0x00000060   Code   RO         2807    i.TIM_OC1_SetConfig  stm32f1xx_hal_tim.o
    0x0800cf20   0x0800cf20   0x00000064   Code   RO         2808    i.TIM_OC2_SetConfig  stm32f1xx_hal_tim.o
    0x0800cf84   0x0800cf84   0x00000060   Code   RO         2809    i.TIM_OC3_SetConfig  stm32f1xx_hal_tim.o
    0x0800cfe4   0x0800cfe4   0x00000048   Code   RO         2810    i.TIM_OC4_SetConfig  stm32f1xx_hal_tim.o
    0x0800d02c   0x0800d02c   0x00000022   Code   RO         2812    i.TIM_TI1_ConfigInputStage  stm32f1xx_hal_tim.o
    0x0800d04e   0x0800d04e   0x00000024   Code   RO         2814    i.TIM_TI2_ConfigInputStage  stm32f1xx_hal_tim.o
    0x0800d072   0x0800d072   0x00000010   Code   RO         3726    i.UART_DMAAbortOnError  stm32f1xx_hal_uart.o
    0x0800d082   0x0800d082   0x00000016   Code   RO         3731    i.UART_DMARxOnlyAbortCallback  stm32f1xx_hal_uart.o
    0x0800d098   0x0800d098   0x0000004e   Code   RO         3736    i.UART_EndRxTransfer  stm32f1xx_hal_uart.o
    0x0800d0e6   0x0800d0e6   0x0000001a   Code   RO         3737    i.UART_EndTransmit_IT  stm32f1xx_hal_uart.o
    0x0800d100   0x0800d100   0x000000c8   Code   RO         3739    i.UART_Receive_IT   stm32f1xx_hal_uart.o
    0x0800d1c8   0x0800d1c8   0x000000b8   Code   RO         3740    i.UART_SetConfig    stm32f1xx_hal_uart.o
    0x0800d280   0x0800d280   0x00000038   Code   RO         3742    i.UART_Start_Receive_IT  stm32f1xx_hal_uart.o
    0x0800d2b8   0x0800d2b8   0x0000005e   Code   RO         3743    i.UART_Transmit_IT  stm32f1xx_hal_uart.o
    0x0800d316   0x0800d316   0x00000074   Code   RO         3744    i.UART_WaitOnFlagUntilTimeout  stm32f1xx_hal_uart.o
    0x0800d38a   0x0800d38a   0x00000002   PAD
    0x0800d38c   0x0800d38c   0x00000098   Code   RO          470    i.USART1_IRQHandler  stm32f1xx_it.o
    0x0800d424   0x0800d424   0x00000048   Code   RO         6990    i.USBD_CDC_DataIn   usbd_cdc.o
    0x0800d46c   0x0800d46c   0x00000030   Code   RO         6991    i.USBD_CDC_DataOut  usbd_cdc.o
    0x0800d49c   0x0800d49c   0x00000044   Code   RO         6992    i.USBD_CDC_DeInit   usbd_cdc.o
    0x0800d4e0   0x0800d4e0   0x0000002a   Code   RO         6993    i.USBD_CDC_EP0_RxReady  usbd_cdc.o
    0x0800d50a   0x0800d50a   0x00000002   PAD
    0x0800d50c   0x0800d50c   0x0000000c   Code   RO         6994    i.USBD_CDC_GetDeviceQualifierDescriptor  usbd_cdc.o
    0x0800d518   0x0800d518   0x0000000c   Code   RO         6995    i.USBD_CDC_GetFSCfgDesc  usbd_cdc.o
    0x0800d524   0x0800d524   0x0000000c   Code   RO         6996    i.USBD_CDC_GetHSCfgDesc  usbd_cdc.o
    0x0800d530   0x0800d530   0x0000000c   Code   RO         6997    i.USBD_CDC_GetOtherSpeedCfgDesc  usbd_cdc.o
    0x0800d53c   0x0800d53c   0x000000ae   Code   RO         6998    i.USBD_CDC_Init     usbd_cdc.o
    0x0800d5ea   0x0800d5ea   0x00000032   Code   RO         6999    i.USBD_CDC_ReceivePacket  usbd_cdc.o
    0x0800d61c   0x0800d61c   0x00000010   Code   RO         7000    i.USBD_CDC_RegisterInterface  usbd_cdc.o
    0x0800d62c   0x0800d62c   0x0000000c   Code   RO         7001    i.USBD_CDC_SetRxBuffer  usbd_cdc.o
    0x0800d638   0x0800d638   0x00000010   Code   RO         7002    i.USBD_CDC_SetTxBuffer  usbd_cdc.o
    0x0800d648   0x0800d648   0x000000e4   Code   RO         7003    i.USBD_CDC_Setup    usbd_cdc.o
    0x0800d72c   0x0800d72c   0x00000034   Code   RO         7004    i.USBD_CDC_TransmitPacket  usbd_cdc.o
    0x0800d760   0x0800d760   0x0000000e   Code   RO         6697    i.USBD_ClrClassConfig  usbd_core.o
    0x0800d76e   0x0800d76e   0x00000026   Code   RO         6835    i.USBD_ClrFeature   usbd_ctlreq.o
    0x0800d794   0x0800d794   0x00000010   Code   RO         6930    i.USBD_CtlContinueRx  usbd_ioreq.o
    0x0800d7a4   0x0800d7a4   0x00000010   Code   RO         6931    i.USBD_CtlContinueSendData  usbd_ioreq.o
    0x0800d7b4   0x0800d7b4   0x00000018   Code   RO         6836    i.USBD_CtlError     usbd_ctlreq.o
    0x0800d7cc   0x0800d7cc   0x0000001e   Code   RO         6932    i.USBD_CtlPrepareRx  usbd_ioreq.o
    0x0800d7ea   0x0800d7ea   0x00000016   Code   RO         6933    i.USBD_CtlReceiveStatus  usbd_ioreq.o
    0x0800d800   0x0800d800   0x0000001a   Code   RO         6934    i.USBD_CtlSendData  usbd_ioreq.o
    0x0800d81a   0x0800d81a   0x00000016   Code   RO         6935    i.USBD_CtlSendStatus  usbd_ioreq.o
    0x0800d830   0x0800d830   0x00000030   Code   RO         6338    i.USBD_FS_ConfigStrDescriptor  usbd_desc.o
    0x0800d860   0x0800d860   0x0000000c   Code   RO         6339    i.USBD_FS_DeviceDescriptor  usbd_desc.o
    0x0800d86c   0x0800d86c   0x00000034   Code   RO         6340    i.USBD_FS_InterfaceStrDescriptor  usbd_desc.o
    0x0800d8a0   0x0800d8a0   0x0000000c   Code   RO         6341    i.USBD_FS_LangIDStrDescriptor  usbd_desc.o
    0x0800d8ac   0x0800d8ac   0x00000028   Code   RO         6342    i.USBD_FS_ManufacturerStrDescriptor  usbd_desc.o
    0x0800d8d4   0x0800d8d4   0x0000003c   Code   RO         6343    i.USBD_FS_ProductStrDescriptor  usbd_desc.o
    0x0800d910   0x0800d910   0x00000014   Code   RO         6344    i.USBD_FS_SerialStrDescriptor  usbd_desc.o
    0x0800d924   0x0800d924   0x0000003a   Code   RO         6837    i.USBD_GetConfig    usbd_ctlreq.o
    0x0800d95e   0x0800d95e   0x000001aa   Code   RO         6838    i.USBD_GetDescriptor  usbd_ctlreq.o
    0x0800db08   0x0800db08   0x00000014   Code   RO         6839    i.USBD_GetLen       usbd_ctlreq.o
    0x0800db1c   0x0800db1c   0x0000003c   Code   RO         6840    i.USBD_GetStatus    usbd_ctlreq.o
    0x0800db58   0x0800db58   0x0000003e   Code   RO         6841    i.USBD_GetString    usbd_ctlreq.o
    0x0800db96   0x0800db96   0x00000024   Code   RO         6499    i.USBD_Get_USB_Status  usbd_conf.o
    0x0800dbba   0x0800dbba   0x0000002c   Code   RO         6699    i.USBD_Init         usbd_core.o
    0x0800dbe6   0x0800dbe6   0x00000012   Code   RO         6500    i.USBD_LL_ClearStallEP  usbd_conf.o
    0x0800dbf8   0x0800dbf8   0x00000012   Code   RO         6501    i.USBD_LL_CloseEP   usbd_conf.o
    0x0800dc0a   0x0800dc0a   0x000000d6   Code   RO         6700    i.USBD_LL_DataInStage  usbd_core.o
    0x0800dce0   0x0800dce0   0x00000086   Code   RO         6701    i.USBD_LL_DataOutStage  usbd_core.o
    0x0800dd66   0x0800dd66   0x00000008   Code   RO         6505    i.USBD_LL_GetRxDataSize  usbd_conf.o
    0x0800dd6e   0x0800dd6e   0x00000002   PAD
    0x0800dd70   0x0800dd70   0x0000007c   Code   RO         6506    i.USBD_LL_Init      usbd_conf.o
    0x0800ddec   0x0800ddec   0x00000020   Code   RO         6507    i.USBD_LL_IsStallEP  usbd_conf.o
    0x0800de0c   0x0800de0c   0x00000018   Code   RO         6508    i.USBD_LL_OpenEP    usbd_conf.o
    0x0800de24   0x0800de24   0x00000012   Code   RO         6509    i.USBD_LL_PrepareReceive  usbd_conf.o
    0x0800de36   0x0800de36   0x00000052   Code   RO         6706    i.USBD_LL_Reset     usbd_core.o
    0x0800de88   0x0800de88   0x00000014   Code   RO         6707    i.USBD_LL_Resume    usbd_core.o
    0x0800de9c   0x0800de9c   0x00000018   Code   RO         6708    i.USBD_LL_SOF       usbd_core.o
    0x0800deb4   0x0800deb4   0x00000006   Code   RO         6709    i.USBD_LL_SetSpeed  usbd_core.o
    0x0800deba   0x0800deba   0x00000012   Code   RO         6510    i.USBD_LL_SetUSBAddress  usbd_conf.o
    0x0800decc   0x0800decc   0x0000005a   Code   RO         6710    i.USBD_LL_SetupStage  usbd_core.o
    0x0800df26   0x0800df26   0x00000012   Code   RO         6511    i.USBD_LL_StallEP   usbd_conf.o
    0x0800df38   0x0800df38   0x00000012   Code   RO         6512    i.USBD_LL_Start     usbd_conf.o
    0x0800df4a   0x0800df4a   0x00000010   Code   RO         6711    i.USBD_LL_Suspend   usbd_core.o
    0x0800df5a   0x0800df5a   0x00000012   Code   RO         6514    i.USBD_LL_Transmit  usbd_conf.o
    0x0800df6c   0x0800df6c   0x00000028   Code   RO         6842    i.USBD_ParseSetupRequest  usbd_ctlreq.o
    0x0800df94   0x0800df94   0x00000012   Code   RO         6712    i.USBD_RegisterClass  usbd_core.o
    0x0800dfa6   0x0800dfa6   0x00000004   Code   RO         6713    i.USBD_RunTestMode  usbd_core.o
    0x0800dfaa   0x0800dfaa   0x00000058   Code   RO         6843    i.USBD_SetAddress   usbd_ctlreq.o
    0x0800e002   0x0800e002   0x00000018   Code   RO         6714    i.USBD_SetClassConfig  usbd_core.o
    0x0800e01a   0x0800e01a   0x00000002   PAD
    0x0800e01c   0x0800e01c   0x000000cc   Code   RO         6844    i.USBD_SetConfig    usbd_ctlreq.o
    0x0800e0e8   0x0800e0e8   0x00000010   Code   RO         6845    i.USBD_SetFeature   usbd_ctlreq.o
    0x0800e0f8   0x0800e0f8   0x0000000a   Code   RO         6715    i.USBD_Start        usbd_core.o
    0x0800e102   0x0800e102   0x0000006a   Code   RO         6846    i.USBD_StdDevReq    usbd_ctlreq.o
    0x0800e16c   0x0800e16c   0x000001e4   Code   RO         6847    i.USBD_StdEPReq     usbd_ctlreq.o
    0x0800e350   0x0800e350   0x0000006a   Code   RO         6848    i.USBD_StdItfReq    usbd_ctlreq.o
    0x0800e3ba   0x0800e3ba   0x00000002   Code   RO         6515    i.USBD_static_free  usbd_conf.o
    0x0800e3bc   0x0800e3bc   0x00000008   Code   RO         6516    i.USBD_static_malloc  usbd_conf.o
    0x0800e3c4   0x0800e3c4   0x000002ea   Code   RO          912    i.USB_ActivateEndpoint  stm32f1xx_ll_usb.o
    0x0800e6ae   0x0800e6ae   0x00000004   Code   RO          915    i.USB_CoreInit      stm32f1xx_ll_usb.o
    0x0800e6b2   0x0800e6b2   0x00000138   Code   RO          917    i.USB_DeactivateEndpoint  stm32f1xx_ll_usb.o
    0x0800e7ea   0x0800e7ea   0x00000004   Code   RO          918    i.USB_DevConnect    stm32f1xx_ll_usb.o
    0x0800e7ee   0x0800e7ee   0x00000004   Code   RO          919    i.USB_DevDisconnect  stm32f1xx_ll_usb.o
    0x0800e7f2   0x0800e7f2   0x00000012   Code   RO          920    i.USB_DevInit       stm32f1xx_ll_usb.o
    0x0800e804   0x0800e804   0x0000000e   Code   RO          921    i.USB_DisableGlobalInt  stm32f1xx_ll_usb.o
    0x0800e812   0x0800e812   0x00000004   Code   RO          922    i.USB_EP0_OutStart  stm32f1xx_ll_usb.o
    0x0800e816   0x0800e816   0x00000084   Code   RO          923    i.USB_EPClearStall  stm32f1xx_ll_usb.o
    0x0800e89a   0x0800e89a   0x0000003c   Code   RO          924    i.USB_EPSetStall    stm32f1xx_ll_usb.o
    0x0800e8d6   0x0800e8d6   0x000005d6   Code   RO          925    i.USB_EPStartXfer   stm32f1xx_ll_usb.o
    0x0800eeac   0x0800eeac   0x00000010   Code   RO          927    i.USB_EnableGlobalInt  stm32f1xx_ll_usb.o
    0x0800eebc   0x0800eebc   0x0000000c   Code   RO          471    i.USB_LP_CAN1_RX0_IRQHandler  stm32f1xx_it.o
    0x0800eec8   0x0800eec8   0x00000006   Code   RO          934    i.USB_ReadInterrupts  stm32f1xx_ll_usb.o
    0x0800eece   0x0800eece   0x0000002c   Code   RO          935    i.USB_ReadPMA       stm32f1xx_ll_usb.o
    0x0800eefa   0x0800eefa   0x00000004   Code   RO          936    i.USB_SetCurrentMode  stm32f1xx_ll_usb.o
    0x0800eefe   0x0800eefe   0x0000000e   Code   RO          937    i.USB_SetDevAddress  stm32f1xx_ll_usb.o
    0x0800ef0c   0x0800ef0c   0x00000028   Code   RO          939    i.USB_WritePMA      stm32f1xx_ll_usb.o
    0x0800ef34   0x0800ef34   0x00000002   Code   RO          472    i.UsageFault_Handler  stm32f1xx_it.o
    0x0800ef36   0x0800ef36   0x00000002   PAD
    0x0800ef38   0x0800ef38   0x00000078   Code   RO         5508    i.VBUS_calibration_page_process  menu.o
    0x0800efb0   0x0800efb0   0x00000070   Code   RO         5657    i.VBUS_calibration_page_ui_process  menu_ui.o
    0x0800f020   0x0800f020   0x00000020   Code   RO         7387    i.__0printf         mc_w.l(printfa.o)
    0x0800f040   0x0800f040   0x00000034   Code   RO         7388    i.__0snprintf       mc_w.l(printfa.o)
    0x0800f074   0x0800f074   0x00000028   Code   RO         7389    i.__0sprintf        mc_w.l(printfa.o)
    0x0800f09c   0x0800f09c   0x00000034   Code   RO         7392    i.__0vsnprintf      mc_w.l(printfa.o)
    0x0800f0d0   0x0800f0d0   0x00000028   Code   RO         7481    i.__ARM_fpclassify  m_ws.l(fpclassify.o)
    0x0800f0f8   0x0800f0f8   0x00000026   Code   RO         7483    i.__ARM_fpclassifyf  m_ws.l(fpclassifyf.o)
    0x0800f11e   0x0800f11e   0x00000020   Code   RO         1593    i.__NVIC_SetPriority  stm32f1xx_hal_cortex.o
    0x0800f13e   0x0800f13e   0x00000002   PAD
    0x0800f140   0x0800f140   0x00000024   Code   RO         5841    i.__NVIC_SystemReset  msg_cmd.o
    0x0800f164   0x0800f164   0x000000aa   Code   RO         7499    i.__kernel_poly     m_ws.l(poly.o)
    0x0800f20e   0x0800f20e   0x00000002   PAD
    0x0800f210   0x0800f210   0x00000010   Code   RO         7467    i.__mathlib_dbl_divzero  m_ws.l(dunder.o)
    0x0800f220   0x0800f220   0x00000004   Code   RO         7469    i.__mathlib_dbl_infnan2  m_ws.l(dunder.o)
    0x0800f224   0x0800f224   0x0000000c   Code   RO         7470    i.__mathlib_dbl_invalid  m_ws.l(dunder.o)
    0x0800f230   0x0800f230   0x0000000e   Code   RO         7471    i.__mathlib_dbl_overflow  m_ws.l(dunder.o)
    0x0800f23e   0x0800f23e   0x00000002   PAD
    0x0800f240   0x0800f240   0x00000010   Code   RO         7473    i.__mathlib_dbl_underflow  m_ws.l(dunder.o)
    0x0800f250   0x0800f250   0x0000000a   Code   RO         7485    i.__mathlib_flt_divzero  m_ws.l(funder.o)
    0x0800f25a   0x0800f25a   0x00000004   Code   RO         7487    i.__mathlib_flt_infnan2  m_ws.l(funder.o)
    0x0800f25e   0x0800f25e   0x00000008   Code   RO         7488    i.__mathlib_flt_invalid  m_ws.l(funder.o)
    0x0800f266   0x0800f266   0x0000000a   Code   RO         7489    i.__mathlib_flt_overflow  m_ws.l(funder.o)
    0x0800f270   0x0800f270   0x0000000a   Code   RO         7491    i.__mathlib_flt_underflow  m_ws.l(funder.o)
    0x0800f27a   0x0800f27a   0x0000000e   Code   RO         7576    i.__scatterload_copy  mc_w.l(handlers.o)
    0x0800f288   0x0800f288   0x00000002   Code   RO         7577    i.__scatterload_null  mc_w.l(handlers.o)
    0x0800f28a   0x0800f28a   0x0000000e   Code   RO         7578    i.__scatterload_zeroinit  mc_w.l(handlers.o)
    0x0800f298   0x0800f298   0x0000000c   Code   RO         7539    i.__set_errno       mc_w.l(errno.o)
    0x0800f2a4   0x0800f2a4   0x00000184   Code   RO         7394    i._fp_digits        mc_w.l(printfa.o)
    0x0800f428   0x0800f428   0x0000000e   Code   RO         7421    i._is_digit         mc_w.l(scanf_fp.o)
    0x0800f436   0x0800f436   0x00000002   PAD
    0x0800f438   0x0800f438   0x000006b4   Code   RO         7395    i._printf_core      mc_w.l(printfa.o)
    0x0800faec   0x0800faec   0x00000024   Code   RO         7396    i._printf_post_padding  mc_w.l(printfa.o)
    0x0800fb10   0x0800fb10   0x0000002e   Code   RO         7397    i._printf_pre_padding  mc_w.l(printfa.o)
    0x0800fb3e   0x0800fb3e   0x00000016   Code   RO         7398    i._snputc           mc_w.l(printfa.o)
    0x0800fb54   0x0800fb54   0x0000000a   Code   RO         7399    i._sputc            mc_w.l(printfa.o)
    0x0800fb5e   0x0800fb5e   0x00000002   PAD
    0x0800fb60   0x0800fb60   0x00000020   Code   RO         5509    i.about_page_process  menu.o
    0x0800fb80   0x0800fb80   0x00000148   Code   RO         5658    i.about_page_ui_process  menu_ui.o
    0x0800fcc8   0x0800fcc8   0x00000034   Code   RO         4100    i.app_config_clear  application.o
    0x0800fcfc   0x0800fcfc   0x00000118   Code   RO         4101    i.app_config_load   application.o
    0x0800fe14   0x0800fe14   0x00000078   Code   RO         4102    i.app_config_save   application.o
    0x0800fe8c   0x0800fe8c   0x00000068   Code   RO         5842    i.ascii_process     msg_cmd.o
    0x0800fef4   0x0800fef4   0x00000078   Code   RO         5510    i.buzzer_page_process  menu.o
    0x0800ff6c   0x0800ff6c   0x00000064   Code   RO         5659    i.buzzer_page_ui_process  menu_ui.o
    0x0800ffd0   0x0800ffd0   0x00000030   Code   RO         5843    i.calibration_ibus_handler  msg_cmd.o
    0x08010000   0x08010000   0x000000dc   Code   RO         7094    i.ceil              m_ws.l(ceil.o)
    0x080100dc   0x080100dc   0x00000034   Code   RO         5844    i.close_dc_iset_handler  msg_cmd.o
    0x08010110   0x08010110   0x0000001c   Code   RO         5845    i.cmd_response_ok   msg_cmd.o
    0x0801012c   0x0801012c   0x00000016   Code   RO         5072    i.delay             lcd_init.o
    0x08010142   0x08010142   0x00000002   PAD
    0x08010144   0x08010144   0x00000260   Code   RO         6267    i.fast_charge_init  fast_charge.o
    0x080103a4   0x080103a4   0x00000134   Code   RO         5846    i.float_to_str      msg_cmd.o
    0x080104d8   0x080104d8   0x0000007c   Code   RO         7098    i.floorf            m_ws.l(floorf.o)
    0x08010554   0x08010554   0x00000018   Code   RO         4360    i.fputc             uart_debug.o
    0x0801056c   0x0801056c   0x00000020   Code   RO         6228    i.get_PD_current    ch224q.o
    0x0801058c   0x0801058c   0x00000018   Code   RO         6229    i.get_ch224q_status  ch224q.o
    0x080105a4   0x080105a4   0x0000000c   Code   RO         6268    i.get_fast_ic_type  fast_charge.o
    0x080105b0   0x080105b0   0x00000030   Code   RO         5847    i.get_fetch_current_handler  msg_cmd.o
    0x080105e0   0x080105e0   0x0000005c   Code   RO         5848    i.get_fetch_power_handler  msg_cmd.o
    0x0801063c   0x0801063c   0x00000030   Code   RO         5849    i.get_fetch_voltage_handler  msg_cmd.o
    0x0801066c   0x0801066c   0x000000a0   Code   RO         4262    i.get_msg           application_callback.o
    0x0801070c   0x0801070c   0x00000030   Code   RO         5850    i.get_msg_handler   msg_cmd.o
    0x0801073c   0x0801073c   0x0000000c   Code   RO         5163    i.get_sc8815_power  application_sc8815.o
    0x08010748   0x08010748   0x00000050   Code   RO         5851    i.get_temperature_handler  msg_cmd.o
    0x08010798   0x08010798   0x00000088   Code   RO         5852    i.get_value_handler  msg_cmd.o
    0x08010820   0x08010820   0x00000024   Code   RO         5853    i.get_versions_handler  msg_cmd.o
    0x08010844   0x08010844   0x00000018   Code   RO         4103    i.htonl             application.o
    0x0801085c   0x0801085c   0x00000040   Code   RO         5164    i.i2c_Ack           application_sc8815.o
    0x0801089c   0x0801089c   0x00000038   Code   RO         5165    i.i2c_NAck          application_sc8815.o
    0x080108d4   0x080108d4   0x00000048   Code   RO         5166    i.i2c_ReadByte      application_sc8815.o
    0x0801091c   0x0801091c   0x00000050   Code   RO         5167    i.i2c_SendByte      application_sc8815.o
    0x0801096c   0x0801096c   0x00000040   Code   RO         5168    i.i2c_Start         application_sc8815.o
    0x080109ac   0x080109ac   0x00000030   Code   RO         5169    i.i2c_Stop          application_sc8815.o
    0x080109dc   0x080109dc   0x00000038   Code   RO         5170    i.i2c_WaitAck       application_sc8815.o
    0x08010a14   0x08010a14   0x0000005c   Code   RO         5511    i.iout_page_process  menu.o
    0x08010a70   0x08010a70   0x00000114   Code   RO         5660    i.iout_page_ui_process  menu_ui.o
    0x08010b84   0x08010b84   0x00000034   Code   RO         4104    i.key1_button_process  application.o
    0x08010bb8   0x08010bb8   0x0000006c   Code   RO         4105    i.key2_button_process  application.o
    0x08010c24   0x08010c24   0x00000094   Code   RO         4106    i.key3_button_process  application.o
    0x08010cb8   0x08010cb8   0x00000048   Code   RO         4107    i.key4_button_process  application.o
    0x08010d00   0x08010d00   0x00000030   Code   RO         5854    i.lock_key_handler  msg_cmd.o
    0x08010d30   0x08010d30   0x00000036   Code   RO           15    i.main              main.o
    0x08010d66   0x08010d66   0x00000002   PAD
    0x08010d68   0x08010d68   0x00000074   Code   RO         5661    i.main_menu_Init    menu_ui.o
    0x08010ddc   0x08010ddc   0x00000050   Code   RO         5512    i.main_menu_page_process  menu.o
    0x08010e2c   0x08010e2c   0x00000104   Code   RO         5662    i.main_menu_page_ui_process  menu_ui.o
    0x08010f30   0x08010f30   0x00000028   Code   RO         5663    i.main_page_init    menu_ui.o
    0x08010f58   0x08010f58   0x0000006c   Code   RO         5513    i.main_page_process  menu.o
    0x08010fc4   0x08010fc4   0x00000048   Code   RO         7102    i.modff             m_ws.l(modff.o)
    0x0801100c   0x0801100c   0x00000010   Code   RO         4958    i.mypow             lcd.o
    0x0801101c   0x0801101c   0x000009d8   Code   RO         7106    i.pow               m_ws.l(pow.o)
    0x080119f4   0x080119f4   0x00000620   Code   RO         7116    i.powf              m_ws.l(powf.o)
    0x08012014   0x08012014   0x000000c8   Code   RO         5514    i.presset_config_page_process  menu.o
    0x080120dc   0x080120dc   0x000001dc   Code   RO         5664    i.presset_config_page_ui_process  menu_ui.o
    0x080122b8   0x080122b8   0x00000138   Code   RO         5515    i.presset_config_set_page_process  menu.o
    0x080123f0   0x080123f0   0x00000bd4   Code   RO         5357    i.presset_config_set_page_show  application_lcd.o
    0x08012fc4   0x08012fc4   0x00000044   Code   RO         5665    i.presset_config_set_page_ui_process  menu_ui.o
    0x08013008   0x08013008   0x000000b0   Code   RO         5516    i.presset_page_process  menu.o
    0x080130b8   0x080130b8   0x000000f0   Code   RO         5666    i.presset_page_ui_process  menu_ui.o
    0x080131a8   0x080131a8   0x00000048   Code   RO         5517    i.presset_running_page_process  menu.o
    0x080131f0   0x080131f0   0x00000100   Code   RO         5518    i.presset_start_page_process  menu.o
    0x080132f0   0x080132f0   0x000000f0   Code   RO         5667    i.presset_start_page_ui_process  menu_ui.o
    0x080133e0   0x080133e0   0x00000012   Code   RO         5519    i.protect_page_process  menu.o
    0x080133f2   0x080133f2   0x00000002   PAD
    0x080133f4   0x080133f4   0x00000120   Code   RO         5668    i.protect_page_ui_process  menu_ui.o
    0x08013514   0x08013514   0x00000050   Code   RO         4832    i.reflesh_VBUS_IBUS  application_adc.o
    0x08013564   0x08013564   0x00000040   Code   RO         5855    i.remove_crlf       msg_cmd.o
    0x080135a4   0x080135a4   0x0000000a   Code   RO         5856    i.reset_handler     msg_cmd.o
    0x080135ae   0x080135ae   0x00000002   PAD
    0x080135b0   0x080135b0   0x00000064   Code   RO         4108    i.rotary_knob_process  application.o
    0x08013614   0x08013614   0x00000030   Code   RO         5857    i.save_config_handler  msg_cmd.o
    0x08013644   0x08013644   0x000001e0   Code   RO         4263    i.sc8815_tim_work   application_callback.o
    0x08013824   0x08013824   0x00000060   Code   RO         5520    i.screen_flip_page_process  menu.o
    0x08013884   0x08013884   0x0000003c   Code   RO         5858    i.setCSEL_handler   msg_cmd.o
    0x080138c0   0x080138c0   0x00000044   Code   RO         5859    i.setDITHER_handler  msg_cmd.o
    0x08013904   0x08013904   0x0000003c   Code   RO         5860    i.setDeadTime_handler  msg_cmd.o
    0x08013940   0x08013940   0x0000002c   Code   RO         5861    i.setFB_Mode_handler  msg_cmd.o
    0x0801396c   0x0801396c   0x00000050   Code   RO         5862    i.setIBAT_handler   msg_cmd.o
    0x080139bc   0x080139bc   0x0000003c   Code   RO         5863    i.setILIM_BW_handler  msg_cmd.o
    0x080139f8   0x080139f8   0x00000044   Code   RO         5864    i.setIRCOMP_handler  msg_cmd.o
    0x08013a3c   0x08013a3c   0x00000044   Code   RO         5865    i.setSLEW_SET_handler  msg_cmd.o
    0x08013a80   0x08013a80   0x00000084   Code   RO         5866    i.setSW_FREQ_handler  msg_cmd.o
    0x08013b04   0x08013b04   0x00000044   Code   RO         5867    i.setVBAT_SEL_handler  msg_cmd.o
    0x08013b48   0x08013b48   0x00000044   Code   RO         5868    i.setVCELL_handler  msg_cmd.o
    0x08013b8c   0x08013b8c   0x00000058   Code   RO         5869    i.set_SFB_handler   msg_cmd.o
    0x08013be4   0x08013be4   0x00000014   Code   RO         4109    i.set_app_upgrade_flag  application.o
    0x08013bf8   0x08013bf8   0x000000b0   Code   RO         5870    i.set_current_handler  msg_cmd.o
    0x08013ca8   0x08013ca8   0x00000044   Code   RO         5871    i.set_current_step_handler  msg_cmd.o
    0x08013cec   0x08013cec   0x000000b8   Code   RO         5791    i.set_dc_limit      hardware_setting.o
    0x08013da4   0x08013da4   0x00000150   Code   RO         5793    i.set_iout          hardware_setting.o
    0x08013ef4   0x08013ef4   0x00000044   Code   RO         5872    i.set_key_handler   msg_cmd.o
    0x08013f38   0x08013f38   0x00000060   Code   RO         5873    i.set_name_handler  msg_cmd.o
    0x08013f98   0x08013f98   0x00000034   Code   RO         5874    i.set_power_limit_handler  msg_cmd.o
    0x08013fcc   0x08013fcc   0x000001e4   Code   RO         5875    i.set_preset_handler  msg_cmd.o
    0x080141b0   0x080141b0   0x00000300   Code   RO         5794    i.set_presset_config  hardware_setting.o
    0x080144b0   0x080144b0   0x0000000c   Code   RO         5171    i.set_sc8815_power  application_sc8815.o
    0x080144bc   0x080144bc   0x00000070   Code   RO         5876    i.set_switch_handler  msg_cmd.o
    0x0801452c   0x0801452c   0x000000b0   Code   RO         5877    i.set_voltage_handler  msg_cmd.o
    0x080145dc   0x080145dc   0x0000003c   Code   RO         5878    i.set_voltage_step_handler  msg_cmd.o
    0x08014618   0x08014618   0x0000019c   Code   RO         5795    i.set_vout          hardware_setting.o
    0x080147b4   0x080147b4   0x00000042   Code   RO         5879    i.splitString       msg_cmd.o
    0x080147f6   0x080147f6   0x0000004c   Code   RO         7503    i.sqrt              m_ws.l(sqrt.o)
    0x08014842   0x08014842   0x00000002   PAD
    0x08014844   0x08014844   0x0000008c   Code   RO         5880    i.start_preset_handler  msg_cmd.o
    0x080148d0   0x080148d0   0x000000e0   Code   RO         5521    i.temperature_page_process  menu.o
    0x080149b0   0x080149b0   0x0000011c   Code   RO         5669    i.temperature_page_ui_process  menu_ui.o
    0x08014acc   0x08014acc   0x00000018   Code   RO         6093    i.to_current        husb238.o
    0x08014ae4   0x08014ae4   0x00000048   Code   RO         5881    i.upgrade_app_handler  msg_cmd.o
    0x08014b2c   0x08014b2c   0x00000024   Code   RO         6425    i.usb_printf        usbd_cdc_if.o
    0x08014b50   0x08014b50   0x000000a8   Code   RO         5522    i.vbus_condition_check  menu.o
    0x08014bf8   0x08014bf8   0x0000012c   Code   RO         5523    i.vbus_protect_page_process  menu.o
    0x08014d24   0x08014d24   0x00000174   Code   RO         5670    i.vbus_protect_page_ui_process  menu_ui.o
    0x08014e98   0x08014e98   0x0000005c   Code   RO         5524    i.vout_page_process  menu.o
    0x08014ef4   0x08014ef4   0x00000114   Code   RO         5671    i.vout_page_ui_process  menu_ui.o
    0x08015008   0x08015008   0x00000012   Data   RO         1287    .constdata          stm32f1xx_hal_rcc.o
    0x0801501a   0x0801501a   0x00000012   Data   RO         1383    .constdata          stm32f1xx_hal_rcc_ex.o
    0x0801502c   0x0801502c   0x00000010   Data   RO         4058    .constdata          system_stm32f1xx.o
    0x0801503c   0x0801503c   0x00000008   Data   RO         4059    .constdata          system_stm32f1xx.o
    0x08015044   0x08015044   0x00003e1e   Data   RO         4959    .constdata          lcd.o
    0x08018e62   0x08018e62   0x00000002   PAD
    0x08018e64   0x08018e64   0x00002c0c   Data   RO         5672    .constdata          menu_ui.o
    0x0801ba70   0x0801ba70   0x00000800   Data   RO         5673    .constdata          menu_ui.o
    0x0801c270   0x0801c270   0x00000200   Data   RO         5674    .constdata          menu_ui.o
    0x0801c470   0x0801c470   0x00000200   Data   RO         5675    .constdata          menu_ui.o
    0x0801c670   0x0801c670   0x00000200   Data   RO         5676    .constdata          menu_ui.o
    0x0801c870   0x0801c870   0x00000200   Data   RO         5677    .constdata          menu_ui.o
    0x0801ca70   0x0801ca70   0x00000200   Data   RO         5678    .constdata          menu_ui.o
    0x0801cc70   0x0801cc70   0x00000200   Data   RO         5679    .constdata          menu_ui.o
    0x0801ce70   0x0801ce70   0x00000800   Data   RO         5680    .constdata          menu_ui.o
    0x0801d670   0x0801d670   0x00000120   Data   RO         5883    .constdata          msg_cmd.o
    0x0801d790   0x0801d790   0x00000088   Data   RO         7107    .constdata          m_ws.l(pow.o)
    0x0801d818   0x0801d818   0x00000140   Data   RO         7117    .constdata          m_ws.l(powf.o)
    0x0801d958   0x0801d958   0x00000008   Data   RO         7501    .constdata          m_ws.l(qnan.o)
    0x0801d960   0x0801d960   0x00000040   Data   RO         7572    .constdata          mc_w.l(ctype_c.o)
    0x0801d9a0   0x0801d9a0   0x0000016b   Data   RO         5884    .conststring        msg_cmd.o
    0x0801db0b   0x0801db0b   0x00000001   PAD
    0x0801db0c   0x0801db0c   0x00000020   Data   RO         7574    Region$$Table       anon$$obj.o


    Execution Region RW_IRAM1 (Exec base: 0x20000000, Load base: 0x0801db2c, Size: 0x000034c0, Max: 0x00005000, ABSOLUTE, COMPRESSED[0x000001cc])

    Exec Addr    Load Addr    Size         Type   Attr      Idx    E Section Name        Object

    0x20000000   COMPRESSED   0x0000000c   Data   RW         1123    .data               stm32f1xx_hal.o
    0x2000000c   COMPRESSED   0x00000004   Data   RW         4060    .data               system_stm32f1xx.o
    0x20000010   COMPRESSED   0x00000014   Data   RW         4111    .data               application.o
    0x20000024   COMPRESSED   0x0000000c   Data   RW         4264    .data               application_callback.o
    0x20000030   COMPRESSED   0x00000009   Data   RW         4455    .data               sc8815.o
    0x20000039   COMPRESSED   0x00000003   PAD
    0x2000003c   COMPRESSED   0x00000018   Data   RW         4833    .data               application_adc.o
    0x20000054   COMPRESSED   0x00000004   Data   RW         5074    .data               lcd_init.o
    0x20000058   COMPRESSED   0x0000000c   Data   RW         5173    .data               application_sc8815.o
    0x20000064   COMPRESSED   0x0000000c   Data   RW         5358    .data               application_lcd.o
    0x20000070   COMPRESSED   0x0000008c   Data   RW         5526    .data               menu.o
    0x200000fc   COMPRESSED   0x000000ac   Data   RW         5681    .data               menu_ui.o
    0x200001a8   COMPRESSED   0x00000004   Data   RW         5885    .data               msg_cmd.o
    0x200001ac   COMPRESSED   0x00000004   Data   RW         5886    .data               msg_cmd.o
    0x200001b0   COMPRESSED   0x00000050   Data   RW         6094    .data               husb238.o
    0x20000200   COMPRESSED   0x00000008   Data   RW         6269    .data               fast_charge.o
    0x20000208   COMPRESSED   0x0000001c   Data   RW         6346    .data               usbd_desc.o
    0x20000224   COMPRESSED   0x00000032   Data   RW         6347    .data               usbd_desc.o
    0x20000256   COMPRESSED   0x00000002   PAD
    0x20000258   COMPRESSED   0x00000010   Data   RW         6427    .data               usbd_cdc_if.o
    0x20000268   COMPRESSED   0x00000001   Data   RW         6849    .data               usbd_ctlreq.o
    0x20000269   COMPRESSED   0x00000003   PAD
    0x2000026c   COMPRESSED   0x000000d7   Data   RW         7005    .data               usbd_cdc.o
    0x20000343   COMPRESSED   0x00000001   PAD
    0x20000344   COMPRESSED   0x00000038   Data   RW         7006    .data               usbd_cdc.o
    0x2000037c   COMPRESSED   0x00000004   Data   RW         7145    .data               mc_w.l(strtok.o)
    0x20000380   COMPRESSED   0x00000004   Data   RW         7526    .data               mc_w.l(stdout.o)
    0x20000384   COMPRESSED   0x00000004   Data   RW         7540    .data               mc_w.l(errno.o)
    0x20000388        -       0x00000074   Zero   RW          233    .bss                adc.o
    0x200003fc        -       0x0000009c   Zero   RW          299    .bss                spi.o
    0x20000498        -       0x000000d8   Zero   RW          347    .bss                tim.o
    0x20000570        -       0x00000048   Zero   RW          419    .bss                usart.o
    0x200005b8        -       0x00000020   Zero   RW         1834    .bss                stm32f1xx_hal_flash.o
    0x200005d8        -       0x00000064   Zero   RW         4110    .bss                application.o
    0x2000063c        -       0x00000015   Zero   RW         4454    .bss                sc8815.o
    0x20000651        -       0x00000080   Zero   RW         5073    .bss                lcd_init.o
    0x200006d1   COMPRESSED   0x00000003   PAD
    0x200006d4        -       0x00000e70   Zero   RW         5172    .bss                application_sc8815.o
    0x20001544   COMPRESSED   0x00000004   PAD
    0x20001548        -       0x00000420   Zero   RW         5449    .bss                stmflash.o
    0x20001968        -       0x00000170   Zero   RW         5525    .bss                menu.o
    0x20001ad8        -       0x00000014   Zero   RW         5882    .bss                msg_cmd.o
    0x20001aec        -       0x000002c4   Zero   RW         6306    .bss                usb_device.o
    0x20001db0        -       0x00000200   Zero   RW         6345    .bss                usbd_desc.o
    0x20001fb0        -       0x00000800   Zero   RW         6426    .bss                usbd_cdc_if.o
    0x200027b0        -       0x00000510   Zero   RW         6517    .bss                usbd_conf.o
    0x20002cc0        -       0x00000800   Zero   RW            1    STACK               startup_stm32f103xb.o


==============================================================================

Image component sizes


      Code (inc. data)   RO Data    RW Data    ZI Data      Debug   Object Name

       288         30          0          0        116       1759   adc.o
      1534        190          0         20        100      16406   application.o
       732        142          0         24          0       5574   application_adc.o
        56          8          0          0          0        590   application_buzzer.o
       972        106          0         12          0       6374   application_callback.o
       240         52          0          0          0        599   application_init.o
      7262        638          0         12          0      12639   application_lcd.o
      4406        650          0         12       3696      51190   application_sc8815.o
        56          0          0          0          0       1117   ch224q.o
        60          4          0          0          0        742   dma.o
       852        134          0          8          0       2905   fast_charge.o
       356         26          0          0          0       1043   gpio.o
      1700        182          0          0          0       3682   hardware_setting.o
       336          8          0         80          0       5783   husb238.o
       374         50          0          0          0       2792   ina226.o
      1376         56      15902          0          0      10162   lcd.o
       966         40          0          4        128       5545   lcd_init.o
       188          0          0          0          0     475564   main.o
      2650        354          0        140        368      18784   menu.o
      4068        578      18444        172          0      15440   menu_ui.o
      3720        528        651          8         20      32064   msg_cmd.o
      1206         44          0          9         21      15728   sc8815.o
       224         28          0          0        156       1678   spi.o
        36          8        236          0       2048        792   startup_stm32f103xb.o
       168         28          0         12          0       5829   stm32f1xx_hal.o
      1164         52          0          0          0       8446   stm32f1xx_hal_adc.o
       244          6          0          0          0       1474   stm32f1xx_hal_adc_ex.o
       198         14          0          0          0      28999   stm32f1xx_hal_cortex.o
       848         38          0          0          0       5529   stm32f1xx_hal_dma.o
       404         46          0          0         32       4250   stm32f1xx_hal_flash.o
       548         38          0          0          0       4010   stm32f1xx_hal_gpio.o
        60          8          0          0          0        870   stm32f1xx_hal_msp.o
      3242          0          0          0          0      15505   stm32f1xx_hal_pcd.o
        60          0          0          0          0       1174   stm32f1xx_hal_pcd_ex.o
      1428         90         18          0          0       6524   stm32f1xx_hal_rcc.o
       436         28         18          0          0       2593   stm32f1xx_hal_rcc_ex.o
      1172         18          0          0          0       9042   stm32f1xx_hal_spi.o
      1962         66          0          0          0      16073   stm32f1xx_hal_tim.o
       192         14          0          0          0       3225   stm32f1xx_hal_tim_ex.o
      1822         16          0          0          0      13915   stm32f1xx_hal_uart.o
       250         66          0          0          0       7268   stm32f1xx_it.o
      2916          0          0          0          0      18951   stm32f1xx_ll_usb.o
       372         18          0          0       1056       5048   stmflash.o
        16          8         24          4          0       1163   system_stm32f1xx.o
       568         50          0          0        216       4112   tim.o
        24          4          0          0          0       1756   uart_debug.o
       208         20          0          0         72       1670   usart.o
        84         18          0          0        708        772   usb_device.o
       826         16          0        271          0      13078   usbd_cdc.o
       240         54          0         16       2048       4701   usbd_cdc_if.o
       564         28          0          0       1296      14077   usbd_conf.o
       700          0          0          0          0       9819   usbd_core.o
      1732         30          0          1          0      11064   usbd_ctlreq.o
       358        112          0         78        512       6513   usbd_desc.o
       132          0          0          0          0       4272   usbd_ioreq.o

    ----------------------------------------------------------------------
     56670       4742      35328        892      12600     920674   Object Totals
         0          0         32          0          0          0   (incl. Generated)
        74          0          3          9          7          0   (incl. Padding)

    ----------------------------------------------------------------------

      Code (inc. data)   RO Data    RW Data    ZI Data      Debug   Library Member Name

       220         16          0          0          0         84   ceil.o
        62         10          0          0          0        340   dunder.o
       124         12          0          0          0         84   floorf.o
        40          0          0          0          0         68   fpclassify.o
        38          0          0          0          0         68   fpclassifyf.o
        42          0          0          0          0        340   funder.o
        72          6          0          0          0         68   modff.o
       170          0          0          0          0         96   poly.o
      2520        190        136          0          0        324   pow.o
      1568         80        320          0          0        224   powf.o
         0          0          8          0          0          0   qnan.o
        76          0          0          0          0         84   sqrt.o
        56          8          0          0          0         84   __0sscanf.o
        86          0          0          0          0          0   __dczerorl2.o
        28          0          0          0          0         68   _chval.o
       816          6          0          0          0        112   _scanf.o
       332          0          0          0          0         96   _scanf_int.o
        64          0          0          0          0         84   _sgetc.o
        40          6         64          0          0         68   ctype_c.o
         0          0          0          0          0          0   entry.o
         0          0          0          0          0          0   entry10a.o
         0          0          0          0          0          0   entry11a.o
         4          0          0          0          0          0   entry12b.o
         8          4          0          0          0          0   entry2.o
         4          0          0          0          0          0   entry5.o
         0          0          0          0          0          0   entry7b.o
         0          0          0          0          0          0   entry8b.o
         8          4          0          0          0          0   entry9a.o
        12          6          0          4          0         68   errno.o
        30          0          0          0          0          0   handlers.o
        36          8          0          0          0         68   init.o
        10          0          0          0          0         68   isspace_c.o
         0          0          0          0          0          0   iusefp.o
        30          0          0          0          0         68   llshl.o
        36          0          0          0          0         68   llsshr.o
        32          0          0          0          0         68   llushr.o
        26          0          0          0          0         80   memcmp.o
        36          0          0          0          0         68   memcpya.o
        36          0          0          0          0        108   memseta.o
      2394        106          0          0          0        852   printfa.o
        40          8          0          0          0         84   scanf_char.o
       878         12          0          0          0        216   scanf_fp.o
         0          0          0          4          0          0   stdout.o
        42          0          0          0          0         84   strcasecmp.o
        24          0          0          0          0         68   strcat.o
        20          0          0          0          0         68   strchr.o
        14          0          0          0          0         68   strlen.o
        36          0          0          0          0         80   strstr.o
        68          6          0          4          0         80   strtok.o
        12          0          0          0          0         68   tolower.o
        44          0          0          0          0         80   uidiv.o
        98          0          0          0          0         92   uldiv.o
        48          0          0          0          0         68   cdcmple.o
        48          0          0          0          0         68   cdrcmple.o
        20          0          0          0          0         68   cfcmple.o
        20          0          0          0          0         68   cfrcmple.o
        56          0          0          0          0         88   d2f.o
       334          0          0          0          0        148   dadd.o
       222          0          0          0          0        100   ddiv.o
       186          0          0          0          0        176   depilogue.o
        62          0          0          0          0         80   dfixi.o
        50          0          0          0          0         76   dfixui.o
        48          0          0          0          0         68   dfixul.o
        34          0          0          0          0         76   dflti.o
        26          0          0          0          0         76   dfltui.o
        24          0          0          0          0         76   dfltul.o
       228          0          0          0          0         96   dmul.o
        46          0          0          0          0         80   dscalb.o
       162          0          0          0          0        100   dsqrt.o
        38          0          0          0          0         68   f2d.o
       176          0          0          0          0        140   fadd.o
       124          0          0          0          0         88   fdiv.o
       110          0          0          0          0        168   fepilogue.o
        50          0          0          0          0         68   ffixi.o
        76          0          0          0          0         76   ffixir.o
        40          0          0          0          0         68   ffixui.o
        18          0          0          0          0         68   fflti.o
        10          0          0          0          0         68   ffltui.o
       100          0          0          0          0         76   fmul.o
         4          0          0          0          0         68   fpstat.o
        24          0          0          0          0         68   fscalb.o

    ----------------------------------------------------------------------
     12734        488        528         12          0       7332   Library Totals
        18          0          0          0          0          0   (incl. Padding)

    ----------------------------------------------------------------------

      Code (inc. data)   RO Data    RW Data    ZI Data      Debug   Library Name

      4932        314        464          0          0       1780   m_ws.l
      5400        174         64         12          0       3016   mc_w.l
      2384          0          0          0          0       2536   mf_w.l

    ----------------------------------------------------------------------
     12734        488        528         12          0       7332   Library Totals

    ----------------------------------------------------------------------

==============================================================================


      Code (inc. data)   RO Data    RW Data    ZI Data      Debug   

     69404       5230      35856        904      12600     899586   Grand Totals
     69404       5230      35856        460      12600     899586   ELF Image Totals (compressed)
     69404       5230      35856        460          0          0   ROM Totals

==============================================================================

    Total RO  Size (Code + RO Data)               105260 ( 102.79kB)
    Total RW  Size (RW Data + ZI Data)             13504 (  13.19kB)
    Total ROM Size (Code + RO Data + RW Data)     105720 ( 103.24kB)

==============================================================================

