Component: ARM Compiler 5.06 update 7 (build 960) Tool: armlink [4d3601]

==============================================================================

Section Cross References

    startup_stm32f103xb.o(RESET) refers to startup_stm32f103xb.o(STACK) for __initial_sp
    startup_stm32f103xb.o(RESET) refers to startup_stm32f103xb.o(.text) for Reset_Handler
    startup_stm32f103xb.o(RESET) refers to stm32f1xx_it.o(i.NMI_Handler) for NMI_Handler
    startup_stm32f103xb.o(RESET) refers to stm32f1xx_it.o(i.HardFault_Handler) for HardFault_Handler
    startup_stm32f103xb.o(RESET) refers to stm32f1xx_it.o(i.MemManage_Handler) for MemManage_Handler
    startup_stm32f103xb.o(RESET) refers to stm32f1xx_it.o(i.BusFault_Handler) for BusFault_Handler
    startup_stm32f103xb.o(RESET) refers to stm32f1xx_it.o(i.UsageFault_Handler) for UsageFault_Handler
    startup_stm32f103xb.o(RESET) refers to stm32f1xx_it.o(i.SVC_Handler) for SVC_Handler
    startup_stm32f103xb.o(RESET) refers to stm32f1xx_it.o(i.DebugMon_Handler) for DebugMon_Handler
    startup_stm32f103xb.o(RESET) refers to stm32f1xx_it.o(i.PendSV_Handler) for PendSV_Handler
    startup_stm32f103xb.o(RESET) refers to stm32f1xx_it.o(i.SysTick_Handler) for SysTick_Handler
    startup_stm32f103xb.o(RESET) refers to stm32f1xx_it.o(i.DMA1_Channel1_IRQHandler) for DMA1_Channel1_IRQHandler
    startup_stm32f103xb.o(RESET) refers to stm32f1xx_it.o(i.DMA1_Channel5_IRQHandler) for DMA1_Channel5_IRQHandler
    startup_stm32f103xb.o(RESET) refers to stm32f1xx_it.o(i.USB_LP_CAN1_RX0_IRQHandler) for USB_LP_CAN1_RX0_IRQHandler
    startup_stm32f103xb.o(RESET) refers to stm32f1xx_it.o(i.TIM3_IRQHandler) for TIM3_IRQHandler
    startup_stm32f103xb.o(RESET) refers to stm32f1xx_it.o(i.USART1_IRQHandler) for USART1_IRQHandler
    startup_stm32f103xb.o(RESET) refers to stm32f1xx_it.o(i.EXTI15_10_IRQHandler) for EXTI15_10_IRQHandler
    startup_stm32f103xb.o(.text) refers to system_stm32f1xx.o(i.SystemInit) for SystemInit
    startup_stm32f103xb.o(.text) refers to entry.o(.ARM.Collect$$$$00000000) for __main
    main.o(i.Error_Handler) refers to application.o(i.Application_Error_Handler) for Application_Error_Handler
    main.o(i.SystemClock_Config) refers to memseta.o(.text) for __aeabi_memclr4
    main.o(i.SystemClock_Config) refers to stm32f1xx_hal_rcc.o(i.HAL_RCC_OscConfig) for HAL_RCC_OscConfig
    main.o(i.SystemClock_Config) refers to main.o(i.Error_Handler) for Error_Handler
    main.o(i.SystemClock_Config) refers to stm32f1xx_hal_rcc.o(i.HAL_RCC_ClockConfig) for HAL_RCC_ClockConfig
    main.o(i.SystemClock_Config) refers to stm32f1xx_hal_rcc_ex.o(i.HAL_RCCEx_PeriphCLKConfig) for HAL_RCCEx_PeriphCLKConfig
    main.o(i.main) refers to stm32f1xx_hal.o(i.HAL_Init) for HAL_Init
    main.o(i.main) refers to main.o(i.SystemClock_Config) for SystemClock_Config
    main.o(i.main) refers to gpio.o(i.MX_GPIO_Init) for MX_GPIO_Init
    main.o(i.main) refers to dma.o(i.MX_DMA_Init) for MX_DMA_Init
    main.o(i.main) refers to adc.o(i.MX_ADC1_Init) for MX_ADC1_Init
    main.o(i.main) refers to spi.o(i.MX_SPI2_Init) for MX_SPI2_Init
    main.o(i.main) refers to tim.o(i.MX_TIM1_Init) for MX_TIM1_Init
    main.o(i.main) refers to usart.o(i.MX_USART1_UART_Init) for MX_USART1_UART_Init
    main.o(i.main) refers to tim.o(i.MX_TIM2_Init) for MX_TIM2_Init
    main.o(i.main) refers to usb_device.o(i.MX_USB_DEVICE_Init) for MX_USB_DEVICE_Init
    main.o(i.main) refers to tim.o(i.MX_TIM3_Init) for MX_TIM3_Init
    main.o(i.main) refers to application_init.o(i.Application_Init) for Application_Init
    main.o(i.main) refers to application.o(i.Application_main) for Application_main
    gpio.o(i.MX_GPIO_Init) refers to stm32f1xx_hal_gpio.o(i.HAL_GPIO_WritePin) for HAL_GPIO_WritePin
    gpio.o(i.MX_GPIO_Init) refers to stm32f1xx_hal_gpio.o(i.HAL_GPIO_Init) for HAL_GPIO_Init
    gpio.o(i.MX_GPIO_Init) refers to stm32f1xx_hal_cortex.o(i.HAL_NVIC_SetPriority) for HAL_NVIC_SetPriority
    gpio.o(i.MX_GPIO_Init) refers to stm32f1xx_hal_cortex.o(i.HAL_NVIC_EnableIRQ) for HAL_NVIC_EnableIRQ
    adc.o(i.HAL_ADC_MspDeInit) refers to stm32f1xx_hal_gpio.o(i.HAL_GPIO_DeInit) for HAL_GPIO_DeInit
    adc.o(i.HAL_ADC_MspDeInit) refers to stm32f1xx_hal_dma.o(i.HAL_DMA_DeInit) for HAL_DMA_DeInit
    adc.o(i.HAL_ADC_MspInit) refers to stm32f1xx_hal_gpio.o(i.HAL_GPIO_Init) for HAL_GPIO_Init
    adc.o(i.HAL_ADC_MspInit) refers to stm32f1xx_hal_dma.o(i.HAL_DMA_Init) for HAL_DMA_Init
    adc.o(i.HAL_ADC_MspInit) refers to main.o(i.Error_Handler) for Error_Handler
    adc.o(i.HAL_ADC_MspInit) refers to adc.o(.bss) for hdma_adc1
    adc.o(i.MX_ADC1_Init) refers to stm32f1xx_hal_adc.o(i.HAL_ADC_Init) for HAL_ADC_Init
    adc.o(i.MX_ADC1_Init) refers to main.o(i.Error_Handler) for Error_Handler
    adc.o(i.MX_ADC1_Init) refers to stm32f1xx_hal_adc.o(i.HAL_ADC_ConfigChannel) for HAL_ADC_ConfigChannel
    adc.o(i.MX_ADC1_Init) refers to adc.o(.bss) for hadc1
[...]
    USB_DisableGlobalInt                     0x0800f3fb   Thumb Code    20  stm32f1xx_ll_usb.o(i.USB_DisableGlobalInt)
    USB_EP0_OutStart                         0x0800f40f   Thumb Code     6  stm32f1xx_ll_usb.o(i.USB_EP0_OutStart)
    USB_EPClearStall                         0x0800f415   Thumb Code   218  stm32f1xx_ll_usb.o(i.USB_EPClearStall)
    USB_EPSetStall                           0x0800f4ef   Thumb Code    92  stm32f1xx_ll_usb.o(i.USB_EPSetStall)
    USB_EPStartXfer                          0x0800f54b   Thumb Code  2640  stm32f1xx_ll_usb.o(i.USB_EPStartXfer)
    USB_EnableGlobalInt                      0x0800ff9b   Thumb Code    18  stm32f1xx_ll_usb.o(i.USB_EnableGlobalInt)
    USB_LP_CAN1_RX0_IRQHandler               0x0800ffad   Thumb Code    10  stm32f1xx_it.o(i.USB_LP_CAN1_RX0_IRQHandler)
    USB_ReadInterrupts                       0x0800ffbd   Thumb Code     8  stm32f1xx_ll_usb.o(i.USB_ReadInterrupts)
    USB_ReadPMA                              0x0800ffc5   Thumb Code    74  stm32f1xx_ll_usb.o(i.USB_ReadPMA)
    USB_SetCurrentMode                       0x0801000f   Thumb Code     6  stm32f1xx_ll_usb.o(i.USB_SetCurrentMode)
    USB_SetDevAddress                        0x08010015   Thumb Code    14  stm32f1xx_ll_usb.o(i.USB_SetDevAddress)
    USB_WritePMA                             0x08010023   Thumb Code    64  stm32f1xx_ll_usb.o(i.USB_WritePMA)
    UsageFault_Handler                       0x08010063   Thumb Code     4  stm32f1xx_it.o(i.UsageFault_Handler)
    __0printf                                0x08010069   Thumb Code    22  printfa.o(i.__0printf)
    __1printf                                0x08010069   Thumb Code     0  printfa.o(i.__0printf)
    __2printf                                0x08010069   Thumb Code     0  printfa.o(i.__0printf)
    __c89printf                              0x08010069   Thumb Code     0  printfa.o(i.__0printf)
    printf                                   0x08010069   Thumb Code     0  printfa.o(i.__0printf)
    __0sprintf                               0x08010089   Thumb Code    34  printfa.o(i.__0sprintf)
    __1sprintf                               0x08010089   Thumb Code     0  printfa.o(i.__0sprintf)
    __2sprintf                               0x08010089   Thumb Code     0  printfa.o(i.__0sprintf)
    __c89sprintf                             0x08010089   Thumb Code     0  printfa.o(i.__0sprintf)
    sprintf                                  0x08010089   Thumb Code     0  printfa.o(i.__0sprintf)
    __0vsnprintf                             0x080100b1   Thumb Code    46  printfa.o(i.__0vsnprintf)
    __1vsnprintf                             0x080100b1   Thumb Code     0  printfa.o(i.__0vsnprintf)
    __2vsnprintf                             0x080100b1   Thumb Code     0  printfa.o(i.__0vsnprintf)
    __c89vsnprintf                           0x080100b1   Thumb Code     0  printfa.o(i.__0vsnprintf)
    vsnprintf                                0x080100b1   Thumb Code     0  printfa.o(i.__0vsnprintf)
    __ARM_fpclassify                         0x080100e5   Thumb Code    40  fpclassify.o(i.__ARM_fpclassify)
    __kernel_poly                            0x08010145   Thumb Code   170  poly.o(i.__kernel_poly)
    __mathlib_dbl_divzero                    0x080101f1   Thumb Code    12  dunder.o(i.__mathlib_dbl_divzero)
    __mathlib_dbl_infnan2                    0x08010201   Thumb Code     4  dunder.o(i.__mathlib_dbl_infnan2)
    __mathlib_dbl_invalid                    0x08010205   Thumb Code    12  dunder.o(i.__mathlib_dbl_invalid)
    __mathlib_dbl_overflow                   0x08010211   Thumb Code    14  dunder.o(i.__mathlib_dbl_overflow)
    __mathlib_dbl_underflow                  0x08010221   Thumb Code    10  dunder.o(i.__mathlib_dbl_underflow)
    __scatterload_copy                       0x08010231   Thumb Code    14  handlers.o(i.__scatterload_copy)
    __scatterload_null                       0x0801023f   Thumb Code     2  handlers.o(i.__scatterload_null)
    __scatterload_zeroinit                   0x08010241   Thumb Code    14  handlers.o(i.__scatterload_zeroinit)
    __set_errno                              0x08010251   Thumb Code     6  errno.o(i.__set_errno)
    _is_digit                                0x080103e1   Thumb Code    14  scanf_fp.o(i._is_digit)
    about_page_process                       0x08010b19   Thumb Code    36  menu.o(i.about_page_process)
    about_page_ui_process                    0x08010b41   Thumb Code   112  menu_ui.o(i.about_page_ui_process)
    app_config_load                          0x08010bf1   Thumb Code   158  application.o(i.app_config_load)
    app_config_save                          0x08010cb5   Thumb Code   120  application.o(i.app_config_save)
    ascii_process                            0x08010d35   Thumb Code   102  msg_cmd.o(i.ascii_process)
    buzzer_page_process                      0x08010da1   Thumb Code   142  menu.o(i.buzzer_page_process)
    buzzer_page_ui_process                   0x08010e3d   Thumb Code   120  menu_ui.o(i.buzzer_page_ui_process)
    delay                                    0x08010ed1   Thumb Code    32  lcd_init.o(i.delay)
    fastch_page_process                      0x08010ef1   Thumb Code    78  menu.o(i.fastch_page_process)
    fastch_page_ui_process                   0x08010f45   Thumb Code   940  menu_ui.o(i.fastch_page_ui_process)
    fputc                                    0x0801132d   Thumb Code    22  uart_debug.o(i.fputc)
    htonl                                    0x08011545   Thumb Code    26  application.o(i.htonl)
    husb238_init                             0x08011561   Thumb Code   394  husb238.o(i.husb238_init)
    i2c_Ack                                  0x08011751   Thumb Code    56  application_sc8815.o(i.i2c_Ack)
    i2c_NAck                                 0x0801178d   Thumb Code    46  application_sc8815.o(i.i2c_NAck)
    i2c_ReadByte                             0x080117c1   Thumb Code    66  application_sc8815.o(i.i2c_ReadByte)
    i2c_SendByte                             0x08011809   Thumb Code    78  application_sc8815.o(i.i2c_SendByte)
    i2c_Start                                0x0801185d   Thumb Code    56  application_sc8815.o(i.i2c_Start)
    i2c_Stop                                 0x08011899   Thumb Code    38  application_sc8815.o(i.i2c_Stop)
    i2c_WaitAck                              0x080118c5   Thumb Code    46  application_sc8815.o(i.i2c_WaitAck)
    iout_page_process                        0x080118f9   Thumb Code   140  menu.o(i.iout_page_process)
    iout_page_ui_process                     0x0801199d   Thumb Code   442  menu_ui.o(i.iout_page_ui_process)
    key1_button_process                      0x08011b7d   Thumb Code    40  application.o(i.key1_button_process)
    key2_button_process                      0x08011bad   Thumb Code   104  application.o(i.key2_button_process)
    key3_button_process                      0x08011c25   Thumb Code   114  application.o(i.key3_button_process)
    key4_button_process                      0x08011ca9   Thumb Code    60  application.o(i.key4_button_process)
    main                                     0x08011d19   Thumb Code    56  main.o(i.main)
    main_menu_Init                           0x08011d51   Thumb Code   202  menu_ui.o(i.main_menu_Init)
    main_menu_page_process                   0x08011e6d   Thumb Code   126  menu.o(i.main_menu_page_process)
    main_menu_page_ui_process                0x08011ef1   Thumb Code   458  menu_ui.o(i.main_menu_page_ui_process)
    main_page_init                           0x080120cd   Thumb Code    30  menu_ui.o(i.main_page_init)
    main_page_process                        0x080120f1   Thumb Code    84  menu.o(i.main_page_process)
    mypow                                    0x0801214d   Thumb Code    22  lcd.o(i.mypow)
    pow                                      0x08012165   Thumb Code  2512  pow.o(i.pow)
    presset_config_page_process              0x08012b3d   Thumb Code   166  menu.o(i.presset_config_page_process)
    presset_config_page_ui_process           0x08012bf1   Thumb Code   376  menu_ui.o(i.presset_config_page_ui_process)
    presset_config_set_page_process          0x08012db1   Thumb Code   250  menu.o(i.presset_config_set_page_process)
    presset_config_set_page_show             0x08012eb9   Thumb Code   502  application_lcd.o(i.presset_config_set_page_show)
    presset_config_set_page_ui_process       0x080130cd   Thumb Code    90  menu_ui.o(i.presset_config_set_page_ui_process)
    presset_page_process                     0x08013131   Thumb Code   146  menu.o(i.presset_page_process)
    presset_page_ui_process                  0x080131cd   Thumb Code   466  menu_ui.o(i.presset_page_ui_process)
    presset_running_page_process             0x080133b5   Thumb Code   120  menu.o(i.presset_running_page_process)
    presset_start_page_process               0x08013435   Thumb Code   258  menu.o(i.presset_start_page_process)
    protect_page_process                     0x08013551   Thumb Code    30  menu.o(i.protect_page_process)
    protect_page_ui_process                  0x08013571   Thumb Code   120  menu_ui.o(i.protect_page_ui_process)
    rotary_knob_process                      0x08013611   Thumb Code    70  application.o(i.rotary_knob_process)
    set_dc_limit                             0x08013d75   Thumb Code   230  hardware_setting.o(i.set_dc_limit)
    set_fastcharge                           0x08013e79   Thumb Code   286  hardware_setting.o(i.set_fastcharge)
    set_iout                                 0x08013fa9   Thumb Code   258  hardware_setting.o(i.set_iout)
    set_presset_config                       0x080141b5   Thumb Code   928  hardware_setting.o(i.set_presset_config)
    set_vout                                 0x080146fd   Thumb Code   302  hardware_setting.o(i.set_vout)
    splitString                              0x08014851   Thumb Code    78  msg_cmd.o(i.splitString)
    sqrt                                     0x0801489f   Thumb Code    76  sqrt.o(i.sqrt)
    temperature_page_process                 0x08014999   Thumb Code   176  menu.o(i.temperature_page_process)
    temperature_page_ui_process              0x08014a59   Thumb Code   476  menu_ui.o(i.temperature_page_ui_process)
    to_current                               0x08014c61   Thumb Code    22  husb238.o(i.to_current)
    usb_printf                               0x08014d15   Thumb Code    42  usbd_cdc_if.o(i.usb_printf)
    vout_page_process                        0x08014d45   Thumb Code   182  menu.o(i.vout_page_process)
    vout_page_ui_process                     0x08014e19   Thumb Code   482  menu_ui.o(i.vout_page_ui_process)
    AHBPrescTable                            0x08015044   Data          16  system_stm32f1xx.o(.constdata)
    APBPrescTable                            0x08015054   Data           8  system_stm32f1xx.o(.constdata)
    ascii_1206                               0x0801505c   Data          12  lcd.o(.constdata)
    ascii_1608                               0x08015068   Data        1520  lcd.o(.constdata)
    ascii_2412                               0x08015658   Data          48  lcd.o(.constdata)
    ascii_3216                               0x08015688   Data        6080  lcd.o(.constdata)
    ascii_4824                               0x08016e48   Data        3744  lcd.o(.constdata)
    tfont12                                  0x08017ce8   Data          26  lcd.o(.constdata)
    tfont16                                  0x08017d02   Data          68  lcd.o(.constdata)
    tfont24                                  0x08017d46   Data          74  lcd.o(.constdata)
    tfont32                                  0x08017d90   Data        3770  lcd.o(.constdata)
    gImage_PDinput                           0x08018c58   Data        2048  menu_ui.o(.constdata)
    gImage_buzzer                            0x08019458   Data        2048  menu_ui.o(.constdata)
    gImage_temp                              0x08019c58   Data        2048  menu_ui.o(.constdata)
    gImage_presset                           0x0801a458   Data        2048  menu_ui.o(.constdata)
    gImage_start_presset                     0x0801ac58   Data        2048  menu_ui.o(.constdata)
    gImage_FSW                               0x0801b458   Data        2048  menu_ui.o(.constdata)
    gImage_about                             0x0801bc58   Data        2048  menu_ui.o(.constdata)
    __mathlib_zero                           0x0801c5d8   Data           8  qnan.o(.constdata)
    __ctype_categories                       0x0801c5e0   Data          64  ctype_c.o(.constdata)
    Region$$Table$$Base                      0x0801c79c   Number         0  anon$$obj.o(Region$$Table)
    Region$$Table$$Limit                     0x0801c7bc   Number         0  anon$$obj.o(Region$$Table)
    uwTick                                   0x20000000   Data           4  stm32f1xx_hal.o(.data)
    uwTickPrio                               0x20000004   Data           4  stm32f1xx_hal.o(.data)
    uwTickFreq                               0x20000008   Data           1  stm32f1xx_hal.o(.data)
    SystemCoreClock                          0x2000000c   Data           4  system_stm32f1xx.o(.data)
    APP_LCD_main_show_time                   0x20000010   Data           4  application.o(.data)
    key1_press                               0x20000014   Data           1  application.o(.data)
    key2PressStartTime                       0x20000018   Data           4  application.o(.data)
    key2_press                               0x2000001c   Data           1  application.o(.data)
    key3PressStartTime                       0x20000020   Data           4  application.o(.data)
    key3_press                               0x20000024   Data           1  application.o(.data)
    rotary_knob_value                        0x20000025   Data           1  application.o(.data)
    previous                                 0x20000028   Data           4  application_callback.o(.data)
    left                                     0x2000002c   Data           4  application_callback.o(.data)
    right                                    0x20000030   Data           4  application_callback.o(.data)
    SC8815_BatteryConfigStruct               0x20000034   Data           4  sc8815.o(.data)
    SC8815_InterruptMaskInitStruct           0x20000038   Data           5  sc8815.o(.data)
    ADC_Value                                0x20000040   Data           8  application_adc.o(.data)
    isData                                   0x20000052   Data           1  lcd_init.o(.data)
    current_menu_index                       0x20000054   Data           4  menu.o(.data)
    cmd_Index                                0x20000184   Data           4  msg_cmd.o(.data)
    handler_map                              0x20000188   Data           4  msg_cmd.o(.data)
    votlage_Table                            0x2000018c   Data          14  husb238.o(.data)
    current_Table                            0x2000019c   Data          64  husb238.o(.data)
    FS_Desc                                  0x200001dc   Data          28  usbd_desc.o(.data)
    USBD_FS_DeviceDesc                       0x200001f8   Data          18  usbd_desc.o(.data)
    USBD_LangIDDesc                          0x2000020c   Data           4  usbd_desc.o(.data)
    USBD_StringSerial                        0x20000210   Data          26  usbd_desc.o(.data)
    USBD_Interface_fops_FS                   0x2000022c   Data          16  usbd_cdc_if.o(.data)
    USBD_CDC                                 0x2000024c   Data          56  usbd_cdc.o(.data)
    USBD_CDC_CfgHSDesc                       0x20000284   Data          67  usbd_cdc.o(.data)
    USBD_CDC_CfgFSDesc                       0x200002c8   Data          67  usbd_cdc.o(.data)
    USBD_CDC_OtherSpeedCfgDesc               0x2000030c   Data          67  usbd_cdc.o(.data)
    __stdout                                 0x20000354   Data           4  stdout.o(.data)
    hadc1                                    0x2000035c   Data          48  adc.o(.bss)
    hdma_adc1                                0x2000038c   Data          68  adc.o(.bss)
    hspi2                                    0x200003d0   Data          88  spi.o(.bss)
    hdma_spi2_tx                             0x20000428   Data          68  spi.o(.bss)
    htim1                                    0x2000046c   Data          72  tim.o(.bss)
    htim2                                    0x200004b4   Data          72  tim.o(.bss)
    htim3                                    0x200004fc   Data          72  tim.o(.bss)
    huart1                                   0x20000544   Data          72  usart.o(.bss)
    pFlash                                   0x20000590   Data          32  stm32f1xx_hal_flash.o(.bss)
    APP_config                               0x200005b0   Data          24  application.o(.bss)
    app_config_save_config                   0x200005c8   Data          20  application.o(.bss)
    SC8815_HardwareInitStruct                0x200005dc   Data          21  sc8815.o(.bss)
    SC8815_Config                            0x200005f4   Data          48  application_sc8815.o(.bss)
    SC8815_TIM_Work                          0x20000624   Data        3640  application_sc8815.o(.bss)
    p_Flash                                  0x200014e0   Data          32  stmflash.o(.bss)
    STMFLASH_BUF                             0x20001500   Data        1024  stmflash.o(.bss)
    sub_index                                0x20001900   Data          16  menu.o(.bss)
    presset_config_set                       0x20001910   Data         368  menu.o(.bss)
    uart1_Cmd                                0x20001a80   Data          20  msg_cmd.o(.bss)
    hUsbDeviceFS                             0x20001a94   Data         708  usb_device.o(.bss)
    USBD_StrDesc                             0x20001d58   Data         512  usbd_desc.o(.bss)
    UserRxBufferFS                           0x20001f58   Data        1024  usbd_cdc_if.o(.bss)
    UserTxBufferFS                           0x20002358   Data        1024  usbd_cdc_if.o(.bss)
    hpcd_USB_FS                              0x20002758   Data         752  usbd_conf.o(.bss)
    __initial_sp                             0x20003068   Data           0  startup_stm32f103xb.o(STACK)



==============================================================================

Memory Map of the image

  Image Entry point : 0x080040ed

  Load Region LR_IROM2 (Base: 0x08004000, Size: 0x00018b18, Max: 0x0001a400, ABSOLUTE, COMPRESSED[0x00018984])

    Execution Region ER_IROM2 (Exec base: 0x08004000, Load base: 0x08004000, Size: 0x000187bc, Max: 0x0001a400, ABSOLUTE)

    Exec Addr    Load Addr    Size         Type   Attr      Idx    E Section Name        Object

    0x08004000   0x08004000   0x000000ec   Data   RO            3    RESET               startup_stm32f103xb.o
    0x080040ec   0x080040ec   0x00000000   Code   RO         6853  * .ARM.Collect$$$$00000000  mc_w.l(entry.o)
    0x080040ec   0x080040ec   0x00000004   Code   RO         7214    .ARM.Collect$$$$00000001  mc_w.l(entry2.o)
    0x080040f0   0x080040f0   0x00000004   Code   RO         7217    .ARM.Collect$$$$00000004  mc_w.l(entry5.o)
    0x080040f4   0x080040f4   0x00000000   Code   RO         7219    .ARM.Collect$$$$00000008  mc_w.l(entry7b.o)
    0x080040f4   0x080040f4   0x00000000   Code   RO         7221    .ARM.Collect$$$$0000000A  mc_w.l(entry8b.o)
    0x080040f4   0x080040f4   0x00000008   Code   RO         7222    .ARM.Collect$$$$0000000B  mc_w.l(entry9a.o)
    0x080040fc   0x080040fc   0x00000004   Code   RO         7229    .ARM.Collect$$$$0000000E  mc_w.l(entry12b.o)
    0x08004100   0x08004100   0x00000000   Code   RO         7224    .ARM.Collect$$$$0000000F  mc_w.l(entry10a.o)
    0x08004100   0x08004100   0x00000000   Code   RO         7226    .ARM.Collect$$$$00000011  mc_w.l(entry11a.o)
    0x08004100   0x08004100   0x00000004   Code   RO         7215    .ARM.Collect$$$$00002712  mc_w.l(entry2.o)
    0x08004104   0x08004104   0x00000024   Code   RO            4    .text               startup_stm32f103xb.o
    0x08004128   0x08004128   0x00000020   Code   RO         6856    .text               mc_w.l(llushr.o)
    0x08004148   0x08004148   0x00000024   Code   RO         6858    .text               mc_w.l(memcpya.o)
    0x0800416c   0x0800416c   0x00000024   Code   RO         6860    .text               mc_w.l(memseta.o)
    0x08004190   0x08004190   0x00000024   Code   RO         6862    .text               mc_w.l(strstr.o)
    0x080041b4   0x080041b4   0x00000014   Code   RO         6864    .text               mc_w.l(strchr.o)
    0x080041c8   0x080041c8   0x0000000e   Code   RO         6866    .text               mc_w.l(strlen.o)
    0x080041d6   0x080041d6   0x00000002   PAD
    0x080041d8   0x080041d8   0x00000044   Code   RO         6868    .text               mc_w.l(strtok.o)
    0x0800421c   0x0800421c   0x0000002a   Code   RO         6876    .text               mc_w.l(strcasecmp.o)
    0x08004246   0x08004246   0x00000002   PAD
    0x08004248   0x08004248   0x00000038   Code   RO         7139    .text               mc_w.l(__0sscanf.o)
    0x08004280   0x08004280   0x0000014c   Code   RO         7141    .text               mc_w.l(_scanf_int.o)
    0x080043cc   0x080043cc   0x00000360   Code   RO         7143    .text               mc_w.l(scanf_fp.o)
    0x0800472c   0x0800472c   0x000000b0   Code   RO         7147    .text               mf_w.l(fadd.o)
    0x080047dc   0x080047dc   0x00000064   Code   RO         7149    .text               mf_w.l(fmul.o)
    0x08004840   0x08004840   0x0000007c   Code   RO         7151    .text               mf_w.l(fdiv.o)
    0x080048bc   0x080048bc   0x0000014e   Code   RO         7153    .text               mf_w.l(dadd.o)
    0x08004a0a   0x08004a0a   0x000000e4   Code   RO         7155    .text               mf_w.l(dmul.o)
    0x08004aee   0x08004aee   0x000000de   Code   RO         7157    .text               mf_w.l(ddiv.o)
    0x08004bcc   0x08004bcc   0x0000000a   Code   RO         7161    .text               mf_w.l(ffltui.o)
    0x08004bd6   0x08004bd6   0x00000022   Code   RO         7163    .text               mf_w.l(dflti.o)
    0x08004bf8   0x08004bf8   0x0000001a   Code   RO         7165    .text               mf_w.l(dfltui.o)
    0x08004c12   0x08004c12   0x00000032   Code   RO         7167    .text               mf_w.l(ffixi.o)
    0x08004c44   0x08004c44   0x00000028   Code   RO         7169    .text               mf_w.l(ffixui.o)
    0x08004c6c   0x08004c6c   0x0000003e   Code   RO         7171    .text               mf_w.l(dfixi.o)
    0x08004caa   0x08004caa   0x00000032   Code   RO         7173    .text               mf_w.l(dfixui.o)
    0x08004cdc   0x08004cdc   0x00000026   Code   RO         7175    .text               mf_w.l(f2d.o)
    0x08004d02   0x08004d02   0x00000002   PAD
    0x08004d04   0x08004d04   0x00000030   Code   RO         7177    .text               mf_w.l(cdcmple.o)
    0x08004d34   0x08004d34   0x00000030   Code   RO         7179    .text               mf_w.l(cdrcmple.o)
    0x08004d64   0x08004d64   0x00000038   Code   RO         7181    .text               mf_w.l(d2f.o)
    0x08004d9c   0x08004d9c   0x00000014   Code   RO         7183    .text               mf_w.l(cfcmple.o)
    0x08004db0   0x08004db0   0x00000014   Code   RO         7185    .text               mf_w.l(cfrcmple.o)
    0x08004dc4   0x08004dc4   0x0000002c   Code   RO         7231    .text               mc_w.l(uidiv.o)
    0x08004df0   0x08004df0   0x00000062   Code   RO         7233    .text               mc_w.l(uldiv.o)
    0x08004e52   0x08004e52   0x0000001e   Code   RO         7235    .text               mc_w.l(llshl.o)
    0x08004e70   0x08004e70   0x00000024   Code   RO         7237    .text               mc_w.l(llsshr.o)
    0x08004e94   0x08004e94   0x0000000c   Code   RO         7239    .text               mc_w.l(tolower.o)
    0x08004ea0   0x08004ea0   0x0000001c   Code   RO         7248    .text               mc_w.l(_chval.o)
    0x08004ebc   0x08004ebc   0x00000028   Code   RO         7250    .text               mc_w.l(scanf_char.o)
    0x08004ee4   0x08004ee4   0x00000040   Code   RO         7252    .text               mc_w.l(_sgetc.o)
    0x08004f24   0x08004f24   0x00000000   Code   RO         7254    .text               mc_w.l(iusefp.o)
    0x08004f24   0x08004f24   0x0000006e   Code   RO         7255    .text               mf_w.l(fepilogue.o)
    0x08004f92   0x08004f92   0x000000ba   Code   RO         7257    .text               mf_w.l(depilogue.o)
    0x0800504c   0x0800504c   0x0000002e   Code   RO         7259    .text               mf_w.l(dscalb.o)
    0x0800507a   0x0800507a   0x00000018   Code   RO         7261    .text               mf_w.l(dfltul.o)
    0x08005092   0x08005092   0x00000030   Code   RO         7263    .text               mf_w.l(dfixul.o)
    0x080050c2   0x080050c2   0x00000002   PAD
    0x080050c4   0x080050c4   0x00000024   Code   RO         7265    .text               mc_w.l(init.o)
    0x080050e8   0x080050e8   0x0000000a   Code   RO         7267    .text               mc_w.l(isspace_c.o)
    0x080050f2   0x080050f2   0x00000002   PAD
    0x080050f4   0x080050f4   0x00000330   Code   RO         7269    .text               mc_w.l(_scanf.o)
    0x08005424   0x08005424   0x000000a2   Code   RO         7271    .text               mf_w.l(dsqrt.o)
    0x080054c6   0x080054c6   0x00000002   PAD
    0x080054c8   0x080054c8   0x00000028   Code   RO         7273    .text               mc_w.l(ctype_c.o)
    0x080054f0   0x080054f0   0x00000056   Code   RO         7284    .text               mc_w.l(__dczerorl2.o)
    0x08005546   0x08005546   0x0000005c   Code   RO         2106    i.ADC_ConversionStop_Disable  stm32f1xx_hal_adc.o
    0x080055a2   0x080055a2   0x00000052   Code   RO         2107    i.ADC_DMAConvCplt   stm32f1xx_hal_adc.o
    0x080055f4   0x080055f4   0x0000001e   Code   RO         2108    i.ADC_DMAError      stm32f1xx_hal_adc.o
    0x08005612   0x08005612   0x0000000e   Code   RO         2109    i.ADC_DMAHalfConvCplt  stm32f1xx_hal_adc.o
    0x08005620   0x08005620   0x00000090   Code   RO         2110    i.ADC_Enable        stm32f1xx_hal_adc.o
    0x080056b0   0x080056b0   0x00000234   Code   RO         5287    i.APP_LCD_main_init  application_lcd.o
    0x080058e4   0x080058e4   0x000002ec   Code   RO         5288    i.APP_LCD_main_show  application_lcd.o
    0x08005bd0   0x08005bd0   0x00000164   Code   RO         5289    i.APP_LCD_presset_running_init  application_lcd.o
    0x08005d34   0x08005d34   0x00000290   Code   RO         5290    i.APP_LCD_presset_running_show  application_lcd.o
    0x08005fc4   0x08005fc4   0x00000128   Code   RO         4761    i.App_SC8815_SetOutputVoltage  application_sc8815.o
    0x080060ec   0x080060ec   0x0000005c   Code   RO         4959    i.App_getIBUS_A     application_adc.o
    0x08006148   0x08006148   0x00000044   Code   RO         4963    i.App_getTemp_V     application_adc.o
    0x0800618c   0x0800618c   0x00000044   Code   RO         4965    i.App_getVBAT_V     application_adc.o
    0x080061d0   0x080061d0   0x00000050   Code   RO         4968    i.App_getVBAT_mV    application_adc.o
    0x08006220   0x08006220   0x0000005c   Code   RO         4969    i.App_getVBUS_V     application_adc.o
    0x0800627c   0x0800627c   0x00000050   Code   RO         4972    i.App_getVBUS_mV    application_adc.o
    0x080062cc   0x080062cc   0x00000048   Code   RO         4973    i.App_get_msg_getIBUS_mA  application_adc.o
    0x08006314   0x08006314   0x00000048   Code   RO         4974    i.App_get_msg_getVBUS_mV  application_adc.o
    0x0800635c   0x0800635c   0x0000001c   Code   RO         4099    i.Application_Error_Handler  application.o
    0x08006378   0x08006378   0x000000bc   Code   RO         4313    i.Application_Init  application_init.o
    0x08006434   0x08006434   0x0000011c   Code   RO         4762    i.Application_SC8815_Init  application_sc8815.o
    0x08006550   0x08006550   0x0000002c   Code   RO         4763    i.Application_SC8815_Run  application_sc8815.o
    0x0800657c   0x0800657c   0x0000002c   Code   RO         4765    i.Application_SC8815_Standby  application_sc8815.o
    0x080065a8   0x080065a8   0x00000024   Code   RO         4766    i.Application_SC8815_loadStart  application_sc8815.o
    0x080065cc   0x080065cc   0x00000020   Code   RO         4100    i.Application_SoftwareDelay  application.o
    0x080065ec   0x080065ec   0x0000016c   Code   RO         4101    i.Application_main  application.o
    0x08006758   0x08006758   0x00000030   Code   RO         4924    i.BUZZER_OPEN       application_buzzer.o
    0x08006788   0x08006788   0x00000004   Code   RO          458    i.BusFault_Handler  stm32f1xx_it.o
    0x0800678c   0x0800678c   0x00000044   Code   RO         6171    i.CDC_Control_FS    usbd_cdc_if.o
    0x080067d0   0x080067d0   0x00000004   Code   RO         6172    i.CDC_DeInit_FS     usbd_cdc_if.o
    0x080067d4   0x080067d4   0x00000024   Code   RO         6173    i.CDC_Init_FS       usbd_cdc_if.o
    0x080067f8   0x080067f8   0x00000070   Code   RO         6174    i.CDC_Receive_FS    usbd_cdc_if.o
    0x08006868   0x08006868   0x00000038   Code   RO         6175    i.CDC_Transmit_FS   usbd_cdc_if.o
    0x080068a0   0x080068a0   0x00000050   Code   RO         5400    i.DC_limit_page_process  menu.o
    0x080068f0   0x080068f0   0x000001d4   Code   RO         5533    i.DC_limit_page_ui_process  menu_ui.o
    0x08006ac4   0x08006ac4   0x00000010   Code   RO          459    i.DMA1_Channel1_IRQHandler  stm32f1xx_it.o
    0x08006ad4   0x08006ad4   0x00000010   Code   RO          460    i.DMA1_Channel5_IRQHandler  stm32f1xx_it.o
    0x08006ae4   0x08006ae4   0x0000002c   Code   RO         1483    i.DMA_SetConfig     stm32f1xx_hal_dma.o
    0x08006b10   0x08006b10   0x00000002   Code   RO          461    i.DebugMon_Handler  stm32f1xx_it.o
    0x08006b12   0x08006b12   0x0000001c   Code   RO          462    i.EXTI15_10_IRQHandler  stm32f1xx_it.o
    0x08006b2e   0x08006b2e   0x00000002   PAD
    0x08006b30   0x08006b30   0x00000114   Code   RO         5534    i.Enter_Page        menu_ui.o
    0x08006c44   0x08006c44   0x0000000a   Code   RO           13    i.Error_Handler     main.o
    0x08006c4e   0x08006c4e   0x00000002   PAD
    0x08006c50   0x08006c50   0x00000020   Code   RO         1825    i.FLASH_Program_HalfWord  stm32f1xx_hal_flash.o
    0x08006c70   0x08006c70   0x00000084   Code   RO         1826    i.FLASH_SetErrorCode  stm32f1xx_hal_flash.o
    0x08006cf4   0x08006cf4   0x00000070   Code   RO         1827    i.FLASH_WaitForLastOperation  stm32f1xx_hal_flash.o
    0x08006d64   0x08006d64   0x000000e8   Code   RO         5401    i.FSW_page_process  menu.o
    0x08006e4c   0x08006e4c   0x00000364   Code   RO         5535    i.FSW_page_ui_process  menu_ui.o
    0x080071b0   0x080071b0   0x00000028   Code   RO         5337    i.Flash_PageErase   stmflash.o
    0x080071d8   0x080071d8   0x00000034   Code   RO         6088    i.Get_SerialNum     usbd_desc.o
    0x0800720c   0x0800720c   0x0000011c   Code   RO         2286    i.HAL_ADCEx_Calibration_Start  stm32f1xx_hal_adc_ex.o
    0x08007328   0x08007328   0x00000160   Code   RO         2112    i.HAL_ADC_ConfigChannel  stm32f1xx_hal_adc.o
    0x08007488   0x08007488   0x00000002   Code   RO         2113    i.HAL_ADC_ConvCpltCallback  stm32f1xx_hal_adc.o
    0x0800748a   0x0800748a   0x00000002   Code   RO         2114    i.HAL_ADC_ConvHalfCpltCallback  stm32f1xx_hal_adc.o
    0x0800748c   0x0800748c   0x00000002   Code   RO         2116    i.HAL_ADC_ErrorCallback  stm32f1xx_hal_adc.o
    0x0800748e   0x0800748e   0x00000002   PAD
    0x08007490   0x08007490   0x00000144   Code   RO         2121    i.HAL_ADC_Init      stm32f1xx_hal_adc.o
    0x080075d4   0x080075d4   0x000000b0   Code   RO          231    i.HAL_ADC_MspInit   adc.o
    0x08007684   0x08007684   0x00000180   Code   RO         2128    i.HAL_ADC_Start_DMA  stm32f1xx_hal_adc.o
    0x08007804   0x08007804   0x00000056   Code   RO         1484    i.HAL_DMA_Abort     stm32f1xx_hal_dma.o
    0x0800785a   0x0800785a   0x00000002   PAD
    0x0800785c   0x0800785c   0x000000b0   Code   RO         1485    i.HAL_DMA_Abort_IT  stm32f1xx_hal_dma.o
    0x0800790c   0x0800790c   0x00000008   Code   RO         1488    i.HAL_DMA_GetState  stm32f1xx_hal_dma.o
    0x08007914   0x08007914   0x0000019c   Code   RO         1489    i.HAL_DMA_IRQHandler  stm32f1xx_hal_dma.o
    0x08007ab0   0x08007ab0   0x00000068   Code   RO         1490    i.HAL_DMA_Init      stm32f1xx_hal_dma.o
    0x08007b18   0x08007b18   0x0000009c   Code   RO         1494    i.HAL_DMA_Start_IT  stm32f1xx_hal_dma.o
    0x08007bb4   0x08007bb4   0x00000028   Code   RO         1105    i.HAL_Delay         stm32f1xx_hal.o
    0x08007bdc   0x08007bdc   0x00000014   Code   RO         1831    i.HAL_FLASH_Lock    stm32f1xx_hal_flash.o
    0x08007bf0   0x08007bf0   0x000000b0   Code   RO         1836    i.HAL_FLASH_Program  stm32f1xx_hal_flash.o
    0x08007ca0   0x08007ca0   0x00000030   Code   RO         1838    i.HAL_FLASH_Unlock  stm32f1xx_hal_flash.o
    0x08007cd0   0x08007cd0   0x00000080   Code   RO         4243    i.HAL_GPIO_EXTI_Callback  application_callback.o
    0x08007d50   0x08007d50   0x0000001c   Code   RO         1419    i.HAL_GPIO_EXTI_IRQHandler  stm32f1xx_hal_gpio.o
    0x08007d6c   0x08007d6c   0x00000320   Code   RO         1420    i.HAL_GPIO_Init     stm32f1xx_hal_gpio.o
    0x0800808c   0x0800808c   0x00000010   Code   RO         1422    i.HAL_GPIO_ReadPin  stm32f1xx_hal_gpio.o
    0x0800809c   0x0800809c   0x0000000c   Code   RO         1424    i.HAL_GPIO_WritePin  stm32f1xx_hal_gpio.o
    0x080080a8   0x080080a8   0x0000000c   Code   RO         1109    i.HAL_GetTick       stm32f1xx_hal.o
    0x080080b4   0x080080b4   0x00000018   Code   RO         1115    i.HAL_IncTick       stm32f1xx_hal.o
    0x080080cc   0x080080cc   0x00000028   Code   RO         1116    i.HAL_Init          stm32f1xx_hal.o
    0x080080f4   0x080080f4   0x0000004c   Code   RO         1117    i.HAL_InitTick      stm32f1xx_hal.o
    0x08008140   0x08008140   0x00000054   Code   RO          573    i.HAL_MspInit       stm32f1xx_hal_msp.o
    0x08008194   0x08008194   0x00000020   Code   RO         1580    i.HAL_NVIC_EnableIRQ  stm32f1xx_hal_cortex.o
    0x080081b4   0x080081b4   0x0000007c   Code   RO         1586    i.HAL_NVIC_SetPriority  stm32f1xx_hal_cortex.o
    0x08008230   0x08008230   0x00000028   Code   RO         1587    i.HAL_NVIC_SetPriorityGrouping  stm32f1xx_hal_cortex.o
    0x08008258   0x08008258   0x00000044   Code   RO          872    i.HAL_PCDEx_PMAConfig  stm32f1xx_hal_pcd_ex.o
    0x0800829c   0x0800829c   0x00000002   Code   RO         6236    i.HAL_PCDEx_SetConnectionState  usbd_conf.o
    0x0800829e   0x0800829e   0x00000020   Code   RO         6238    i.HAL_PCD_DataInStageCallback  usbd_conf.o
    0x080082be   0x080082be   0x00000020   Code   RO         6239    i.HAL_PCD_DataOutStageCallback  usbd_conf.o
    0x080082de   0x080082de   0x0000006a   Code   RO          643    i.HAL_PCD_EP_Close  stm32f1xx_hal_pcd.o
    0x08008348   0x08008348   0x0000007c   Code   RO          644    i.HAL_PCD_EP_ClrStall  stm32f1xx_hal_pcd.o
    0x080083c4   0x080083c4   0x00000158   Code   RO          645    i.HAL_PCD_EP_DB_Receive  stm32f1xx_hal_pcd.o
    0x0800851c   0x0800851c   0x0000053e   Code   RO          646    i.HAL_PCD_EP_DB_Transmit  stm32f1xx_hal_pcd.o
    0x08008a5a   0x08008a5a   0x00000016   Code   RO          648    i.HAL_PCD_EP_GetRxCount  stm32f1xx_hal_pcd.o
    0x08008a70   0x08008a70   0x00000084   Code   RO          649    i.HAL_PCD_EP_Open   stm32f1xx_hal_pcd.o
    0x08008af4   0x08008af4   0x0000003c   Code   RO          650    i.HAL_PCD_EP_Receive  stm32f1xx_hal_pcd.o
    0x08008b30   0x08008b30   0x00000088   Code   RO          651    i.HAL_PCD_EP_SetStall  stm32f1xx_hal_pcd.o
    0x08008bb8   0x08008bb8   0x00000046   Code   RO          652    i.HAL_PCD_EP_Transmit  stm32f1xx_hal_pcd.o
    0x08008bfe   0x08008bfe   0x000001cc   Code   RO          654    i.HAL_PCD_IRQHandler  stm32f1xx_hal_pcd.o
    0x08008dca   0x08008dca   0x0000014a   Code   RO          657    i.HAL_PCD_Init      stm32f1xx_hal_pcd.o
    0x08008f14   0x08008f14   0x00000044   Code   RO         6244    i.HAL_PCD_MspInit   usbd_conf.o
    0x08008f58   0x08008f58   0x00000024   Code   RO         6245    i.HAL_PCD_ResetCallback  usbd_conf.o
    0x08008f7c   0x08008f7c   0x0000000e   Code   RO         6246    i.HAL_PCD_ResumeCallback  usbd_conf.o
    0x08008f8a   0x08008f8a   0x0000000e   Code   RO         6247    i.HAL_PCD_SOFCallback  usbd_conf.o
    0x08008f98   0x08008f98   0x00000036   Code   RO          663    i.HAL_PCD_SetAddress  stm32f1xx_hal_pcd.o
    0x08008fce   0x08008fce   0x00000012   Code   RO         6248    i.HAL_PCD_SetupStageCallback  usbd_conf.o
    0x08008fe0   0x08008fe0   0x0000003c   Code   RO          665    i.HAL_PCD_Start     stm32f1xx_hal_pcd.o
    0x0800901c   0x0800901c   0x00000024   Code   RO         6249    i.HAL_PCD_SuspendCallback  usbd_conf.o
    0x08009040   0x08009040   0x000000fc   Code   RO         1381    i.HAL_RCCEx_GetPeriphCLKFreq  stm32f1xx_hal_rcc_ex.o
    0x0800913c   0x0800913c   0x00000130   Code   RO         1382    i.HAL_RCCEx_PeriphCLKConfig  stm32f1xx_hal_rcc_ex.o
    0x0800926c   0x0800926c   0x0000018c   Code   RO         1273    i.HAL_RCC_ClockConfig  stm32f1xx_hal_rcc.o
    0x080093f8   0x080093f8   0x0000000c   Code   RO         1278    i.HAL_RCC_GetHCLKFreq  stm32f1xx_hal_rcc.o
    0x08009404   0x08009404   0x00000020   Code   RO         1280    i.HAL_RCC_GetPCLK1Freq  stm32f1xx_hal_rcc.o
    0x08009424   0x08009424   0x00000020   Code   RO         1281    i.HAL_RCC_GetPCLK2Freq  stm32f1xx_hal_rcc.o
    0x08009444   0x08009444   0x00000070   Code   RO         1282    i.HAL_RCC_GetSysClockFreq  stm32f1xx_hal_rcc.o
    0x080094b4   0x080094b4   0x00000464   Code   RO         1285    i.HAL_RCC_OscConfig  stm32f1xx_hal_rcc.o
    0x08009918   0x08009918   0x00000002   Code   RO         2389    i.HAL_SPI_ErrorCallback  stm32f1xx_hal_spi.o
    0x0800991a   0x0800991a   0x00000008   Code   RO         2391    i.HAL_SPI_GetState  stm32f1xx_hal_spi.o
    0x08009922   0x08009922   0x000000be   Code   RO         2393    i.HAL_SPI_Init      stm32f1xx_hal_spi.o
    0x080099e0   0x080099e0   0x000000b4   Code   RO          297    i.HAL_SPI_MspInit   spi.o
    0x08009a94   0x08009a94   0x000001bc   Code   RO         2401    i.HAL_SPI_Transmit  stm32f1xx_hal_spi.o
    0x08009c50   0x08009c50   0x000000f8   Code   RO         2405    i.HAL_SPI_Transmit_DMA  stm32f1xx_hal_spi.o
    0x08009d48   0x08009d48   0x00000002   Code   RO         2407    i.HAL_SPI_TxCpltCallback  stm32f1xx_hal_spi.o
    0x08009d4a   0x08009d4a   0x00000002   Code   RO         2408    i.HAL_SPI_TxHalfCpltCallback  stm32f1xx_hal_spi.o
    0x08009d4c   0x08009d4c   0x00000034   Code   RO         1591    i.HAL_SYSTICK_Config  stm32f1xx_hal_cortex.o
    0x08009d80   0x08009d80   0x00000002   Code   RO         3421    i.HAL_TIMEx_BreakCallback  stm32f1xx_hal_tim_ex.o
    0x08009d82   0x08009d82   0x00000002   Code   RO         3422    i.HAL_TIMEx_CommutCallback  stm32f1xx_hal_tim_ex.o
    0x08009d84   0x08009d84   0x00000074   Code   RO         3424    i.HAL_TIMEx_ConfigBreakDeadTime  stm32f1xx_hal_tim_ex.o
    0x08009df8   0x08009df8   0x00000084   Code   RO         3440    i.HAL_TIMEx_MasterConfigSynchronization  stm32f1xx_hal_tim_ex.o
    0x08009e7c   0x08009e7c   0x00000066   Code   RO         2706    i.HAL_TIM_Base_Init  stm32f1xx_hal_tim.o
    0x08009ee2   0x08009ee2   0x00000002   PAD
    0x08009ee4   0x08009ee4   0x00000068   Code   RO          339    i.HAL_TIM_Base_MspInit  tim.o
    0x08009f4c   0x08009f4c   0x00000078   Code   RO         2711    i.HAL_TIM_Base_Start_IT  stm32f1xx_hal_tim.o
    0x08009fc4   0x08009fc4   0x0000010c   Code   RO         2715    i.HAL_TIM_ConfigClockSource  stm32f1xx_hal_tim.o
    0x0800a0d0   0x0800a0d0   0x00000002   Code   RO         2740    i.HAL_TIM_IC_CaptureCallback  stm32f1xx_hal_tim.o
    0x0800a0d2   0x0800a0d2   0x00000196   Code   RO         2754    i.HAL_TIM_IRQHandler  stm32f1xx_hal_tim.o
    0x0800a268   0x0800a268   0x00000058   Code   RO          340    i.HAL_TIM_MspPostInit  tim.o
    0x0800a2c0   0x0800a2c0   0x00000002   Code   RO         2757    i.HAL_TIM_OC_DelayElapsedCallback  stm32f1xx_hal_tim.o
    0x0800a2c2   0x0800a2c2   0x00000104   Code   RO         2778    i.HAL_TIM_PWM_ConfigChannel  stm32f1xx_hal_tim.o
    0x0800a3c6   0x0800a3c6   0x00000066   Code   RO         2781    i.HAL_TIM_PWM_Init  stm32f1xx_hal_tim.o
    0x0800a42c   0x0800a42c   0x00000030   Code   RO          342    i.HAL_TIM_PWM_MspInit  tim.o
    0x0800a45c   0x0800a45c   0x00000002   Code   RO         2784    i.HAL_TIM_PWM_PulseFinishedCallback  stm32f1xx_hal_tim.o
    0x0800a45e   0x0800a45e   0x00000002   PAD
    0x0800a460   0x0800a460   0x000000d4   Code   RO         2786    i.HAL_TIM_PWM_Start  stm32f1xx_hal_tim.o
    0x0800a534   0x0800a534   0x0000009c   Code   RO         2789    i.HAL_TIM_PWM_Stop  stm32f1xx_hal_tim.o
    0x0800a5d0   0x0800a5d0   0x00000098   Code   RO         4244    i.HAL_TIM_PeriodElapsedCallback  application_callback.o
    0x0800a668   0x0800a668   0x00000002   Code   RO         2797    i.HAL_TIM_TriggerCallback  stm32f1xx_hal_tim.o
    0x0800a66a   0x0800a66a   0x00000002   Code   RO         3700    i.HAL_UARTEx_RxEventCallback  stm32f1xx_hal_uart.o
    0x0800a66c   0x0800a66c   0x00000002   Code   RO         3704    i.HAL_UART_AbortReceiveCpltCallback  stm32f1xx_hal_uart.o
    0x0800a66e   0x0800a66e   0x00000002   PAD
    0x0800a670   0x0800a670   0x000000d8   Code   RO         3705    i.HAL_UART_AbortReceive_IT  stm32f1xx_hal_uart.o
    0x0800a748   0x0800a748   0x00000002   Code   RO         3714    i.HAL_UART_ErrorCallback  stm32f1xx_hal_uart.o
    0x0800a74a   0x0800a74a   0x00000002   PAD
    0x0800a74c   0x0800a74c   0x000002e4   Code   RO         3717    i.HAL_UART_IRQHandler  stm32f1xx_hal_uart.o
    0x0800aa30   0x0800aa30   0x00000076   Code   RO         3718    i.HAL_UART_Init     stm32f1xx_hal_uart.o
    0x0800aaa6   0x0800aaa6   0x00000002   PAD
    0x0800aaa8   0x0800aaa8   0x00000098   Code   RO          417    i.HAL_UART_MspInit  usart.o
    0x0800ab40   0x0800ab40   0x0000002c   Code   RO         3723    i.HAL_UART_Receive_IT  stm32f1xx_hal_uart.o
    0x0800ab6c   0x0800ab6c   0x00000030   Code   RO         4245    i.HAL_UART_RxCpltCallback  application_callback.o
    0x0800ab9c   0x0800ab9c   0x000000b2   Code   RO         3726    i.HAL_UART_Transmit  stm32f1xx_hal_uart.o
    0x0800ac4e   0x0800ac4e   0x00000002   Code   RO         3729    i.HAL_UART_TxCpltCallback  stm32f1xx_hal_uart.o
    0x0800ac50   0x0800ac50   0x00000062   Code   RO         5906    i.HUSB238_ExtractCap  husb238.o
    0x0800acb2   0x0800acb2   0x00000042   Code   RO         5910    i.HUSB238_I2CReadBytes  husb238.o
    0x0800acf4   0x0800acf4   0x0000001a   Code   RO         5911    i.HUSB238_ReadAllReg  husb238.o
    0x0800ad0e   0x0800ad0e   0x00000010   Code   RO         5913    i.HUSB238_RequestPDO  husb238.o
    0x0800ad1e   0x0800ad1e   0x00000024   Code   RO         5914    i.HUSB238_SelVoltage  husb238.o
    0x0800ad42   0x0800ad42   0x00000002   PAD
    0x0800ad44   0x0800ad44   0x00000010   Code   RO         5915    i.HUSB238_Voltage2PDO  husb238.o
    0x0800ad54   0x0800ad54   0x00000036   Code   RO         5916    i.HUSB238_WriteReg  husb238.o
    0x0800ad8a   0x0800ad8a   0x00000004   Code   RO          463    i.HardFault_Handler  stm32f1xx_it.o
    0x0800ad8e   0x0800ad8e   0x00000042   Code   RO         4767    i.I2C_ReadRegByte   application_sc8815.o
    0x0800add0   0x0800add0   0x00000088   Code   RO         4768    i.I2C_WriteRegByte  application_sc8815.o
    0x0800ae58   0x0800ae58   0x0000000a   Code   RO         4769    i.IIC_delay         application_sc8815.o
    0x0800ae62   0x0800ae62   0x00000002   PAD
    0x0800ae64   0x0800ae64   0x00000048   Code   RO         6005    i.INA226_Init       ina226.o
    0x0800aeac   0x0800aeac   0x00000054   Code   RO         6006    i.INA226_Read2Byte  ina226.o
    0x0800af00   0x0800af00   0x000000a4   Code   RO         6007    i.INA226_ReadCurrent  ina226.o
    0x0800afa4   0x0800afa4   0x00000028   Code   RO         6009    i.INA226_ReadVoltage  ina226.o
    0x0800afcc   0x0800afcc   0x00000042   Code   RO         6010    i.INA226_Write2Byte  ina226.o
    0x0800b00e   0x0800b00e   0x0000003e   Code   RO         6089    i.IntToUnicode      usbd_desc.o
    0x0800b04c   0x0800b04c   0x00000044   Code   RO         5402    i.JUMP_Table        menu.o
    0x0800b090   0x0800b090   0x0000004a   Code   RO         5219    i.LCD_Address_Set   lcd_init.o
    0x0800b0da   0x0800b0da   0x00000002   PAD
    0x0800b0dc   0x0800b0dc   0x0000002c   Code   RO         5088    i.LCD_DrawPoint     lcd.o
    0x0800b108   0x0800b108   0x000000a8   Code   RO         5091    i.LCD_Fill_DMA      lcd.o
    0x0800b1b0   0x0800b1b0   0x00000172   Code   RO         5220    i.LCD_Init          lcd_init.o
    0x0800b322   0x0800b322   0x0000002a   Code   RO         5092    i.LCD_RowClear      lcd.o
    0x0800b34c   0x0800b34c   0x00000180   Code   RO         5093    i.LCD_ShowChar      lcd.o
    0x0800b4cc   0x0800b4cc   0x0000008c   Code   RO         5094    i.LCD_ShowChinese   lcd.o
    0x0800b558   0x0800b558   0x00000158   Code   RO         5095    i.LCD_ShowChinese12x12  lcd.o
    0x0800b6b0   0x0800b6b0   0x00000148   Code   RO         5096    i.LCD_ShowChinese16x16  lcd.o
    0x0800b7f8   0x0800b7f8   0x00000158   Code   RO         5097    i.LCD_ShowChinese24x24  lcd.o
    0x0800b950   0x0800b950   0x00000148   Code   RO         5098    i.LCD_ShowChinese32x32  lcd.o
    0x0800ba98   0x0800ba98   0x00000096   Code   RO         5100    i.LCD_ShowIntNum    lcd.o
    0x0800bb2e   0x0800bb2e   0x00000002   PAD
    0x0800bb30   0x0800bb30   0x00000078   Code   RO         5101    i.LCD_ShowPicture   lcd.o
    0x0800bba8   0x0800bba8   0x00000042   Code   RO         5102    i.LCD_ShowString    lcd.o
    0x0800bbea   0x0800bbea   0x00000012   Code   RO         5221    i.LCD_WR_DATA       lcd_init.o
    0x0800bbfc   0x0800bbfc   0x0000000c   Code   RO         5222    i.LCD_WR_DATA8      lcd_init.o
    0x0800bc08   0x0800bc08   0x0000003c   Code   RO         5223    i.LCD_WR_REG        lcd_init.o
    0x0800bc44   0x0800bc44   0x000000ac   Code   RO         5224    i.LCD_Writ_Bus      lcd_init.o
    0x0800bcf0   0x0800bcf0   0x000000a0   Code   RO          232    i.MX_ADC1_Init      adc.o
    0x0800bd90   0x0800bd90   0x00000044   Code   RO          272    i.MX_DMA_Init       dma.o
    0x0800bdd4   0x0800bdd4   0x00000184   Code   RO          206    i.MX_GPIO_Init      gpio.o
    0x0800bf58   0x0800bf58   0x00000054   Code   RO          298    i.MX_SPI2_Init      spi.o
    0x0800bfac   0x0800bfac   0x000000b4   Code   RO          343    i.MX_TIM1_Init      tim.o
    0x0800c060   0x0800c060   0x0000006c   Code   RO          344    i.MX_TIM2_Init      tim.o
    0x0800c0cc   0x0800c0cc   0x00000070   Code   RO          345    i.MX_TIM3_Init      tim.o
    0x0800c13c   0x0800c13c   0x00000070   Code   RO          418    i.MX_USART1_UART_Init  usart.o
    0x0800c1ac   0x0800c1ac   0x0000004c   Code   RO         6057    i.MX_USB_DEVICE_Init  usb_device.o
    0x0800c1f8   0x0800c1f8   0x00000004   Code   RO          464    i.MemManage_Handler  stm32f1xx_it.o
    0x0800c1fc   0x0800c1fc   0x00000014   Code   RO         5403    i.Menu_Select_Item  menu.o
    0x0800c210   0x0800c210   0x00000004   Code   RO          465    i.NMI_Handler       stm32f1xx_it.o
    0x0800c214   0x0800c214   0x000004f2   Code   RO          669    i.PCD_EP_ISR_Handler  stm32f1xx_hal_pcd.o
    0x0800c706   0x0800c706   0x00000002   Code   RO          466    i.PendSV_Handler    stm32f1xx_it.o
    0x0800c708   0x0800c708   0x00000028   Code   RO         1286    i.RCC_Delay         stm32f1xx_hal_rcc.o
    0x0800c730   0x0800c730   0x0000001a   Code   RO         4388    i.SC8815_ADC_Disable  sc8815.o
    0x0800c74a   0x0800c74a   0x0000001e   Code   RO         4391    i.SC8815_BatteryConfig  sc8815.o
    0x0800c768   0x0800c768   0x00000058   Code   RO         4392    i.SC8815_ConfigInterruptMask  sc8815.o
    0x0800c7c0   0x0800c7c0   0x000000c4   Code   RO         4408    i.SC8815_HardwareInit  sc8815.o
    0x0800c884   0x0800c884   0x0000001a   Code   RO         4411    i.SC8815_OTG_Enable  sc8815.o
    0x0800c89e   0x0800c89e   0x0000001a   Code   RO         4416    i.SC8815_PFM_Disable  sc8815.o
    0x0800c8b8   0x0800c8b8   0x0000001a   Code   RO         4417    i.SC8815_PFM_Enable  sc8815.o
    0x0800c8d2   0x0800c8d2   0x0000001a   Code   RO         4419    i.SC8815_PGATE_Disable  sc8815.o
    0x0800c8ec   0x0800c8ec   0x00000044   Code   RO         4770    i.SC8815_Preset_Mode_Quit  application_sc8815.o
    0x0800c930   0x0800c930   0x00000034   Code   RO         4771    i.SC8815_Preset_Read  application_sc8815.o
    0x0800c964   0x0800c964   0x00000018   Code   RO         4772    i.SC8815_Preset_Save  application_sc8815.o
    0x0800c97c   0x0800c97c   0x0000001a   Code   RO         4428    i.SC8815_SFB_Disable  sc8815.o
    0x0800c996   0x0800c996   0x0000001a   Code   RO         4429    i.SC8815_SFB_Enable  sc8815.o
    0x0800c9b0   0x0800c9b0   0x00000020   Code   RO         4431    i.SC8815_SetBatteryCell  sc8815.o
    0x0800c9d0   0x0800c9d0   0x0000003e   Code   RO         4432    i.SC8815_SetBatteryCurrLimit  sc8815.o
    0x0800ca0e   0x0800ca0e   0x0000003e   Code   RO         4433    i.SC8815_SetBusCurrentLimit  sc8815.o
    0x0800ca4c   0x0800ca4c   0x00000046   Code   RO         4434    i.SC8815_SetDeadTime  sc8815.o
    0x0800ca92   0x0800ca92   0x00000036   Code   RO         4435    i.SC8815_SetILIMBW  sc8815.o
    0x0800cac8   0x0800cac8   0x00000134   Code   RO         4438    i.SC8815_SetOutputVoltage  sc8815.o
    0x0800cbfc   0x0800cbfc   0x0000004a   Code   RO         4439    i.SC8815_SetSWFreq  sc8815.o
    0x0800cc46   0x0800cc46   0x00000002   PAD
    0x0800cc48   0x0800cc48   0x00000024   Code   RO         4440    i.SC8815_SetVBUSFBMode  sc8815.o
    0x0800cc6c   0x0800cc6c   0x00000110   Code   RO         4774    i.SC8815_output_calibration  application_sc8815.o
    0x0800cd7c   0x0800cd7c   0x00000038   Code   RO         4102    i.SET_LED1_Status   application.o
    0x0800cdb4   0x0800cdb4   0x00000028   Code   RO         2421    i.SPI_DMAError      stm32f1xx_hal_spi.o
    0x0800cddc   0x0800cddc   0x0000000e   Code   RO         2423    i.SPI_DMAHalfTransmitCplt  stm32f1xx_hal_spi.o
    0x0800cdea   0x0800cdea   0x0000007e   Code   RO         2427    i.SPI_DMATransmitCplt  stm32f1xx_hal_spi.o
    0x0800ce68   0x0800ce68   0x00000028   Code   RO         2431    i.SPI_EndRxTxTransaction  stm32f1xx_hal_spi.o
    0x0800ce90   0x0800ce90   0x000000d8   Code   RO         2436    i.SPI_WaitFlagStateUntilTimeout  stm32f1xx_hal_spi.o
    0x0800cf68   0x0800cf68   0x00000022   Code   RO         5338    i.STMFLASH_Read     stmflash.o
    0x0800cf8a   0x0800cf8a   0x00000006   Code   RO         5339    i.STMFLASH_ReadByte  stmflash.o
    0x0800cf90   0x0800cf90   0x00000020   Code   RO         5340    i.STMFLASH_ReadBytes  stmflash.o
    0x0800cfb0   0x0800cfb0   0x00000006   Code   RO         5341    i.STMFLASH_ReadHalfWord  stmflash.o
    0x0800cfb6   0x0800cfb6   0x00000002   PAD
    0x0800cfb8   0x0800cfb8   0x00000108   Code   RO         5342    i.STMFLASH_Write    stmflash.o
    0x0800d0c0   0x0800d0c0   0x0000002c   Code   RO         5343    i.STMFLASH_Write_NoCheck  stmflash.o
    0x0800d0ec   0x0800d0ec   0x00000002   Code   RO          467    i.SVC_Handler       stm32f1xx_it.o
    0x0800d0ee   0x0800d0ee   0x0000000c   Code   RO         4775    i.SoftwareDelay     application_sc8815.o
    0x0800d0fa   0x0800d0fa   0x00000008   Code   RO          468    i.SysTick_Handler   stm32f1xx_it.o
    0x0800d102   0x0800d102   0x0000008a   Code   RO           14    i.SystemClock_Config  main.o
    0x0800d18c   0x0800d18c   0x00000010   Code   RO         4062    i.SystemInit        system_stm32f1xx.o
    0x0800d19c   0x0800d19c   0x00000078   Code   RO          346    i.TIM2_Delay1us     tim.o
    0x0800d214   0x0800d214   0x00000010   Code   RO          469    i.TIM3_IRQHandler   stm32f1xx_it.o
    0x0800d224   0x0800d224   0x00000074   Code   RO         2799    i.TIM_Base_SetConfig  stm32f1xx_hal_tim.o
    0x0800d298   0x0800d298   0x00000022   Code   RO         2800    i.TIM_CCxChannelCmd  stm32f1xx_hal_tim.o
    0x0800d2ba   0x0800d2ba   0x00000016   Code   RO         2810    i.TIM_ETR_SetConfig  stm32f1xx_hal_tim.o
    0x0800d2d0   0x0800d2d0   0x00000012   Code   RO         2811    i.TIM_ITRx_SetConfig  stm32f1xx_hal_tim.o
    0x0800d2e2   0x0800d2e2   0x00000002   PAD
    0x0800d2e4   0x0800d2e4   0x00000060   Code   RO         2812    i.TIM_OC1_SetConfig  stm32f1xx_hal_tim.o
    0x0800d344   0x0800d344   0x00000068   Code   RO         2813    i.TIM_OC2_SetConfig  stm32f1xx_hal_tim.o
    0x0800d3ac   0x0800d3ac   0x00000068   Code   RO         2814    i.TIM_OC3_SetConfig  stm32f1xx_hal_tim.o
    0x0800d414   0x0800d414   0x00000048   Code   RO         2815    i.TIM_OC4_SetConfig  stm32f1xx_hal_tim.o
    0x0800d45c   0x0800d45c   0x00000026   Code   RO         2817    i.TIM_TI1_ConfigInputStage  stm32f1xx_hal_tim.o
    0x0800d482   0x0800d482   0x00000028   Code   RO         2819    i.TIM_TI2_ConfigInputStage  stm32f1xx_hal_tim.o
    0x0800d4aa   0x0800d4aa   0x00000014   Code   RO         3731    i.UART_DMAAbortOnError  stm32f1xx_hal_uart.o
    0x0800d4be   0x0800d4be   0x0000001c   Code   RO         3736    i.UART_DMARxOnlyAbortCallback  stm32f1xx_hal_uart.o
    0x0800d4da   0x0800d4da   0x0000006c   Code   RO         3741    i.UART_EndRxTransfer  stm32f1xx_hal_uart.o
    0x0800d546   0x0800d546   0x00000020   Code   RO         3742    i.UART_EndTransmit_IT  stm32f1xx_hal_uart.o
    0x0800d566   0x0800d566   0x000000fc   Code   RO         3744    i.UART_Receive_IT   stm32f1xx_hal_uart.o
    0x0800d662   0x0800d662   0x00000002   PAD
    0x0800d664   0x0800d664   0x000000fc   Code   RO         3745    i.UART_SetConfig    stm32f1xx_hal_uart.o
    0x0800d760   0x0800d760   0x00000040   Code   RO         3747    i.UART_Start_Receive_IT  stm32f1xx_hal_uart.o
    0x0800d7a0   0x0800d7a0   0x00000060   Code   RO         3748    i.UART_Transmit_IT  stm32f1xx_hal_uart.o
    0x0800d800   0x0800d800   0x00000092   Code   RO         3749    i.UART_WaitOnFlagUntilTimeout  stm32f1xx_hal_uart.o
    0x0800d892   0x0800d892   0x00000002   PAD
    0x0800d894   0x0800d894   0x000000b0   Code   RO          470    i.USART1_IRQHandler  stm32f1xx_it.o
    0x0800d944   0x0800d944   0x0000007c   Code   RO         6741    i.USBD_CDC_DataIn   usbd_cdc.o
    0x0800d9c0   0x0800d9c0   0x00000034   Code   RO         6742    i.USBD_CDC_DataOut  usbd_cdc.o
    0x0800d9f4   0x0800d9f4   0x0000004e   Code   RO         6743    i.USBD_CDC_DeInit   usbd_cdc.o
    0x0800da42   0x0800da42   0x00000032   Code   RO         6744    i.USBD_CDC_EP0_RxReady  usbd_cdc.o
    0x0800da74   0x0800da74   0x00000010   Code   RO         6745    i.USBD_CDC_GetDeviceQualifierDescriptor  usbd_cdc.o
    0x0800da84   0x0800da84   0x00000010   Code   RO         6746    i.USBD_CDC_GetFSCfgDesc  usbd_cdc.o
    0x0800da94   0x0800da94   0x00000010   Code   RO         6747    i.USBD_CDC_GetHSCfgDesc  usbd_cdc.o
    0x0800daa4   0x0800daa4   0x00000010   Code   RO         6748    i.USBD_CDC_GetOtherSpeedCfgDesc  usbd_cdc.o
    0x0800dab4   0x0800dab4   0x000000b8   Code   RO         6749    i.USBD_CDC_Init     usbd_cdc.o
    0x0800db6c   0x0800db6c   0x0000003a   Code   RO         6750    i.USBD_CDC_ReceivePacket  usbd_cdc.o
    0x0800dba6   0x0800dba6   0x0000000e   Code   RO         6751    i.USBD_CDC_RegisterInterface  usbd_cdc.o
    0x0800dbb4   0x0800dbb4   0x0000000e   Code   RO         6752    i.USBD_CDC_SetRxBuffer  usbd_cdc.o
    0x0800dbc2   0x0800dbc2   0x00000014   Code   RO         6753    i.USBD_CDC_SetTxBuffer  usbd_cdc.o
    0x0800dbd6   0x0800dbd6   0x000000f4   Code   RO         6754    i.USBD_CDC_Setup    usbd_cdc.o
    0x0800dcca   0x0800dcca   0x0000003e   Code   RO         6755    i.USBD_CDC_TransmitPacket  usbd_cdc.o
    0x0800dd08   0x0800dd08   0x00000016   Code   RO         6448    i.USBD_ClrClassConfig  usbd_core.o
    0x0800dd1e   0x0800dd1e   0x0000003e   Code   RO         6586    i.USBD_ClrFeature   usbd_ctlreq.o
    0x0800dd5c   0x0800dd5c   0x00000018   Code   RO         6681    i.USBD_CtlContinueRx  usbd_ioreq.o
    0x0800dd74   0x0800dd74   0x00000018   Code   RO         6682    i.USBD_CtlContinueSendData  usbd_ioreq.o
    0x0800dd8c   0x0800dd8c   0x00000018   Code   RO         6587    i.USBD_CtlError     usbd_ctlreq.o
    0x0800dda4   0x0800dda4   0x00000028   Code   RO         6683    i.USBD_CtlPrepareRx  usbd_ioreq.o
    0x0800ddcc   0x0800ddcc   0x0000001a   Code   RO         6684    i.USBD_CtlReceiveStatus  usbd_ioreq.o
    0x0800dde6   0x0800dde6   0x00000022   Code   RO         6685    i.USBD_CtlSendData  usbd_ioreq.o
    0x0800de08   0x0800de08   0x0000001a   Code   RO         6686    i.USBD_CtlSendStatus  usbd_ioreq.o
    0x0800de22   0x0800de22   0x00000002   PAD
    0x0800de24   0x0800de24   0x00000034   Code   RO         6090    i.USBD_FS_ConfigStrDescriptor  usbd_desc.o
    0x0800de58   0x0800de58   0x00000010   Code   RO         6091    i.USBD_FS_DeviceDescriptor  usbd_desc.o
    0x0800de68   0x0800de68   0x00000038   Code   RO         6092    i.USBD_FS_InterfaceStrDescriptor  usbd_desc.o
    0x0800dea0   0x0800dea0   0x00000010   Code   RO         6093    i.USBD_FS_LangIDStrDescriptor  usbd_desc.o
    0x0800deb0   0x0800deb0   0x0000002c   Code   RO         6094    i.USBD_FS_ManufacturerStrDescriptor  usbd_desc.o
    0x0800dedc   0x0800dedc   0x00000040   Code   RO         6095    i.USBD_FS_ProductStrDescriptor  usbd_desc.o
    0x0800df1c   0x0800df1c   0x00000018   Code   RO         6096    i.USBD_FS_SerialStrDescriptor  usbd_desc.o
    0x0800df34   0x0800df34   0x00000056   Code   RO         6588    i.USBD_GetConfig    usbd_ctlreq.o
    0x0800df8a   0x0800df8a   0x000001f4   Code   RO         6589    i.USBD_GetDescriptor  usbd_ctlreq.o
    0x0800e17e   0x0800e17e   0x00000014   Code   RO         6590    i.USBD_GetLen       usbd_ctlreq.o
    0x0800e192   0x0800e192   0x0000005a   Code   RO         6591    i.USBD_GetStatus    usbd_ctlreq.o
    0x0800e1ec   0x0800e1ec   0x00000052   Code   RO         6592    i.USBD_GetString    usbd_ctlreq.o
    0x0800e23e   0x0800e23e   0x0000002c   Code   RO         6250    i.USBD_Get_USB_Status  usbd_conf.o
    0x0800e26a   0x0800e26a   0x00000032   Code   RO         6450    i.USBD_Init         usbd_core.o
    0x0800e29c   0x0800e29c   0x00000026   Code   RO         6251    i.USBD_LL_ClearStallEP  usbd_conf.o
    0x0800e2c2   0x0800e2c2   0x00000026   Code   RO         6252    i.USBD_LL_CloseEP   usbd_conf.o
    0x0800e2e8   0x0800e2e8   0x00000100   Code   RO         6451    i.USBD_LL_DataInStage  usbd_core.o
    0x0800e3e8   0x0800e3e8   0x000000a6   Code   RO         6452    i.USBD_LL_DataOutStage  usbd_core.o
    0x0800e48e   0x0800e48e   0x00000012   Code   RO         6256    i.USBD_LL_GetRxDataSize  usbd_conf.o
    0x0800e4a0   0x0800e4a0   0x00000084   Code   RO         6257    i.USBD_LL_Init      usbd_conf.o
    0x0800e524   0x0800e524   0x00000038   Code   RO         6258    i.USBD_LL_IsStallEP  usbd_conf.o
    0x0800e55c   0x0800e55c   0x00000030   Code   RO         6259    i.USBD_LL_OpenEP    usbd_conf.o
    0x0800e58c   0x0800e58c   0x00000030   Code   RO         6260    i.USBD_LL_PrepareReceive  usbd_conf.o
    0x0800e5bc   0x0800e5bc   0x0000005c   Code   RO         6457    i.USBD_LL_Reset     usbd_core.o
    0x0800e618   0x0800e618   0x00000016   Code   RO         6458    i.USBD_LL_Resume    usbd_core.o
    0x0800e62e   0x0800e62e   0x00000022   Code   RO         6459    i.USBD_LL_SOF       usbd_core.o
    0x0800e650   0x0800e650   0x00000008   Code   RO         6460    i.USBD_LL_SetSpeed  usbd_core.o
    0x0800e658   0x0800e658   0x00000026   Code   RO         6261    i.USBD_LL_SetUSBAddress  usbd_conf.o
    0x0800e67e   0x0800e67e   0x0000006e   Code   RO         6461    i.USBD_LL_SetupStage  usbd_core.o
    0x0800e6ec   0x0800e6ec   0x00000026   Code   RO         6262    i.USBD_LL_StallEP   usbd_conf.o
    0x0800e712   0x0800e712   0x0000001e   Code   RO         6263    i.USBD_LL_Start     usbd_conf.o
    0x0800e730   0x0800e730   0x00000014   Code   RO         6462    i.USBD_LL_Suspend   usbd_core.o
    0x0800e744   0x0800e744   0x00000030   Code   RO         6265    i.USBD_LL_Transmit  usbd_conf.o
    0x0800e774   0x0800e774   0x00000028   Code   RO         6593    i.USBD_ParseSetupRequest  usbd_ctlreq.o
    0x0800e79c   0x0800e79c   0x00000010   Code   RO         6463    i.USBD_RegisterClass  usbd_core.o
    0x0800e7ac   0x0800e7ac   0x00000006   Code   RO         6464    i.USBD_RunTestMode  usbd_core.o
    0x0800e7b2   0x0800e7b2   0x0000005a   Code   RO         6594    i.USBD_SetAddress   usbd_ctlreq.o
    0x0800e80c   0x0800e80c   0x00000022   Code   RO         6465    i.USBD_SetClassConfig  usbd_core.o
    0x0800e82e   0x0800e82e   0x00000002   PAD
    0x0800e830   0x0800e830   0x000000e8   Code   RO         6595    i.USBD_SetConfig    usbd_ctlreq.o
    0x0800e918   0x0800e918   0x00000018   Code   RO         6596    i.USBD_SetFeature   usbd_ctlreq.o
    0x0800e930   0x0800e930   0x0000000e   Code   RO         6466    i.USBD_Start        usbd_core.o
    0x0800e93e   0x0800e93e   0x000000a2   Code   RO         6597    i.USBD_StdDevReq    usbd_ctlreq.o
    0x0800e9e0   0x0800e9e0   0x00000238   Code   RO         6598    i.USBD_StdEPReq     usbd_ctlreq.o
    0x0800ec18   0x0800ec18   0x0000007e   Code   RO         6599    i.USBD_StdItfReq    usbd_ctlreq.o
    0x0800ec96   0x0800ec96   0x00000002   Code   RO         6266    i.USBD_static_free  usbd_conf.o
    0x0800ec98   0x0800ec98   0x0000000c   Code   RO         6267    i.USBD_static_malloc  usbd_conf.o
    0x0800eca4   0x0800eca4   0x000004b0   Code   RO          912    i.USB_ActivateEndpoint  stm32f1xx_ll_usb.o
    0x0800f154   0x0800f154   0x00000008   Code   RO          915    i.USB_CoreInit      stm32f1xx_ll_usb.o
    0x0800f15c   0x0800f15c   0x0000027c   Code   RO          917    i.USB_DeactivateEndpoint  stm32f1xx_ll_usb.o
    0x0800f3d8   0x0800f3d8   0x00000006   Code   RO          918    i.USB_DevConnect    stm32f1xx_ll_usb.o
    0x0800f3de   0x0800f3de   0x00000006   Code   RO          919    i.USB_DevDisconnect  stm32f1xx_ll_usb.o
    0x0800f3e4   0x0800f3e4   0x00000016   Code   RO          920    i.USB_DevInit       stm32f1xx_ll_usb.o
    0x0800f3fa   0x0800f3fa   0x00000014   Code   RO          921    i.USB_DisableGlobalInt  stm32f1xx_ll_usb.o
    0x0800f40e   0x0800f40e   0x00000006   Code   RO          922    i.USB_EP0_OutStart  stm32f1xx_ll_usb.o
    0x0800f414   0x0800f414   0x000000da   Code   RO          923    i.USB_EPClearStall  stm32f1xx_ll_usb.o
    0x0800f4ee   0x0800f4ee   0x0000005c   Code   RO          924    i.USB_EPSetStall    stm32f1xx_ll_usb.o
    0x0800f54a   0x0800f54a   0x00000a50   Code   RO          925    i.USB_EPStartXfer   stm32f1xx_ll_usb.o
    0x0800ff9a   0x0800ff9a   0x00000012   Code   RO          927    i.USB_EnableGlobalInt  stm32f1xx_ll_usb.o
    0x0800ffac   0x0800ffac   0x00000010   Code   RO          471    i.USB_LP_CAN1_RX0_IRQHandler  stm32f1xx_it.o
    0x0800ffbc   0x0800ffbc   0x00000008   Code   RO          934    i.USB_ReadInterrupts  stm32f1xx_ll_usb.o
    0x0800ffc4   0x0800ffc4   0x0000004a   Code   RO          935    i.USB_ReadPMA       stm32f1xx_ll_usb.o
    0x0801000e   0x0801000e   0x00000006   Code   RO          936    i.USB_SetCurrentMode  stm32f1xx_ll_usb.o
    0x08010014   0x08010014   0x0000000e   Code   RO          937    i.USB_SetDevAddress  stm32f1xx_ll_usb.o
    0x08010022   0x08010022   0x00000040   Code   RO          939    i.USB_WritePMA      stm32f1xx_ll_usb.o
    0x08010062   0x08010062   0x00000004   Code   RO          472    i.UsageFault_Handler  stm32f1xx_it.o
    0x08010066   0x08010066   0x00000002   PAD
    0x08010068   0x08010068   0x00000020   Code   RO         7111    i.__0printf         mc_w.l(printfa.o)
    0x08010088   0x08010088   0x00000028   Code   RO         7113    i.__0sprintf        mc_w.l(printfa.o)
    0x080100b0   0x080100b0   0x00000034   Code   RO         7116    i.__0vsnprintf      mc_w.l(printfa.o)
    0x080100e4   0x080100e4   0x00000028   Code   RO         7201    i.__ARM_fpclassify  m_ws.l(fpclassify.o)
    0x0801010c   0x0801010c   0x00000010   Code   RO         1593    i.__NVIC_GetPriorityGrouping  stm32f1xx_hal_cortex.o
    0x0801011c   0x0801011c   0x00000028   Code   RO         1594    i.__NVIC_SetPriority  stm32f1xx_hal_cortex.o
    0x08010144   0x08010144   0x000000aa   Code   RO         7203    i.__kernel_poly     m_ws.l(poly.o)
    0x080101ee   0x080101ee   0x00000002   PAD
    0x080101f0   0x080101f0   0x00000010   Code   RO         7187    i.__mathlib_dbl_divzero  m_ws.l(dunder.o)
    0x08010200   0x08010200   0x00000004   Code   RO         7189    i.__mathlib_dbl_infnan2  m_ws.l(dunder.o)
    0x08010204   0x08010204   0x0000000c   Code   RO         7190    i.__mathlib_dbl_invalid  m_ws.l(dunder.o)
    0x08010210   0x08010210   0x0000000e   Code   RO         7191    i.__mathlib_dbl_overflow  m_ws.l(dunder.o)
    0x0801021e   0x0801021e   0x00000002   PAD
    0x08010220   0x08010220   0x00000010   Code   RO         7193    i.__mathlib_dbl_underflow  m_ws.l(dunder.o)
    0x08010230   0x08010230   0x0000000e   Code   RO         7278    i.__scatterload_copy  mc_w.l(handlers.o)
    0x0801023e   0x0801023e   0x00000002   Code   RO         7279    i.__scatterload_null  mc_w.l(handlers.o)
    0x08010240   0x08010240   0x0000000e   Code   RO         7280    i.__scatterload_zeroinit  mc_w.l(handlers.o)
    0x0801024e   0x0801024e   0x00000002   PAD
    0x08010250   0x08010250   0x0000000c   Code   RO         7243    i.__set_errno       mc_w.l(errno.o)
    0x0801025c   0x0801025c   0x00000184   Code   RO         7118    i._fp_digits        mc_w.l(printfa.o)
    0x080103e0   0x080103e0   0x0000000e   Code   RO         7145    i._is_digit         mc_w.l(scanf_fp.o)
    0x080103ee   0x080103ee   0x00000002   PAD
    0x080103f0   0x080103f0   0x000006b4   Code   RO         7119    i._printf_core      mc_w.l(printfa.o)
    0x08010aa4   0x08010aa4   0x00000024   Code   RO         7120    i._printf_post_padding  mc_w.l(printfa.o)
    0x08010ac8   0x08010ac8   0x0000002e   Code   RO         7121    i._printf_pre_padding  mc_w.l(printfa.o)
    0x08010af6   0x08010af6   0x00000016   Code   RO         7122    i._snputc           mc_w.l(printfa.o)
    0x08010b0c   0x08010b0c   0x0000000a   Code   RO         7123    i._sputc            mc_w.l(printfa.o)
    0x08010b16   0x08010b16   0x00000002   PAD
    0x08010b18   0x08010b18   0x00000028   Code   RO         5404    i.about_page_process  menu.o
    0x08010b40   0x08010b40   0x000000b0   Code   RO         5536    i.about_page_ui_process  menu_ui.o
    0x08010bf0   0x08010bf0   0x000000c4   Code   RO         4103    i.app_config_load   application.o
    0x08010cb4   0x08010cb4   0x00000080   Code   RO         4104    i.app_config_save   application.o
    0x08010d34   0x08010d34   0x0000006c   Code   RO         5704    i.ascii_process     msg_cmd.o
    0x08010da0   0x08010da0   0x0000009c   Code   RO         5405    i.buzzer_page_process  menu.o
    0x08010e3c   0x08010e3c   0x00000094   Code   RO         5537    i.buzzer_page_ui_process  menu_ui.o
    0x08010ed0   0x08010ed0   0x00000020   Code   RO         5225    i.delay             lcd_init.o
    0x08010ef0   0x08010ef0   0x00000054   Code   RO         5406    i.fastch_page_process  menu.o
    0x08010f44   0x08010f44   0x000003e8   Code   RO         5538    i.fastch_page_ui_process  menu_ui.o
    0x0801132c   0x0801132c   0x0000001c   Code   RO         4353    i.fputc             uart_debug.o
    0x08011348   0x08011348   0x00000044   Code   RO         5705    i.get_fetch_current_handler  msg_cmd.o
    0x0801138c   0x0801138c   0x00000060   Code   RO         5706    i.get_fetch_power_handler  msg_cmd.o
    0x080113ec   0x080113ec   0x00000044   Code   RO         5707    i.get_fetch_voltage_handler  msg_cmd.o
    0x08011430   0x08011430   0x000000c0   Code   RO         4246    i.get_msg           application_callback.o
    0x080114f0   0x080114f0   0x0000002c   Code   RO         5708    i.get_msg_handler   msg_cmd.o
    0x0801151c   0x0801151c   0x00000028   Code   RO         5709    i.get_versions_handler  msg_cmd.o
    0x08011544   0x08011544   0x0000001a   Code   RO         4105    i.htonl             application.o
    0x0801155e   0x0801155e   0x00000002   PAD
    0x08011560   0x08011560   0x000001f0   Code   RO         5917    i.husb238_init      husb238.o
    0x08011750   0x08011750   0x0000003c   Code   RO         4776    i.i2c_Ack           application_sc8815.o
    0x0801178c   0x0801178c   0x00000034   Code   RO         4777    i.i2c_NAck          application_sc8815.o
    0x080117c0   0x080117c0   0x00000048   Code   RO         4778    i.i2c_ReadByte      application_sc8815.o
    0x08011808   0x08011808   0x00000054   Code   RO         4779    i.i2c_SendByte      application_sc8815.o
    0x0801185c   0x0801185c   0x0000003c   Code   RO         4780    i.i2c_Start         application_sc8815.o
    0x08011898   0x08011898   0x0000002c   Code   RO         4781    i.i2c_Stop          application_sc8815.o
    0x080118c4   0x080118c4   0x00000034   Code   RO         4782    i.i2c_WaitAck       application_sc8815.o
    0x080118f8   0x080118f8   0x000000a4   Code   RO         5407    i.iout_page_process  menu.o
    0x0801199c   0x0801199c   0x000001e0   Code   RO         5539    i.iout_page_ui_process  menu_ui.o
    0x08011b7c   0x08011b7c   0x00000030   Code   RO         4106    i.key1_button_process  application.o
    0x08011bac   0x08011bac   0x00000078   Code   RO         4107    i.key2_button_process  application.o
    0x08011c24   0x08011c24   0x00000084   Code   RO         4108    i.key3_button_process  application.o
    0x08011ca8   0x08011ca8   0x00000044   Code   RO         4109    i.key4_button_process  application.o
    0x08011cec   0x08011cec   0x0000002c   Code   RO         5710    i.lock_key_handler  msg_cmd.o
    0x08011d18   0x08011d18   0x00000038   Code   RO           15    i.main              main.o
    0x08011d50   0x08011d50   0x0000011c   Code   RO         5540    i.main_menu_Init    menu_ui.o
    0x08011e6c   0x08011e6c   0x00000084   Code   RO         5408    i.main_menu_page_process  menu.o
    0x08011ef0   0x08011ef0   0x000001dc   Code   RO         5541    i.main_menu_page_ui_process  menu_ui.o
    0x080120cc   0x080120cc   0x00000024   Code   RO         5542    i.main_page_init    menu_ui.o
    0x080120f0   0x080120f0   0x0000005c   Code   RO         5409    i.main_page_process  menu.o
    0x0801214c   0x0801214c   0x00000016   Code   RO         5103    i.mypow             lcd.o
    0x08012162   0x08012162   0x00000002   PAD
    0x08012164   0x08012164   0x000009d8   Code   RO         6844    i.pow               m_ws.l(pow.o)
    0x08012b3c   0x08012b3c   0x000000b4   Code   RO         5410    i.presset_config_page_process  menu.o
    0x08012bf0   0x08012bf0   0x000001c0   Code   RO         5543    i.presset_config_page_ui_process  menu_ui.o
    0x08012db0   0x08012db0   0x00000108   Code   RO         5411    i.presset_config_set_page_process  menu.o
    0x08012eb8   0x08012eb8   0x00000214   Code   RO         5324    i.presset_config_set_page_show  application_lcd.o
    0x080130cc   0x080130cc   0x00000064   Code   RO         5544    i.presset_config_set_page_ui_process  menu_ui.o
    0x08013130   0x08013130   0x0000009c   Code   RO         5412    i.presset_page_process  menu.o
    0x080131cc   0x080131cc   0x000001e8   Code   RO         5545    i.presset_page_ui_process  menu_ui.o
    0x080133b4   0x080133b4   0x00000080   Code   RO         5413    i.presset_running_page_process  menu.o
    0x08013434   0x08013434   0x0000011c   Code   RO         5414    i.presset_start_page_process  menu.o
    0x08013550   0x08013550   0x0000001e   Code   RO         5415    i.protect_page_process  menu.o
    0x0801356e   0x0801356e   0x00000002   PAD
    0x08013570   0x08013570   0x000000a0   Code   RO         5546    i.protect_page_ui_process  menu_ui.o
    0x08013610   0x08013610   0x00000050   Code   RO         4110    i.rotary_knob_process  application.o
    0x08013660   0x08013660   0x00000030   Code   RO         5711    i.save_config_handler  msg_cmd.o
    0x08013690   0x08013690   0x000001fc   Code   RO         4247    i.sc8815_tim_work   application_callback.o
    0x0801388c   0x0801388c   0x00000038   Code   RO         5712    i.setCSEL_handler   msg_cmd.o
    0x080138c4   0x080138c4   0x00000040   Code   RO         5713    i.setDITHER_handler  msg_cmd.o
    0x08013904   0x08013904   0x00000038   Code   RO         5714    i.setDeadTime_handler  msg_cmd.o
    0x0801393c   0x0801393c   0x00000038   Code   RO         5715    i.setFB_Mode_handler  msg_cmd.o
    0x08013974   0x08013974   0x00000054   Code   RO         5716    i.setIBAT_handler   msg_cmd.o
    0x080139c8   0x080139c8   0x00000080   Code   RO         5717    i.setIBUS_handler   msg_cmd.o
    0x08013a48   0x08013a48   0x00000038   Code   RO         5718    i.setILIM_BW_handler  msg_cmd.o
    0x08013a80   0x08013a80   0x00000040   Code   RO         5719    i.setIRCOMP_handler  msg_cmd.o
    0x08013ac0   0x08013ac0   0x00000040   Code   RO         5720    i.setSLEW_SET_handler  msg_cmd.o
    0x08013b00   0x08013b00   0x00000058   Code   RO         5721    i.setSW_FREQ_handler  msg_cmd.o
    0x08013b58   0x08013b58   0x00000040   Code   RO         5722    i.setVBAT_SEL_handler  msg_cmd.o
    0x08013b98   0x08013b98   0x00000078   Code   RO         5723    i.setVBUS_handler   msg_cmd.o
    0x08013c10   0x08013c10   0x00000040   Code   RO         5724    i.setVCELL_handler  msg_cmd.o
    0x08013c50   0x08013c50   0x000000d8   Code   RO         5725    i.set_current_handler  msg_cmd.o
    0x08013d28   0x08013d28   0x0000000e   Code   RO         5726    i.set_current_port_handler  msg_cmd.o
    0x08013d36   0x08013d36   0x00000002   PAD
    0x08013d38   0x08013d38   0x0000003c   Code   RO         5727    i.set_current_step_handler  msg_cmd.o
    0x08013d74   0x08013d74   0x00000104   Code   RO         5655    i.set_dc_limit      hardware_setting.o
    0x08013e78   0x08013e78   0x00000130   Code   RO         5656    i.set_fastcharge    hardware_setting.o
    0x08013fa8   0x08013fa8   0x00000124   Code   RO         5657    i.set_iout          hardware_setting.o
    0x080140cc   0x080140cc   0x000000e8   Code   RO         5728    i.set_preset_handler  msg_cmd.o
    0x080141b4   0x080141b4   0x000003bc   Code   RO         5658    i.set_presset_config  hardware_setting.o
    0x08014570   0x08014570   0x00000074   Code   RO         5729    i.set_switch_handler  msg_cmd.o
    0x080145e4   0x080145e4   0x000000c0   Code   RO         5730    i.set_voltage_handler  msg_cmd.o
    0x080146a4   0x080146a4   0x0000000e   Code   RO         5731    i.set_voltage_limit_handler  msg_cmd.o
    0x080146b2   0x080146b2   0x0000000e   Code   RO         5732    i.set_voltage_prot_handler  msg_cmd.o
    0x080146c0   0x080146c0   0x0000003c   Code   RO         5733    i.set_voltage_step_handler  msg_cmd.o
    0x080146fc   0x080146fc   0x00000154   Code   RO         5659    i.set_vout          hardware_setting.o
    0x08014850   0x08014850   0x0000004e   Code   RO         5734    i.splitString       msg_cmd.o
    0x0801489e   0x0801489e   0x0000004c   Code   RO         7207    i.sqrt              m_ws.l(sqrt.o)
    0x080148ea   0x080148ea   0x00000002   PAD
    0x080148ec   0x080148ec   0x000000ac   Code   RO         5735    i.start_preset_handler  msg_cmd.o
    0x08014998   0x08014998   0x000000c0   Code   RO         5416    i.temperature_page_process  menu.o
    0x08014a58   0x08014a58   0x00000208   Code   RO         5547    i.temperature_page_ui_process  menu_ui.o
    0x08014c60   0x08014c60   0x0000001c   Code   RO         5918    i.to_current        husb238.o
    0x08014c7c   0x08014c7c   0x00000098   Code   RO         5736    i.upgrade_app_handler  msg_cmd.o
    0x08014d14   0x08014d14   0x00000030   Code   RO         6176    i.usb_printf        usbd_cdc_if.o
    0x08014d44   0x08014d44   0x000000d4   Code   RO         5417    i.vout_page_process  menu.o
    0x08014e18   0x08014e18   0x00000208   Code   RO         5548    i.vout_page_ui_process  menu_ui.o
    0x08015020   0x08015020   0x00000012   Data   RO         1287    .constdata          stm32f1xx_hal_rcc.o
    0x08015032   0x08015032   0x00000012   Data   RO         1383    .constdata          stm32f1xx_hal_rcc_ex.o
    0x08015044   0x08015044   0x00000018   Data   RO         4063    .constdata          system_stm32f1xx.o
    0x0801505c   0x0801505c   0x00003bee   Data   RO         5104    .constdata          lcd.o
    0x08018c4a   0x08018c4a   0x00000002   PAD
    0x08018c4c   0x08018c4c   0x0000000c   Data   RO         5419    .constdata          menu.o
    0x08018c58   0x08018c58   0x00003800   Data   RO         5549    .constdata          menu_ui.o
    0x0801c458   0x0801c458   0x000000f8   Data   RO         5738    .constdata          msg_cmd.o
    0x0801c550   0x0801c550   0x00000088   Data   RO         6845    .constdata          m_ws.l(pow.o)
    0x0801c5d8   0x0801c5d8   0x00000008   Data   RO         7205    .constdata          m_ws.l(qnan.o)
    0x0801c5e0   0x0801c5e0   0x00000040   Data   RO         7274    .constdata          mc_w.l(ctype_c.o)
    0x0801c620   0x0801c620   0x00000035   Data   RO         5291    .conststring        application_lcd.o
    0x0801c655   0x0801c655   0x00000003   PAD
    0x0801c658   0x0801c658   0x00000144   Data   RO         5739    .conststring        msg_cmd.o
    0x0801c79c   0x0801c79c   0x00000020   Data   RO         7276    Region$$Table       anon$$obj.o


    Execution Region RW_IRAM1 (Exec base: 0x20000000, Load base: 0x0801c7bc, Size: 0x00003068, Max: 0x00005000, ABSOLUTE, COMPRESSED[0x000001c8])

    Exec Addr    Load Addr    Size         Type   Attr      Idx    E Section Name        Object

    0x20000000   COMPRESSED   0x00000009   Data   RW         1123    .data               stm32f1xx_hal.o
    0x20000009   COMPRESSED   0x00000003   PAD
    0x2000000c   COMPRESSED   0x00000004   Data   RW         4064    .data               system_stm32f1xx.o
    0x20000010   COMPRESSED   0x00000016   Data   RW         4112    .data               application.o
    0x20000026   COMPRESSED   0x00000002   PAD
    0x20000028   COMPRESSED   0x0000000c   Data   RW         4248    .data               application_callback.o
    0x20000034   COMPRESSED   0x00000009   Data   RW         4447    .data               sc8815.o
    0x2000003d   COMPRESSED   0x00000003   PAD
    0x20000040   COMPRESSED   0x00000010   Data   RW         4976    .data               application_adc.o
    0x20000050   COMPRESSED   0x00000003   Data   RW         5227    .data               lcd_init.o
    0x20000053   COMPRESSED   0x00000001   PAD
    0x20000054   COMPRESSED   0x00000084   Data   RW         5420    .data               menu.o
    0x200000d8   COMPRESSED   0x000000ac   Data   RW         5550    .data               menu_ui.o
    0x20000184   COMPRESSED   0x00000008   Data   RW         5740    .data               msg_cmd.o
    0x2000018c   COMPRESSED   0x00000050   Data   RW         5919    .data               husb238.o
    0x200001dc   COMPRESSED   0x0000004e   Data   RW         6098    .data               usbd_desc.o
    0x2000022a   COMPRESSED   0x00000002   PAD
    0x2000022c   COMPRESSED   0x00000010   Data   RW         6178    .data               usbd_cdc_if.o
    0x2000023c   COMPRESSED   0x00000001   Data   RW         6600    .data               usbd_ctlreq.o
    0x2000023d   COMPRESSED   0x00000003   PAD
    0x20000240   COMPRESSED   0x0000010f   Data   RW         6756    .data               usbd_cdc.o
    0x2000034f   COMPRESSED   0x00000001   PAD
    0x20000350   COMPRESSED   0x00000004   Data   RW         6869    .data               mc_w.l(strtok.o)
    0x20000354   COMPRESSED   0x00000004   Data   RW         7230    .data               mc_w.l(stdout.o)
    0x20000358   COMPRESSED   0x00000004   Data   RW         7244    .data               mc_w.l(errno.o)
    0x2000035c        -       0x00000074   Zero   RW          233    .bss                adc.o
    0x200003d0        -       0x0000009c   Zero   RW          299    .bss                spi.o
    0x2000046c        -       0x000000d8   Zero   RW          347    .bss                tim.o
    0x20000544        -       0x00000048   Zero   RW          419    .bss                usart.o
    0x2000058c   COMPRESSED   0x00000004   PAD
    0x20000590        -       0x00000020   Zero   RW         1839    .bss                stm32f1xx_hal_flash.o
    0x200005b0        -       0x0000002c   Zero   RW         4111    .bss                application.o
    0x200005dc        -       0x00000015   Zero   RW         4446    .bss                sc8815.o
    0x200005f1   COMPRESSED   0x00000003   PAD
    0x200005f4        -       0x00000e68   Zero   RW         4783    .bss                application_sc8815.o
    0x2000145c        -       0x00000080   Zero   RW         5226    .bss                lcd_init.o
    0x200014dc   COMPRESSED   0x00000004   PAD
    0x200014e0        -       0x00000420   Zero   RW         5344    .bss                stmflash.o
    0x20001900        -       0x00000180   Zero   RW         5418    .bss                menu.o
    0x20001a80        -       0x00000014   Zero   RW         5737    .bss                msg_cmd.o
    0x20001a94        -       0x000002c4   Zero   RW         6058    .bss                usb_device.o
    0x20001d58        -       0x00000200   Zero   RW         6097    .bss                usbd_desc.o
    0x20001f58        -       0x00000800   Zero   RW         6177    .bss                usbd_cdc_if.o
    0x20002758        -       0x00000510   Zero   RW         6268    .bss                usbd_conf.o
    0x20002c68        -       0x00000400   Zero   RW            1    STACK               startup_stm32f103xb.o


==============================================================================

Image component sizes


      Code (inc. data)   RO Data    RW Data    ZI Data      Debug   Object Name

       336         30          0          0        116       1771   adc.o
      1278        154          0         22         44      13831   application.o
       624        120          0         16          0       5101   application_adc.o
        48          8          0          0          0        534   application_buzzer.o
      1028         96          0         12          0       6122   application_callback.o
       188         46          0          0          0       2455   application_init.o
      2856        294         53          0          0       3689   application_lcd.o
      1768        272          0          0       3688      14997   application_sc8815.o
        68          4          0          0          0        730   dma.o
       388         26          0          0          0       1059   gpio.o
      2152        180          0          0          0       3699   hardware_setting.o
       836        114          0         80          0       6454   husb238.o
       426         56          0          0          0       2712   ina226.o
      2480         82      15342          0          0      12861   lcd.o
       738         32          0          3        128       4596   lcd_init.o
       204          0          0          0          0     475580   main.o
      2514        330         12        132        384      13195   menu.o
      6448        664      14336        172          0      13523   menu_ui.o
      2800        388        572          8         20      53626   msg_cmd.o
      1194         22          0          9         21      14191   sc8815.o
       264         30          0          0        156       1678   spi.o
        36          8        236          0       1024        792   startup_stm32f103xb.o
       192         36          0          9          0       5809   stm32f1xx_hal.o
      1428         56          0          0          0       8226   stm32f1xx_hal_adc.o
       284          6          0          0          0       1442   stm32f1xx_hal_adc_ex.o
       304         22          0          0          0      29359   stm32f1xx_hal_cortex.o
       986         12          0          0          0       5349   stm32f1xx_hal_dma.o
       520         48          0          0         32       4094   stm32f1xx_hal_flash.o
       856         38          0          0          0       3866   stm32f1xx_hal_gpio.o
        84          8          0          0          0        874   stm32f1xx_hal_msp.o
      4506          0          0          0          0      14953   stm32f1xx_hal_pcd.o
        68          0          0          0          0       1158   stm32f1xx_hal_pcd_ex.o
      1748         98         18          0          0       5888   stm32f1xx_hal_rcc.o
       556         34         18          0          0       2341   stm32f1xx_hal_rcc_ex.o
      1332         20          0          0          0       8942   stm32f1xx_hal_spi.o
      2278         64          0          0          0      15597   stm32f1xx_hal_tim.o
       252         14          0          0          0       3173   stm32f1xx_hal_tim_ex.o
      2302         12          0          0          0      13903   stm32f1xx_hal_uart.o
       302         66          0          0          0       7380   stm32f1xx_it.o
      5038          0          0          0          0      18799   stm32f1xx_ll_usb.o
       426         20          0          0       1056       5052   stmflash.o
        16          8         24          4          0       1159   system_stm32f1xx.o
       760         60          0          0        216       4592   tim.o
        28          6          0          0          0       1772   uart_debug.o
       264         22          0          0         72       1678   usart.o
        76         16          0          0        708        740   usb_device.o
       964         24          0        271          0      12862   usbd_cdc.o
       324         56          0         16       2048       4761   usbd_cdc_if.o
       842         30          0          0       1296      14593   usbd_conf.o
       850          0          0          0          0       9779   usbd_core.o
      2106         28          0          1          0      10528   usbd_ctlreq.o
       386        122          0         78        512       6493   usbd_desc.o
       174          0          0          0          0       4464   usbd_ioreq.o

    ----------------------------------------------------------------------
     58976       3882      30648        848      11532     882822   Object Totals
         0          0         32          0          0          0   (incl. Generated)
        50          0          5         15         11          0   (incl. Padding)

    ----------------------------------------------------------------------

      Code (inc. data)   RO Data    RW Data    ZI Data      Debug   Library Member Name

        62         10          0          0          0        340   dunder.o
        40          0          0          0          0         68   fpclassify.o
       170          0          0          0          0         96   poly.o
      2520        190        136          0          0        324   pow.o
         0          0          8          0          0          0   qnan.o
        76          0          0          0          0         84   sqrt.o
        56          8          0          0          0         84   __0sscanf.o
        86          0          0          0          0          0   __dczerorl2.o
        28          0          0          0          0         68   _chval.o
       816          6          0          0          0        112   _scanf.o
       332          0          0          0          0         96   _scanf_int.o
        64          0          0          0          0         84   _sgetc.o
        40          6         64          0          0         68   ctype_c.o
         0          0          0          0          0          0   entry.o
         0          0          0          0          0          0   entry10a.o
         0          0          0          0          0          0   entry11a.o
         4          0          0          0          0          0   entry12b.o
         8          4          0          0          0          0   entry2.o
         4          0          0          0          0          0   entry5.o
         0          0          0          0          0          0   entry7b.o
         0          0          0          0          0          0   entry8b.o
         8          4          0          0          0          0   entry9a.o
        12          6          0          4          0         68   errno.o
        30          0          0          0          0          0   handlers.o
        36          8          0          0          0         68   init.o
        10          0          0          0          0         68   isspace_c.o
         0          0          0          0          0          0   iusefp.o
        30          0          0          0          0         68   llshl.o
        36          0          0          0          0         68   llsshr.o
        32          0          0          0          0         68   llushr.o
        36          0          0          0          0         68   memcpya.o
        36          0          0          0          0        108   memseta.o
      2342        102          0          0          0        764   printfa.o
        40          8          0          0          0         84   scanf_char.o
       878         12          0          0          0        216   scanf_fp.o
         0          0          0          4          0          0   stdout.o
        42          0          0          0          0         84   strcasecmp.o
        20          0          0          0          0         68   strchr.o
        14          0          0          0          0         68   strlen.o
        36          0          0          0          0         80   strstr.o
        68          6          0          4          0         80   strtok.o
        12          0          0          0          0         68   tolower.o
        44          0          0          0          0         80   uidiv.o
        98          0          0          0          0         92   uldiv.o
        48          0          0          0          0         68   cdcmple.o
        48          0          0          0          0         68   cdrcmple.o
        20          0          0          0          0         68   cfcmple.o
        20          0          0          0          0         68   cfrcmple.o
        56          0          0          0          0         88   d2f.o
       334          0          0          0          0        148   dadd.o
       222          0          0          0          0        100   ddiv.o
       186          0          0          0          0        176   depilogue.o
        62          0          0          0          0         80   dfixi.o
        50          0          0          0          0         76   dfixui.o
        48          0          0          0          0         68   dfixul.o
        34          0          0          0          0         76   dflti.o
        26          0          0          0          0         76   dfltui.o
        24          0          0          0          0         76   dfltul.o
       228          0          0          0          0         96   dmul.o
        46          0          0          0          0         80   dscalb.o
       162          0          0          0          0        100   dsqrt.o
        38          0          0          0          0         68   f2d.o
       176          0          0          0          0        140   fadd.o
       124          0          0          0          0         88   fdiv.o
       110          0          0          0          0        168   fepilogue.o
        50          0          0          0          0         68   ffixi.o
        40          0          0          0          0         68   ffixui.o
        10          0          0          0          0         68   ffltui.o
       100          0          0          0          0         76   fmul.o

    ----------------------------------------------------------------------
     10452        370        208         12          0       5948   Library Totals
        24          0          0          0          0          0   (incl. Padding)

    ----------------------------------------------------------------------

      Code (inc. data)   RO Data    RW Data    ZI Data      Debug   Library Name

      2868        200        144          0          0        912   m_ws.l
      5298        170         64         12          0       2780   mc_w.l
      2262          0          0          0          0       2256   mf_w.l

    ----------------------------------------------------------------------
     10452        370        208         12          0       5948   Library Totals

    ----------------------------------------------------------------------

==============================================================================


      Code (inc. data)   RO Data    RW Data    ZI Data      Debug   

     69428       4252      30856        860      11532     862794   Grand Totals
     69428       4252      30856        456      11532     862794   ELF Image Totals (compressed)
     69428       4252      30856        456          0          0   ROM Totals

==============================================================================

    Total RO  Size (Code + RO Data)               100284 (  97.93kB)
    Total RW  Size (RW Data + ZI Data)             12392 (  12.10kB)
    Total ROM Size (Code + RO Data + RW Data)     100740 (  98.38kB)

==============================================================================

